Archive member included because of file (symbol)

/Users/DW/Google_Drive/Makeathon_Mine/Eclipse_Workspace/acc_logging/Release/arduino.ar(variant.cpp.o)
                              ./libraries/SPI/SPI.cpp.o (sercom4)
/Users/DW/Google_Drive/Makeathon_Mine/Eclipse_Workspace/acc_logging/Release/arduino.ar(CDC.cpp.o)
                              ./.ino.cpp.o (Serial_::write(unsigned char))
/Users/DW/Google_Drive/Makeathon_Mine/Eclipse_Workspace/acc_logging/Release/arduino.ar(USBCore.cpp.o)
                              /Users/DW/Google_Drive/Makeathon_Mine/Eclipse_Workspace/acc_logging/Release/arduino.ar(CDC.cpp.o) (USBDeviceClass::available(unsigned long))
/Users/DW/Google_Drive/Makeathon_Mine/Eclipse_Workspace/acc_logging/Release/arduino.ar(Print.cpp.o)
                              ./libraries/Wire/Wire.cpp.o (Print::write(unsigned char const*, unsigned int))
/Users/DW/Google_Drive/Makeathon_Mine/Eclipse_Workspace/acc_logging/Release/arduino.ar(Reset.cpp.o)
                              /Users/DW/Google_Drive/Makeathon_Mine/Eclipse_Workspace/acc_logging/Release/arduino.ar(CDC.cpp.o) (initiateReset)
/Users/DW/Google_Drive/Makeathon_Mine/Eclipse_Workspace/acc_logging/Release/arduino.ar(RingBuffer.cpp.o)
                              ./libraries/Wire/Wire.cpp.o (RingBuffer::RingBuffer())
/Users/DW/Google_Drive/Makeathon_Mine/Eclipse_Workspace/acc_logging/Release/arduino.ar(SERCOM.cpp.o)
                              /Users/DW/Google_Drive/Makeathon_Mine/Eclipse_Workspace/acc_logging/Release/arduino.ar(variant.cpp.o) (SERCOM::SERCOM(Sercom*))
/Users/DW/Google_Drive/Makeathon_Mine/Eclipse_Workspace/acc_logging/Release/arduino.ar(Uart.cpp.o)
                              /Users/DW/Google_Drive/Makeathon_Mine/Eclipse_Workspace/acc_logging/Release/arduino.ar(variant.cpp.o) (Uart::Uart(SERCOM*, unsigned char, unsigned char, SercomRXPad, SercomUartTXPad))
/Users/DW/Google_Drive/Makeathon_Mine/Eclipse_Workspace/acc_logging/Release/arduino.ar(WString.cpp.o)
                              ./.ino.cpp.o (String::~String())
/Users/DW/Google_Drive/Makeathon_Mine/Eclipse_Workspace/acc_logging/Release/arduino.ar(abi.cpp.o)
                              ./.ino.cpp.o (__cxa_pure_virtual)
/Users/DW/Google_Drive/Makeathon_Mine/Eclipse_Workspace/acc_logging/Release/arduino.ar(cortex_handlers.c.o)
                              (Reset_Handler)
/Users/DW/Google_Drive/Makeathon_Mine/Eclipse_Workspace/acc_logging/Release/arduino.ar(delay.c.o)
                              ./libraries/SD/src/utility/Sd2Card.cpp.o (millis)
/Users/DW/Google_Drive/Makeathon_Mine/Eclipse_Workspace/acc_logging/Release/arduino.ar(hooks.c.o)
                              /Users/DW/Google_Drive/Makeathon_Mine/Eclipse_Workspace/acc_logging/Release/arduino.ar(delay.c.o) (yield)
/Users/DW/Google_Drive/Makeathon_Mine/Eclipse_Workspace/acc_logging/Release/arduino.ar(itoa.c.o)
                              /Users/DW/Google_Drive/Makeathon_Mine/Eclipse_Workspace/acc_logging/Release/arduino.ar(WString.cpp.o) (ltoa)
/Users/DW/Google_Drive/Makeathon_Mine/Eclipse_Workspace/acc_logging/Release/arduino.ar(main.cpp.o)
                              /Applications/sloeber.app/Contents/Eclipse/arduinoPlugin/packages/arduino/tools/arm-none-eabi-gcc/4.8.3-2014q1/bin/../lib/gcc/arm-none-eabi/4.8.3/../../../../arm-none-eabi/lib/armv6-m/crt0.o (main)
/Users/DW/Google_Drive/Makeathon_Mine/Eclipse_Workspace/acc_logging/Release/arduino.ar(new.cpp.o)
                              /Users/DW/Google_Drive/Makeathon_Mine/Eclipse_Workspace/acc_logging/Release/arduino.ar(USBCore.cpp.o) (operator new(unsigned int))
/Users/DW/Google_Drive/Makeathon_Mine/Eclipse_Workspace/acc_logging/Release/arduino.ar(startup.c.o)
                              /Users/DW/Google_Drive/Makeathon_Mine/Eclipse_Workspace/acc_logging/Release/arduino.ar(cortex_handlers.c.o) (SystemInit)
/Users/DW/Google_Drive/Makeathon_Mine/Eclipse_Workspace/acc_logging/Release/arduino.ar(wiring.c.o)
                              /Users/DW/Google_Drive/Makeathon_Mine/Eclipse_Workspace/acc_logging/Release/arduino.ar(main.cpp.o) (init)
/Users/DW/Google_Drive/Makeathon_Mine/Eclipse_Workspace/acc_logging/Release/arduino.ar(wiring_analog.c.o)
                              /Users/DW/Google_Drive/Makeathon_Mine/Eclipse_Workspace/acc_logging/Release/arduino.ar(wiring.c.o) (analogReference)
/Users/DW/Google_Drive/Makeathon_Mine/Eclipse_Workspace/acc_logging/Release/arduino.ar(wiring_digital.c.o)
                              ./.ino.cpp.o (pinMode)
/Users/DW/Google_Drive/Makeathon_Mine/Eclipse_Workspace/acc_logging/Release/arduino.ar(wiring_private.c.o)
                              ./libraries/Wire/Wire.cpp.o (pinPeripheral)
/Users/DW/Google_Drive/Makeathon_Mine/Eclipse_Workspace/acc_logging/Release/arduino.ar(dtostrf.c.o)
                              /Users/DW/Google_Drive/Makeathon_Mine/Eclipse_Workspace/acc_logging/Release/arduino.ar(WString.cpp.o) (dtostrf)
[...]
Memory Configuration

Name             Origin             Length             Attributes
FLASH            0x0000000000002000 0x000000000003e000 xr
RAM              0x0000000020000000 0x0000000000008000 xrw
*default*        0x0000000000000000 0xffffffffffffffff

Linker script and memory map

LOAD /Applications/sloeber.app/Contents/Eclipse/arduinoPlugin/packages/arduino/tools/arm-none-eabi-gcc/4.8.3-2014q1/bin/../lib/gcc/arm-none-eabi/4.8.3/armv6-m/crti.o
LOAD /Applications/sloeber.app/Contents/Eclipse/arduinoPlugin/packages/arduino/tools/arm-none-eabi-gcc/4.8.3-2014q1/bin/../lib/gcc/arm-none-eabi/4.8.3/armv6-m/crtbegin.o
LOAD /Applications/sloeber.app/Contents/Eclipse/arduinoPlugin/packages/arduino/tools/arm-none-eabi-gcc/4.8.3-2014q1/bin/../lib/gcc/arm-none-eabi/4.8.3/../../../../arm-none-eabi/lib/armv6-m/crt0.o
LOAD ./.ino.cpp.o
LOAD ./libraries/simplot/simplot.cpp.o
LOAD ./libraries/Wire/Wire.cpp.o
LOAD ./libraries/SPI/SPI.cpp.o
LOAD ./libraries/SD/src/utility/Sd2Card.cpp.o
LOAD ./libraries/SD/src/utility/SdFile.cpp.o
LOAD ./libraries/SD/src/utility/SdVolume.cpp.o
LOAD ./libraries/SD/src/File.cpp.o
LOAD ./libraries/SD/src/SD.cpp.o
LOAD ./libraries/RTCZero/src/RTCZero.cpp.o
LOAD ./libraries/Adafruit_LIS3DH-master/Adafruit_LIS3DH.cpp.o
LOAD /Users/DW/Google_Drive/Makeathon_Mine/Eclipse_Workspace/acc_logging/Release/arduino.ar
START GROUP
LOAD /Applications/sloeber.app/Contents/Eclipse//arduinoPlugin/packages/arduino/tools/CMSIS/4.5.0/CMSIS/Lib/GCC//libarm_cortexM0l_math.a
LOAD /Applications/sloeber.app/Contents/Eclipse//arduinoPlugin/packages/adafruit/hardware/samd/1.0.17/variants/arduino_zero/libsamd21_qtouch_gcc.a
LOAD /Applications/sloeber.app/Contents/Eclipse/arduinoPlugin/packages/arduino/tools/arm-none-eabi-gcc/4.8.3-2014q1/bin/../lib/gcc/arm-none-eabi/4.8.3/../../../../arm-none-eabi/lib/armv6-m/libm.a
LOAD /Users/DW/Google_Drive/Makeathon_Mine/Eclipse_Workspace/acc_logging/Release/arduino.ar
END GROUP
START GROUP
LOAD /Applications/sloeber.app/Contents/Eclipse/arduinoPlugin/packages/arduino/tools/arm-none-eabi-gcc/4.8.3-2014q1/bin/../lib/gcc/arm-none-eabi/4.8.3/armv6-m/libgcc.a
LOAD /Applications/sloeber.app/Contents/Eclipse/arduinoPlugin/packages/arduino/tools/arm-none-eabi-gcc/4.8.3-2014q1/bin/../lib/gcc/arm-none-eabi/4.8.3/../../../../arm-none-eabi/lib/armv6-m/libc_s.a
END GROUP
START GROUP
LOAD /Applications/sloeber.app/Contents/Eclipse/arduinoPlugin/packages/arduino/tools/arm-none-eabi-gcc/4.8.3-2014q1/bin/../lib/gcc/arm-none-eabi/4.8.3/armv6-m/libgcc.a
LOAD /Applications/sloeber.app/Contents/Eclipse/arduinoPlugin/packages/arduino/tools/arm-none-eabi-gcc/4.8.3-2014q1/bin/../lib/gcc/arm-none-eabi/4.8.3/../../../../arm-none-eabi/lib/armv6-m/libc_s.a
LOAD /Applications/sloeber.app/Contents/Eclipse/arduinoPlugin/packages/arduino/tools/arm-none-eabi-gcc/4.8.3-2014q1/bin/../lib/gcc/arm-none-eabi/4.8.3/../../../../arm-none-eabi/lib/armv6-m/libnosys.a
END GROUP
START GROUP
LOAD /Applications/sloeber.app/Contents/Eclipse/arduinoPlugin/packages/arduino/tools/arm-none-eabi-gcc/4.8.3-2014q1/bin/../lib/gcc/arm-none-eabi/4.8.3/armv6-m/libgcc.a
LOAD /Applications/sloeber.app/Contents/Eclipse/arduinoPlugin/packages/arduino/tools/arm-none-eabi-gcc/4.8.3-2014q1/bin/../lib/gcc/arm-none-eabi/4.8.3/../../../../arm-none-eabi/lib/armv6-m/libc_s.a
LOAD /Applications/sloeber.app/Contents/Eclipse/arduinoPlugin/packages/arduino/tools/arm-none-eabi-gcc/4.8.3-2014q1/bin/../lib/gcc/arm-none-eabi/4.8.3/../../../../arm-none-eabi/lib/armv6-m/libnosys.a
END GROUP
LOAD /Applications/sloeber.app/Contents/Eclipse/arduinoPlugin/packages/arduino/tools/arm-none-eabi-gcc/4.8.3-2014q1/bin/../lib/gcc/arm-none-eabi/4.8.3/armv6-m/crtend.o
LOAD /Applications/sloeber.app/Contents/Eclipse/arduinoPlugin/packages/arduino/tools/arm-none-eabi-gcc/4.8.3-2014q1/bin/../lib/gcc/arm-none-eabi/4.8.3/armv6-m/crtn.o

.text           0x0000000000002000     0xa420
                0x0000000000002000                __text_start__ = .
 *(.sketch_boot)
                0x0000000000002000                . = ALIGN (0x2000)
 *(.isr_vector)
 .isr_vector    0x0000000000002000       0xb4 /Users/DW/Google_Drive/Makeathon_Mine/Eclipse_Workspace/acc_logging/Release/arduino.ar(cortex_handlers.c.o)
                0x0000000000002000                exception_table
 *(.text*)
 .text          0x00000000000020b4       0x60 /Applications/sloeber.app/Contents/Eclipse/arduinoPlugin/packages/arduino/tools/arm-none-eabi-gcc/4.8.3-2014q1/bin/../lib/gcc/arm-none-eabi/4.8.3/armv6-m/crtbegin.o
 .text._ZN15Adafruit_SensorD2Ev
                0x0000000000002114        0xc ./.ino.cpp.o
                0x0000000000002114                Adafruit_Sensor::~Adafruit_Sensor()
                0x0000000000002114                Adafruit_Sensor::~Adafruit_Sensor()
 .text._ZN15Adafruit_Sensor15enableAutoRangeEb
                0x0000000000002120        0x2 ./.ino.cpp.o
                0x0000000000002120                Adafruit_Sensor::enableAutoRange(bool)
 *fill*         0x0000000000002122        0x2 
 .text._ZN15Adafruit_LIS3DHD2Ev
                0x0000000000002124        0xc ./.ino.cpp.o
                0x0000000000002124                Adafruit_LIS3DH::~Adafruit_LIS3DH()
                0x0000000000002124                Adafruit_LIS3DH::~Adafruit_LIS3DH()
 .text._ZN15Adafruit_SensorD0Ev
                0x0000000000002130       0x14 ./.ino.cpp.o
                0x0000000000002130                Adafruit_Sensor::~Adafruit_Sensor()
 .text._ZN15Adafruit_LIS3DHD0Ev
                0x0000000000002144       0x14 ./.ino.cpp.o
                0x0000000000002144                Adafruit_LIS3DH::~Adafruit_LIS3DH()
 .text._ZN5SDLib4FileaSEOS0_
                0x0000000000002158       0x24 ./.ino.cpp.o
                0x0000000000002158                SDLib::File::operator=(SDLib::File&&)
 .text._Z11setupSerialv
                0x000000000000217c       0x20 ./.ino.cpp.o
                0x000000000000217c                setupSerial()
 .text._Z16setupLIS3DHClickv
                0x000000000000219c       0x1c ./.ino.cpp.o
                0x000000000000219c                setupLIS3DHClick()
 .text._Z11setupLIS3DHv
                0x00000000000021b8       0x48 ./.ino.cpp.o
                0x00000000000021b8                setupLIS3DH()
 .text._Z7setupSDv
                0x0000000000002200       0x30 ./.ino.cpp.o
                0x0000000000002200                setupSD()
 .text._Z15writeSDStringln6String
                0x0000000000002230       0x10 ./.ino.cpp.o
                0x0000000000002230                writeSDStringln(String)
 .text._Z22writeSensorStrDataToSDv
                0x0000000000002240       0xc0 ./.ino.cpp.o
                0x0000000000002240                writeSensorStrDataToSD()
 .text._Z12deleteSDFilev
                0x0000000000002300       0x3c ./.ino.cpp.o
                0x0000000000002300                deleteSDFile()
 .text._Z14getCurrentTimev
                0x000000000000233c      0x110 ./.ino.cpp.o
                0x000000000000233c                getCurrentTime()
 .text._Z14getCurrentDatev
                0x000000000000244c      0x10c ./.ino.cpp.o
                0x000000000000244c                getCurrentDate()
 .text._Z21getCurrentDateAndTimev
                0x0000000000002558       0x50 ./.ino.cpp.o
                0x0000000000002558                getCurrentDateAndTime()
 .text._Z8setupRTCv
                0x00000000000025a8       0x60 ./.ino.cpp.o
                0x00000000000025a8                setupRTC()
 .text._Z17getBatteryVoltagev
                0x0000000000002608       0x38 ./.ino.cpp.o
                0x0000000000002608                getBatteryVoltage()
 .text.startup._GLOBAL__sub_I_myEvent
                0x0000000000002640       0xac ./.ino.cpp.o
 .text._Z6readSDv
                0x00000000000026ec       0xc0 ./.ino.cpp.o
                0x00000000000026ec                readSD()
 .text.setup    0x00000000000027ac       0x58 ./.ino.cpp.o
                0x00000000000027ac                setup
 .text._Z21safeBufferCounterToSDv
                0x0000000000002804       0xa8 ./.ino.cpp.o
                0x0000000000002804                safeBufferCounterToSD()
 .text.loop     0x00000000000028ac        0x8 ./.ino.cpp.o
                0x00000000000028ac                loop
 .text._ZN7TwoWire5writeEPKhj
                0x00000000000028b4       0x24 ./libraries/Wire/Wire.cpp.o
                0x00000000000028b4                TwoWire::write(unsigned char const*, unsigned int)
 .text._ZN7TwoWire5flushEv
                0x00000000000028d8        0x2 ./libraries/Wire/Wire.cpp.o
                0x00000000000028d8                TwoWire::flush()
 .text._ZN7TwoWire4readEv
                0x00000000000028da        0xa ./libraries/Wire/Wire.cpp.o
                0x00000000000028da                TwoWire::read()
 .text._ZN7TwoWire9availableEv
                0x00000000000028e4        0xa ./libraries/Wire/Wire.cpp.o
                0x00000000000028e4                TwoWire::available()
 .text._ZN7TwoWire5writeEh
                0x00000000000028ee       0x28 ./libraries/Wire/Wire.cpp.o
                0x00000000000028ee                TwoWire::write(unsigned char)
 .text._ZN7TwoWire4peekEv
                0x0000000000002916        0xa ./libraries/Wire/Wire.cpp.o
                0x0000000000002916                TwoWire::peek()
 .text._ZN7TwoWireC2EP6SERCOMhh
                0x0000000000002920       0x3c ./libraries/Wire/Wire.cpp.o
                0x0000000000002920                TwoWire::TwoWire(SERCOM*, unsigned char, unsigned char)
                0x0000000000002920                TwoWire::TwoWire(SERCOM*, unsigned char, unsigned char)
 .text._ZN7TwoWire5beginEv
                0x000000000000295c       0x40 ./libraries/Wire/Wire.cpp.o
                0x000000000000295c                TwoWire::begin()
 .text._ZN7TwoWire11requestFromEhjb
                0x000000000000299c       0x76 ./libraries/Wire/Wire.cpp.o
                0x000000000000299c                TwoWire::requestFrom(unsigned char, unsigned int, bool)
 .text._ZN7TwoWire11requestFromEhj
                0x0000000000002a12        0xa ./libraries/Wire/Wire.cpp.o
                0x0000000000002a12                TwoWire::requestFrom(unsigned char, unsigned int)
 .text._ZN7TwoWire17beginTransmissionEh
                0x0000000000002a1c       0x16 ./libraries/Wire/Wire.cpp.o
                0x0000000000002a1c                TwoWire::beginTransmission(unsigned char)
 .text._ZN7TwoWire15endTransmissionEb
                0x0000000000002a32       0x66 ./libraries/Wire/Wire.cpp.o
                0x0000000000002a32                TwoWire::endTransmission(bool)
 .text._ZN7TwoWire15endTransmissionEv
                0x0000000000002a98        0xa ./libraries/Wire/Wire.cpp.o
                0x0000000000002a98                TwoWire::endTransmission()
 .text._ZN7TwoWire9onServiceEv
                0x0000000000002aa2      0x104 ./libraries/Wire/Wire.cpp.o
                0x0000000000002aa2                TwoWire::onService()
 *fill*         0x0000000000002ba6        0x2 
 .text.SERCOM3_Handler
                0x0000000000002ba8       0x10 ./libraries/Wire/Wire.cpp.o
                0x0000000000002ba8                SERCOM3_Handler
 .text.startup._GLOBAL__sub_I__ZN7TwoWireC2EP6SERCOMhh
                0x0000000000002bb8       0x18 ./libraries/Wire/Wire.cpp.o
 .text._ZN8SPIClass4initEv
                0x0000000000002bd0       0x12 ./libraries/SPI/SPI.cpp.o
                0x0000000000002bd0                SPIClass::init()
 .text._ZN8SPIClass6configE11SPISettings
                0x0000000000002be2       0x36 ./libraries/SPI/SPI.cpp.o
                0x0000000000002be2                SPIClass::config(SPISettings)
 .text._ZN8SPIClass5beginEv
                0x0000000000002c18       0x50 ./libraries/SPI/SPI.cpp.o
                0x0000000000002c18                SPIClass::begin()
 .text._ZN8SPIClass16beginTransactionE11SPISettings
                0x0000000000002c68       0x38 ./libraries/SPI/SPI.cpp.o
                0x0000000000002c68                SPIClass::beginTransaction(SPISettings)
 .text._ZN8SPIClass14endTransactionEv
                0x0000000000002ca0       0x24 ./libraries/SPI/SPI.cpp.o
                0x0000000000002ca0                SPIClass::endTransaction()
 .text._ZN8SPIClass8transferEh
                0x0000000000002cc4        0xa ./libraries/SPI/SPI.cpp.o
                0x0000000000002cc4                SPIClass::transfer(unsigned char)
 *fill*         0x0000000000002cce        0x2 
 .text.startup._GLOBAL__sub_I__ZN8SPIClassC2EP6SERCOMhhh14SercomSpiTXPad11SercomRXPad
                0x0000000000002cd0       0x38 ./libraries/SPI/SPI.cpp.o
 .text._ZL7spiSendh
                0x0000000000002d08       0x10 ./libraries/SD/src/utility/Sd2Card.cpp.o
 .text._ZL6spiRecv
                0x0000000000002d18       0x10 ./libraries/SD/src/utility/Sd2Card.cpp.o
 .text._ZN7Sd2Card14chipSelectHighEv
                0x0000000000002d28       0x28 ./libraries/SD/src/utility/Sd2Card.cpp.o
                0x0000000000002d28                Sd2Card::chipSelectHigh()
 .text._ZN7Sd2Card13chipSelectLowEv
                0x0000000000002d50       0x30 ./libraries/SD/src/utility/Sd2Card.cpp.o
                0x0000000000002d50                Sd2Card::chipSelectLow()
 .text._ZN7Sd2Card7readEndEv
                0x0000000000002d80       0x2c ./libraries/SD/src/utility/Sd2Card.cpp.o
                0x0000000000002d80                Sd2Card::readEnd()
 .text._ZN7Sd2Card10setSckRateEh
                0x0000000000002dac       0x6c ./libraries/SD/src/utility/Sd2Card.cpp.o
                0x0000000000002dac                Sd2Card::setSckRate(unsigned char)
 .text._ZN7Sd2Card11waitNotBusyEt
                0x0000000000002e18       0x28 ./libraries/SD/src/utility/Sd2Card.cpp.o
                0x0000000000002e18                Sd2Card::waitNotBusy(unsigned short)
 .text._ZN7Sd2Card11cardCommandEhm
                0x0000000000002e40       0x64 ./libraries/SD/src/utility/Sd2Card.cpp.o
                0x0000000000002e40                Sd2Card::cardCommand(unsigned char, unsigned long)
 .text._ZN7Sd2Card4initEhh
                0x0000000000002ea4      0x144 ./libraries/SD/src/utility/Sd2Card.cpp.o
                0x0000000000002ea4                Sd2Card::init(unsigned char, unsigned char)
 .text._ZN7Sd2Card14waitStartBlockEv
                0x0000000000002fe8       0x40 ./libraries/SD/src/utility/Sd2Card.cpp.o
                0x0000000000002fe8                Sd2Card::waitStartBlock()
 .text._ZN7Sd2Card8readDataEmttPh
                0x0000000000003028       0xac ./libraries/SD/src/utility/Sd2Card.cpp.o
                0x0000000000003028                Sd2Card::readData(unsigned long, unsigned short, unsigned short, unsigned char*)
 .text._ZN7Sd2Card9readBlockEmPh
                0x00000000000030d4       0x10 ./libraries/SD/src/utility/Sd2Card.cpp.o
                0x00000000000030d4                Sd2Card::readBlock(unsigned long, unsigned char*)
 .text._ZN7Sd2Card9writeDataEhPKh
                0x00000000000030e4       0x48 ./libraries/SD/src/utility/Sd2Card.cpp.o
                0x00000000000030e4                Sd2Card::writeData(unsigned char, unsigned char const*)
 .text._ZN7Sd2Card10writeBlockEmPKh
                0x000000000000312c       0x78 ./libraries/SD/src/utility/Sd2Card.cpp.o
                0x000000000000312c                Sd2Card::writeBlock(unsigned long, unsigned char const*)
 .text.startup._GLOBAL__sub_I__ZN7Sd2Card11cardCommandEhm
                0x00000000000031a4       0x18 ./libraries/SD/src/utility/Sd2Card.cpp.o
 .text._ZN6SdFile10addClusterEv
                0x00000000000031bc       0x2c ./libraries/SD/src/utility/SdFile.cpp.o
                0x00000000000031bc                SdFile::addCluster()
 .text._ZN6SdFile13addDirClusterEv
                0x00000000000031e8       0x4a ./libraries/SD/src/utility/SdFile.cpp.o
                0x00000000000031e8                SdFile::addDirCluster()
 *fill*         0x0000000000003232        0x2 
 .text._ZN6SdFile13cacheDirEntryEh
                0x0000000000003234       0x1c ./libraries/SD/src/utility/SdFile.cpp.o
                0x0000000000003234                SdFile::cacheDirEntry(unsigned char)
 .text._ZN6SdFile10make83NameEPKcPh
                0x0000000000003250       0x8c ./libraries/SD/src/utility/SdFile.cpp.o
                0x0000000000003250                SdFile::make83Name(char const*, unsigned char*)
 .text._ZN6SdFile8openRootEP8SdVolume
                0x00000000000032dc       0x52 ./libraries/SD/src/utility/SdFile.cpp.o
                0x00000000000032dc                SdFile::openRoot(SdVolume*)
 *fill*         0x000000000000332e        0x2 
 .text._ZN6SdFile4readEPvt
                0x0000000000003330      0x10c ./libraries/SD/src/utility/SdFile.cpp.o
                0x0000000000003330                SdFile::read(void*, unsigned short)
 .text._ZN6SdFile12readDirCacheEv
                0x000000000000343c       0x48 ./libraries/SD/src/utility/SdFile.cpp.o
                0x000000000000343c                SdFile::readDirCache()
 .text._ZN6SdFile7seekSetEm
                0x0000000000003484       0x64 ./libraries/SD/src/utility/SdFile.cpp.o
                0x0000000000003484                SdFile::seekSet(unsigned long)
 .text._ZN6SdFile4syncEv
                0x00000000000034e8       0x78 ./libraries/SD/src/utility/SdFile.cpp.o
                0x00000000000034e8                SdFile::sync()
 .text._ZN6SdFile5closeEv
                0x0000000000003560       0x14 ./libraries/SD/src/utility/SdFile.cpp.o
                0x0000000000003560                SdFile::close()
 .text._ZN6SdFile8truncateEm
                0x0000000000003574       0xb4 ./libraries/SD/src/utility/SdFile.cpp.o
                0x0000000000003574                SdFile::truncate(unsigned long)
 .text._ZN6SdFile15openCachedEntryEhh
                0x0000000000003628       0x98 ./libraries/SD/src/utility/SdFile.cpp.o
                0x0000000000003628                SdFile::openCachedEntry(unsigned char, unsigned char)
 .text._ZN6SdFile4openEPS_PKch
                0x00000000000036c0      0x134 ./libraries/SD/src/utility/SdFile.cpp.o
                0x00000000000036c0                SdFile::open(SdFile*, char const*, unsigned char)
 .text._ZN6SdFile6removeEv
                0x00000000000037f4       0x28 ./libraries/SD/src/utility/SdFile.cpp.o
                0x00000000000037f4                SdFile::remove()
 .text._ZN6SdFile6removeEPS_PKc
                0x000000000000381c       0x34 ./libraries/SD/src/utility/SdFile.cpp.o
                0x000000000000381c                SdFile::remove(SdFile*, char const*)
 .text._ZN6SdFile5writeEPKvt
                0x0000000000003850      0x1ac ./libraries/SD/src/utility/SdFile.cpp.o
                0x0000000000003850                SdFile::write(void const*, unsigned short)
 .text._ZN6SdFile5writeEh
                0x00000000000039fc       0x12 ./libraries/SD/src/utility/SdFile.cpp.o
                0x00000000000039fc                SdFile::write(unsigned char)
 *fill*         0x0000000000003a0e        0x2 
 .text._ZN8SdVolume10cacheFlushEv
                0x0000000000003a10       0x54 ./libraries/SD/src/utility/SdVolume.cpp.o
                0x0000000000003a10                SdVolume::cacheFlush()
 .text._ZN8SdVolume13cacheRawBlockEmh
                0x0000000000003a64       0x48 ./libraries/SD/src/utility/SdVolume.cpp.o
                0x0000000000003a64                SdVolume::cacheRawBlock(unsigned long, unsigned char)
 .text._ZN8SdVolume14cacheZeroBlockEm
                0x0000000000003aac       0x3c ./libraries/SD/src/utility/SdVolume.cpp.o
                0x0000000000003aac                SdVolume::cacheZeroBlock(unsigned long)
 .text._ZNK8SdVolume6fatGetEmPm
                0x0000000000003ae8       0x60 ./libraries/SD/src/utility/SdVolume.cpp.o
                0x0000000000003ae8                SdVolume::fatGet(unsigned long, unsigned long*) const
 .text._ZNK8SdVolume9chainSizeEmPm
                0x0000000000003b48       0x44 ./libraries/SD/src/utility/SdVolume.cpp.o
                0x0000000000003b48                SdVolume::chainSize(unsigned long, unsigned long*) const
 .text._ZN8SdVolume6fatPutEmm
                0x0000000000003b8c       0x88 ./libraries/SD/src/utility/SdVolume.cpp.o
                0x0000000000003b8c                SdVolume::fatPut(unsigned long, unsigned long)
 .text._ZN8SdVolume15allocContiguousEmPm
                0x0000000000003c14       0xc8 ./libraries/SD/src/utility/SdVolume.cpp.o
                0x0000000000003c14                SdVolume::allocContiguous(unsigned long, unsigned long*)
 .text._ZN8SdVolume9freeChainEm
                0x0000000000003cdc       0x4c ./libraries/SD/src/utility/SdVolume.cpp.o
                0x0000000000003cdc                SdVolume::freeChain(unsigned long)
 .text._ZN8SdVolume4initEP7Sd2Cardh
                0x0000000000003d28      0x128 ./libraries/SD/src/utility/SdVolume.cpp.o
                0x0000000000003d28                SdVolume::init(Sd2Card*, unsigned char)
 .text._ZN5SDLib4File5writeEh
                0x0000000000003e50       0x14 ./libraries/SD/src/File.cpp.o
                0x0000000000003e50                SDLib::File::write(unsigned char)
 .text._ZN5SDLib4File5writeEPKhj
                0x0000000000003e64       0x2a ./libraries/SD/src/File.cpp.o
                0x0000000000003e64                SDLib::File::write(unsigned char const*, unsigned int)
 .text._ZN5SDLib4File5flushEv
                0x0000000000003e8e        0xe ./libraries/SD/src/File.cpp.o
                0x0000000000003e8e                SDLib::File::flush()
 .text._ZN6SdFile4readEv
                0x0000000000003e9c       0x20 ./libraries/SD/src/File.cpp.o
                0x0000000000003e9c                SdFile::read()
 .text._ZN5SDLib4File4readEv
                0x0000000000003ebc       0x14 ./libraries/SD/src/File.cpp.o
                0x0000000000003ebc                SDLib::File::read()
 .text._ZN5SDLib4File4peekEv
                0x0000000000003ed0       0x22 ./libraries/SD/src/File.cpp.o
                0x0000000000003ed0                SDLib::File::peek()
 *fill*         0x0000000000003ef2        0x2 
 .text._ZN5SDLib4FileC2E6SdFilePKc
                0x0000000000003ef4       0x44 ./libraries/SD/src/File.cpp.o
                0x0000000000003ef4                SDLib::File::File(SdFile, char const*)
                0x0000000000003ef4                SDLib::File::File(SdFile, char const*)
 .text._ZN5SDLib4FileC2Ev
                0x0000000000003f38       0x1c ./libraries/SD/src/File.cpp.o
                0x0000000000003f38                SDLib::File::File()
                0x0000000000003f38                SDLib::File::File()
 .text._ZN5SDLib4File8positionEv
                0x0000000000003f54       0x10 ./libraries/SD/src/File.cpp.o
                0x0000000000003f54                SDLib::File::position()
 .text._ZN5SDLib4File4sizeEv
                0x0000000000003f64        0xa ./libraries/SD/src/File.cpp.o
                0x0000000000003f64                SDLib::File::size()
 *fill*         0x0000000000003f6e        0x2 
 .text._ZN5SDLib4File9availableEv
                0x0000000000003f70       0x28 ./libraries/SD/src/File.cpp.o
                0x0000000000003f70                SDLib::File::available()
 .text._ZN5SDLib4File5closeEv
                0x0000000000003f98       0x1a ./libraries/SD/src/File.cpp.o
                0x0000000000003f98                SDLib::File::close()
 .text._ZN5SDLib4FilecvbEv
                0x0000000000003fb2       0x10 ./libraries/SD/src/File.cpp.o
                0x0000000000003fb2                SDLib::File::operator bool()
 .text._ZN5SDLib15callback_removeER6SdFilePKcbPv
                0x0000000000003fc2       0x18 ./libraries/SD/src/SD.cpp.o
                0x0000000000003fc2                SDLib::callback_remove(SdFile&, char const*, bool, void*)
 .text._ZN8SdVolume4initEP7Sd2Card
                0x0000000000003fda       0x1e ./libraries/SD/src/SD.cpp.o
                0x0000000000003fda                SdVolume::init(Sd2Card*)
 .text._ZN5SDLib20getNextPathComponentEPKcPjPc
                0x0000000000003ff8       0x4a ./libraries/SD/src/SD.cpp.o
                0x0000000000003ff8                SDLib::getNextPathComponent(char const*, unsigned int*, char*)
 *fill*         0x0000000000004042        0x2 
 .text._ZN5SDLib8walkPathEPKcR6SdFilePFbS3_S1_bPvES4_
                0x0000000000004044       0xa0 ./libraries/SD/src/SD.cpp.o
                0x0000000000004044                SDLib::walkPath(char const*, SdFile&, bool (*)(SdFile&, char const*, bool, void*), void*)
 .text._ZN5SDLib7SDClass5beginEh
                0x00000000000040e4       0x36 ./libraries/SD/src/SD.cpp.o
                0x00000000000040e4                SDLib::SDClass::begin(unsigned char)
 *fill*         0x000000000000411a        0x2 
 .text._ZN6SdFileC2ERKS_
                0x000000000000411c       0x34 ./libraries/SD/src/SD.cpp.o
                0x000000000000411c                SdFile::SdFile(SdFile const&)
                0x000000000000411c                SdFile::SdFile(SdFile const&)
 .text._ZN5SDLib7SDClass12getParentDirEPKcPi
                0x0000000000004150       0xa8 ./libraries/SD/src/SD.cpp.o
                0x0000000000004150                SDLib::SDClass::getParentDir(char const*, int*)
 .text._ZN5SDLib7SDClass4openEPKch
                0x00000000000041f8       0xac ./libraries/SD/src/SD.cpp.o
                0x00000000000041f8                SDLib::SDClass::open(char const*, unsigned char)
 .text._ZN5SDLib7SDClass6removeEPKc
                0x00000000000042a4       0x18 ./libraries/SD/src/SD.cpp.o
                0x00000000000042a4                SDLib::SDClass::remove(char const*)
 .text.startup._GLOBAL__sub_I__ZN5SDLib20getNextPathComponentEPKcPjPc
                0x00000000000042bc       0x2c ./libraries/SD/src/SD.cpp.o
 .text._ZN7RTCZeroC2Ev
                0x00000000000042e8        0x6 ./libraries/RTCZero/src/RTCZero.cpp.o
                0x00000000000042e8                RTCZero::RTCZero()
                0x00000000000042e8                RTCZero::RTCZero()
 *fill*         0x00000000000042ee        0x2 
 .text.RTC_Handler
                0x00000000000042f0       0x1c ./libraries/RTCZero/src/RTCZero.cpp.o
                0x00000000000042f0                RTC_Handler
 .text._ZN7RTCZero10setSecondsEh
                0x000000000000430c       0x24 ./libraries/RTCZero/src/RTCZero.cpp.o
                0x000000000000430c                RTCZero::setSeconds(unsigned char)
 .text._ZN7RTCZero10setMinutesEh
                0x0000000000004330       0x28 ./libraries/RTCZero/src/RTCZero.cpp.o
                0x0000000000004330                RTCZero::setMinutes(unsigned char)
 .text._ZN7RTCZero8setHoursEh
                0x0000000000004358       0x28 ./libraries/RTCZero/src/RTCZero.cpp.o
                0x0000000000004358                RTCZero::setHours(unsigned char)
 .text._ZN7RTCZero7setTimeEhhh
                0x0000000000004380       0x26 ./libraries/RTCZero/src/RTCZero.cpp.o
                0x0000000000004380                RTCZero::setTime(unsigned char, unsigned char, unsigned char)
 *fill*         0x00000000000043a6        0x2 
 .text._ZN7RTCZero6setDayEh
                0x00000000000043a8       0x28 ./libraries/RTCZero/src/RTCZero.cpp.o
                0x00000000000043a8                RTCZero::setDay(unsigned char)
 .text._ZN7RTCZero8setMonthEh
                0x00000000000043d0       0x28 ./libraries/RTCZero/src/RTCZero.cpp.o
                0x00000000000043d0                RTCZero::setMonth(unsigned char)
 .text._ZN7RTCZero7setYearEh
                0x00000000000043f8       0x20 ./libraries/RTCZero/src/RTCZero.cpp.o
                0x00000000000043f8                RTCZero::setYear(unsigned char)
 .text._ZN7RTCZero7setDateEhhh
                0x0000000000004418       0x24 ./libraries/RTCZero/src/RTCZero.cpp.o
                0x0000000000004418                RTCZero::setDate(unsigned char, unsigned char, unsigned char)
 .text._ZN7RTCZero14configureClockEv
                0x000000000000443c       0x3c ./libraries/RTCZero/src/RTCZero.cpp.o
                0x000000000000443c                RTCZero::configureClock()
 .text._ZN7RTCZero14RTCreadRequestEv
                0x0000000000004478       0x1c ./libraries/RTCZero/src/RTCZero.cpp.o
                0x0000000000004478                RTCZero::RTCreadRequest()
 .text._ZN7RTCZero10getSecondsEv
                0x0000000000004494       0x14 ./libraries/RTCZero/src/RTCZero.cpp.o
                0x0000000000004494                RTCZero::getSeconds()
 .text._ZN7RTCZero10getMinutesEv
                0x00000000000044a8       0x14 ./libraries/RTCZero/src/RTCZero.cpp.o
                0x00000000000044a8                RTCZero::getMinutes()
 .text._ZN7RTCZero8getHoursEv
                0x00000000000044bc       0x14 ./libraries/RTCZero/src/RTCZero.cpp.o
                0x00000000000044bc                RTCZero::getHours()
 .text._ZN7RTCZero6getDayEv
                0x00000000000044d0       0x14 ./libraries/RTCZero/src/RTCZero.cpp.o
                0x00000000000044d0                RTCZero::getDay()
 .text._ZN7RTCZero8getMonthEv
                0x00000000000044e4       0x14 ./libraries/RTCZero/src/RTCZero.cpp.o
                0x00000000000044e4                RTCZero::getMonth()
 .text._ZN7RTCZero7getYearEv
                0x00000000000044f8       0x14 ./libraries/RTCZero/src/RTCZero.cpp.o
                0x00000000000044f8                RTCZero::getYear()
 .text._ZN7RTCZero10RTCdisableEv
                0x000000000000450c       0x18 ./libraries/RTCZero/src/RTCZero.cpp.o
                0x000000000000450c                RTCZero::RTCdisable()
 .text._ZN7RTCZero9RTCenableEv
                0x0000000000004524       0x18 ./libraries/RTCZero/src/RTCZero.cpp.o
                0x0000000000004524                RTCZero::RTCenable()
 .text._ZN7RTCZero8RTCresetEv
                0x000000000000453c       0x18 ./libraries/RTCZero/src/RTCZero.cpp.o
                0x000000000000453c                RTCZero::RTCreset()
 .text._ZN7RTCZero14RTCresetRemoveEv
                0x0000000000004554       0x18 ./libraries/RTCZero/src/RTCZero.cpp.o
                0x0000000000004554                RTCZero::RTCresetRemove()
 .text._ZN7RTCZero5beginEb
                0x000000000000456c       0xd0 ./libraries/RTCZero/src/RTCZero.cpp.o
                0x000000000000456c                RTCZero::begin(bool)
 .text._ZN15Adafruit_LIS3DH9getSensorEP8sensor_t
                0x000000000000463c       0x38 ./libraries/Adafruit_LIS3DH-master/Adafruit_LIS3DH.cpp.o
                0x000000000000463c                Adafruit_LIS3DH::getSensor(sensor_t*)
 .text._ZN7TwoWire5writeEi
                0x0000000000004674        0xc ./libraries/Adafruit_LIS3DH-master/Adafruit_LIS3DH.cpp.o
                0x0000000000004674                TwoWire::write(int)
 .text._ZN15Adafruit_LIS3DHC2Ea
                0x0000000000004680       0x24 ./libraries/Adafruit_LIS3DH-master/Adafruit_LIS3DH.cpp.o
                0x0000000000004680                Adafruit_LIS3DH::Adafruit_LIS3DH(signed char)
                0x0000000000004680                Adafruit_LIS3DH::Adafruit_LIS3DH(signed char)
 .text._ZN15Adafruit_LIS3DH7spixferEh
                0x00000000000046a4       0x6c ./libraries/Adafruit_LIS3DH-master/Adafruit_LIS3DH.cpp.o
                0x00000000000046a4                Adafruit_LIS3DH::spixfer(unsigned char)
 .text._ZN15Adafruit_LIS3DH14writeRegister8Ehh
                0x0000000000004710       0x9c ./libraries/Adafruit_LIS3DH-master/Adafruit_LIS3DH.cpp.o
                0x0000000000004710                Adafruit_LIS3DH::writeRegister8(unsigned char, unsigned char)
 .text._ZN15Adafruit_LIS3DH13readRegister8Eh
                0x00000000000047ac       0xa0 ./libraries/Adafruit_LIS3DH-master/Adafruit_LIS3DH.cpp.o
                0x00000000000047ac                Adafruit_LIS3DH::readRegister8(unsigned char)
 .text._ZN15Adafruit_LIS3DH8setClickEhhhhh
                0x000000000000484c       0x88 ./libraries/Adafruit_LIS3DH-master/Adafruit_LIS3DH.cpp.o
                0x000000000000484c                Adafruit_LIS3DH::setClick(unsigned char, unsigned char, unsigned char, unsigned char, unsigned char)
 .text._ZN15Adafruit_LIS3DH8setRangeE14lis3dh_range_t
                0x00000000000048d4       0x22 ./libraries/Adafruit_LIS3DH-master/Adafruit_LIS3DH.cpp.o
                0x00000000000048d4                Adafruit_LIS3DH::setRange(lis3dh_range_t)
 .text._ZN15Adafruit_LIS3DH8getRangeEv
                0x00000000000048f6        0xe ./libraries/Adafruit_LIS3DH-master/Adafruit_LIS3DH.cpp.o
                0x00000000000048f6                Adafruit_LIS3DH::getRange()
 .text._ZN15Adafruit_LIS3DH4readEv
                0x0000000000004904      0x19c ./libraries/Adafruit_LIS3DH-master/Adafruit_LIS3DH.cpp.o
                0x0000000000004904                Adafruit_LIS3DH::read()
 .text._ZN15Adafruit_LIS3DH8getEventEP15sensors_event_t
                0x0000000000004aa0       0x4c ./libraries/Adafruit_LIS3DH-master/Adafruit_LIS3DH.cpp.o
                0x0000000000004aa0                Adafruit_LIS3DH::getEvent(sensors_event_t*)
 .text._ZN15Adafruit_LIS3DH11setDataRateE17lis3dh_dataRate_t
                0x0000000000004aec       0x22 ./libraries/Adafruit_LIS3DH-master/Adafruit_LIS3DH.cpp.o
                0x0000000000004aec                Adafruit_LIS3DH::setDataRate(lis3dh_dataRate_t)
 *fill*         0x0000000000004b0e        0x2 
 .text._ZN15Adafruit_LIS3DH5beginEh
                0x0000000000004b10       0xa4 ./libraries/Adafruit_LIS3DH-master/Adafruit_LIS3DH.cpp.o
                0x0000000000004b10                Adafruit_LIS3DH::begin(unsigned char)
 .text.SERCOM0_Handler
                0x0000000000004bb4       0x10 /Users/DW/Google_Drive/Makeathon_Mine/Eclipse_Workspace/acc_logging/Release/arduino.ar(variant.cpp.o)
                0x0000000000004bb4                SERCOM0_Handler
 .text.SERCOM5_Handler
                0x0000000000004bc4       0x10 /Users/DW/Google_Drive/Makeathon_Mine/Eclipse_Workspace/acc_logging/Release/arduino.ar(variant.cpp.o)
                0x0000000000004bc4                SERCOM5_Handler
 .text.startup._GLOBAL__sub_I_g_APinDescription
                0x0000000000004bd4       0x94 /Users/DW/Google_Drive/Makeathon_Mine/Eclipse_Workspace/acc_logging/Release/arduino.ar(variant.cpp.o)
 .text._ZN7Serial_17availableForWriteEv
                0x0000000000004c68        0x4 /Users/DW/Google_Drive/Makeathon_Mine/Eclipse_Workspace/acc_logging/Release/arduino.ar(CDC.cpp.o)
                0x0000000000004c68                Serial_::availableForWrite()
 .text._ZN7Serial_5writeEh
                0x0000000000004c6c       0x14 /Users/DW/Google_Drive/Makeathon_Mine/Eclipse_Workspace/acc_logging/Release/arduino.ar(CDC.cpp.o)
                0x0000000000004c6c                Serial_::write(unsigned char)
 .text._ZN7Serial_9availableEv
                0x0000000000004c80        0xc /Users/DW/Google_Drive/Makeathon_Mine/Eclipse_Workspace/acc_logging/Release/arduino.ar(CDC.cpp.o)
                0x0000000000004c80                Serial_::available()
 .text._ZN7Serial_5flushEv
                0x0000000000004c8c        0xc /Users/DW/Google_Drive/Makeathon_Mine/Eclipse_Workspace/acc_logging/Release/arduino.ar(CDC.cpp.o)
                0x0000000000004c8c                Serial_::flush()
 .text._ZN7Serial_5writeEPKhj
                0x0000000000004c98       0x1c /Users/DW/Google_Drive/Makeathon_Mine/Eclipse_Workspace/acc_logging/Release/arduino.ar(CDC.cpp.o)
                0x0000000000004c98                Serial_::write(unsigned char const*, unsigned int)
 .text._ZN7Serial_4peekEv
                0x0000000000004cb4       0x1c /Users/DW/Google_Drive/Makeathon_Mine/Eclipse_Workspace/acc_logging/Release/arduino.ar(CDC.cpp.o)
                0x0000000000004cb4                Serial_::peek()
 .text._ZN7Serial_4readEv
                0x0000000000004cd0       0x24 /Users/DW/Google_Drive/Makeathon_Mine/Eclipse_Workspace/acc_logging/Release/arduino.ar(CDC.cpp.o)
                0x0000000000004cd0                Serial_::read()
 .text._Z16CDC_GetInterfacePh
                0x0000000000004cf4       0x1c /Users/DW/Google_Drive/Makeathon_Mine/Eclipse_Workspace/acc_logging/Release/arduino.ar(CDC.cpp.o)
                0x0000000000004cf4                CDC_GetInterface(unsigned char*)
 .text._Z9CDC_SetupR8USBSetup
                0x0000000000004d10       0x80 /Users/DW/Google_Drive/Makeathon_Mine/Eclipse_Workspace/acc_logging/Release/arduino.ar(CDC.cpp.o)
                0x0000000000004d10                CDC_Setup(USBSetup&)
 .text._ZN7Serial_5beginEm
                0x0000000000004d90        0x2 /Users/DW/Google_Drive/Makeathon_Mine/Eclipse_Workspace/acc_logging/Release/arduino.ar(CDC.cpp.o)
                0x0000000000004d90                Serial_::begin(unsigned long)
 *fill*         0x0000000000004d92        0x2 
 .text._ZN7Serial_cvbEv
                0x0000000000004d94       0x28 /Users/DW/Google_Drive/Makeathon_Mine/Eclipse_Workspace/acc_logging/Release/arduino.ar(CDC.cpp.o)
                0x0000000000004d94                Serial_::operator bool()
 .text.startup._GLOBAL__sub_I__Z17_CDC_GetInterfacev
                0x0000000000004dbc       0x28 /Users/DW/Google_Drive/Makeathon_Mine/Eclipse_Workspace/acc_logging/Release/arduino.ar(CDC.cpp.o)
 .text._ZN14USBDeviceClass6initEPEmm.part.4
                0x0000000000004de4       0x80 /Users/DW/Google_Drive/Makeathon_Mine/Eclipse_Workspace/acc_logging/Release/arduino.ar(USBCore.cpp.o)
 .text._ZN20USBDevice_SAMD21G18x5resetEv
                0x0000000000004e64       0x28 /Users/DW/Google_Drive/Makeathon_Mine/Eclipse_Workspace/acc_logging/Release/arduino.ar(USBCore.cpp.o)
                0x0000000000004e64                USBDevice_SAMD21G18x::reset()
 .text._ZN20USBDevice_SAMD21G18x9calibrateEv
                0x0000000000004e8c       0x5c /Users/DW/Google_Drive/Makeathon_Mine/Eclipse_Workspace/acc_logging/Release/arduino.ar(USBCore.cpp.o)
                0x0000000000004e8c                USBDevice_SAMD21G18x::calibrate()
 .text._ZN7__GuardC2Ev
                0x0000000000004ee8        0xe /Users/DW/Google_Drive/Makeathon_Mine/Eclipse_Workspace/acc_logging/Release/arduino.ar(USBCore.cpp.o)
                0x0000000000004ee8                __Guard::__Guard()
                0x0000000000004ee8                __Guard::__Guard()
 .text._ZN7__GuardD2Ev
                0x0000000000004ef6        0xe /Users/DW/Google_Drive/Makeathon_Mine/Eclipse_Workspace/acc_logging/Release/arduino.ar(USBCore.cpp.o)
                0x0000000000004ef6                __Guard::~__Guard()
                0x0000000000004ef6                __Guard::~__Guard()
 .text._ZNK26DoubleBufferedEPOutHandler9availableEv
                0x0000000000004f04       0x5e /Users/DW/Google_Drive/Makeathon_Mine/Eclipse_Workspace/acc_logging/Release/arduino.ar(USBCore.cpp.o)
                0x0000000000004f04                DoubleBufferedEPOutHandler::available() const
 *fill*         0x0000000000004f62        0x2 
 .text._ZN26DoubleBufferedEPOutHandler7releaseEv
                0x0000000000004f64       0x58 /Users/DW/Google_Drive/Makeathon_Mine/Eclipse_Workspace/acc_logging/Release/arduino.ar(USBCore.cpp.o)
                0x0000000000004f64                DoubleBufferedEPOutHandler::release()
 .text._ZN26DoubleBufferedEPOutHandler4recvEPvm
                0x0000000000004fbc      0x11c /Users/DW/Google_Drive/Makeathon_Mine/Eclipse_Workspace/acc_logging/Release/arduino.ar(USBCore.cpp.o)
                0x0000000000004fbc                DoubleBufferedEPOutHandler::recv(void*, unsigned long)
 .text._ZN26DoubleBufferedEPOutHandler14handleEndpointEv
                0x00000000000050d8       0xc4 /Users/DW/Google_Drive/Makeathon_Mine/Eclipse_Workspace/acc_logging/Release/arduino.ar(USBCore.cpp.o)
                0x00000000000050d8                DoubleBufferedEPOutHandler::handleEndpoint()
 .text._ZN14USBDeviceClass14SendInterfacesEPm
                0x000000000000519c       0x2c /Users/DW/Google_Drive/Makeathon_Mine/Eclipse_Workspace/acc_logging/Release/arduino.ar(USBCore.cpp.o)
                0x000000000000519c                USBDeviceClass::SendInterfaces(unsigned long*)
 .text._ZN14USBDeviceClass14handleEndpointEh
                0x00000000000051c8       0x40 /Users/DW/Google_Drive/Makeathon_Mine/Eclipse_Workspace/acc_logging/Release/arduino.ar(USBCore.cpp.o)
                0x00000000000051c8                USBDeviceClass::handleEndpoint(unsigned char)
 .text._ZN14USBDeviceClass4initEv
                0x0000000000005208       0xf0 /Users/DW/Google_Drive/Makeathon_Mine/Eclipse_Workspace/acc_logging/Release/arduino.ar(USBCore.cpp.o)
                0x0000000000005208                USBDeviceClass::init()
 .text._ZN14USBDeviceClass6attachEv
                0x00000000000052f8       0x34 /Users/DW/Google_Drive/Makeathon_Mine/Eclipse_Workspace/acc_logging/Release/arduino.ar(USBCore.cpp.o)
                0x00000000000052f8                USBDeviceClass::attach()
 .text._ZN14USBDeviceClass10setAddressEm
                0x000000000000532c       0x48 /Users/DW/Google_Drive/Makeathon_Mine/Eclipse_Workspace/acc_logging/Release/arduino.ar(USBCore.cpp.o)
                0x000000000000532c                USBDeviceClass::setAddress(unsigned long)
 .text._ZN14USBDeviceClass25handleClassInterfaceSetupER8USBSetup
                0x0000000000005374       0x40 /Users/DW/Google_Drive/Makeathon_Mine/Eclipse_Workspace/acc_logging/Release/arduino.ar(USBCore.cpp.o)
                0x0000000000005374                USBDeviceClass::handleClassInterfaceSetup(USBSetup&)
 .text._ZN14USBDeviceClass6initEPEmm
                0x00000000000053b4      0x128 /Users/DW/Google_Drive/Makeathon_Mine/Eclipse_Workspace/acc_logging/Release/arduino.ar(USBCore.cpp.o)
                0x00000000000053b4                USBDeviceClass::initEP(unsigned long, unsigned long)
 .text._ZN14USBDeviceClass13initEndpointsEv
                0x00000000000054dc       0x24 /Users/DW/Google_Drive/Makeathon_Mine/Eclipse_Workspace/acc_logging/Release/arduino.ar(USBCore.cpp.o)
                0x00000000000054dc                USBDeviceClass::initEndpoints()
 .text._ZN14USBDeviceClass9availableEm
                0x0000000000005500       0x2c /Users/DW/Google_Drive/Makeathon_Mine/Eclipse_Workspace/acc_logging/Release/arduino.ar(USBCore.cpp.o)
                0x0000000000005500                USBDeviceClass::available(unsigned long)
 .text._ZN14USBDeviceClass5flushEm
                0x000000000000552c       0x2c /Users/DW/Google_Drive/Makeathon_Mine/Eclipse_Workspace/acc_logging/Release/arduino.ar(USBCore.cpp.o)
                0x000000000000552c                USBDeviceClass::flush(unsigned long)
 .text._ZN14USBDeviceClass14armRecvCtrlOUTEm
                0x0000000000005558       0x60 /Users/DW/Google_Drive/Makeathon_Mine/Eclipse_Workspace/acc_logging/Release/arduino.ar(USBCore.cpp.o)
                0x0000000000005558                USBDeviceClass::armRecvCtrlOUT(unsigned long)
 .text._ZN14USBDeviceClass11recvControlEPvm
                0x00000000000055b8       0x3c /Users/DW/Google_Drive/Makeathon_Mine/Eclipse_Workspace/acc_logging/Release/arduino.ar(USBCore.cpp.o)
                0x00000000000055b8                USBDeviceClass::recvControl(void*, unsigned long)
 .text._ZN14USBDeviceClass7armRecvEm
                0x00000000000055f4       0x3c /Users/DW/Google_Drive/Makeathon_Mine/Eclipse_Workspace/acc_logging/Release/arduino.ar(USBCore.cpp.o)
                0x00000000000055f4                USBDeviceClass::armRecv(unsigned long)
 .text._ZN14USBDeviceClass4recvEmPvm
                0x0000000000005630       0xd8 /Users/DW/Google_Drive/Makeathon_Mine/Eclipse_Workspace/acc_logging/Release/arduino.ar(USBCore.cpp.o)
                0x0000000000005630                USBDeviceClass::recv(unsigned long, void*, unsigned long)
 .text._ZN14USBDeviceClass4recvEm
                0x0000000000005708       0x1c /Users/DW/Google_Drive/Makeathon_Mine/Eclipse_Workspace/acc_logging/Release/arduino.ar(USBCore.cpp.o)
                0x0000000000005708                USBDeviceClass::recv(unsigned long)
 .text._ZN14USBDeviceClass4sendEmPKvm
                0x0000000000005724      0x124 /Users/DW/Google_Drive/Makeathon_Mine/Eclipse_Workspace/acc_logging/Release/arduino.ar(USBCore.cpp.o)
                0x0000000000005724                USBDeviceClass::send(unsigned long, void const*, unsigned long)
 .text._ZN14USBDeviceClass7armSendEmPKvm
                0x0000000000005848       0x48 /Users/DW/Google_Drive/Makeathon_Mine/Eclipse_Workspace/acc_logging/Release/arduino.ar(USBCore.cpp.o)
                0x0000000000005848                USBDeviceClass::armSend(unsigned long, void const*, unsigned long)
 .text._ZN14USBDeviceClass11sendControlEPKvm
                0x0000000000005890       0x58 /Users/DW/Google_Drive/Makeathon_Mine/Eclipse_Workspace/acc_logging/Release/arduino.ar(USBCore.cpp.o)
                0x0000000000005890                USBDeviceClass::sendControl(void const*, unsigned long)
 .text._ZN14USBDeviceClass20sendStringDescriptorEPKhh
                0x00000000000058e8       0x68 /Users/DW/Google_Drive/Makeathon_Mine/Eclipse_Workspace/acc_logging/Release/arduino.ar(USBCore.cpp.o)
                0x00000000000058e8                USBDeviceClass::sendStringDescriptor(unsigned char const*, unsigned char)
 .text._ZN14USBDeviceClass12packMessagesEb.part.6
                0x0000000000005950       0x20 /Users/DW/Google_Drive/Makeathon_Mine/Eclipse_Workspace/acc_logging/Release/arduino.ar(USBCore.cpp.o)
 .text._ZN14USBDeviceClass17sendConfigurationEm
                0x0000000000005970       0x90 /Users/DW/Google_Drive/Makeathon_Mine/Eclipse_Workspace/acc_logging/Release/arduino.ar(USBCore.cpp.o)
                0x0000000000005970                USBDeviceClass::sendConfiguration(unsigned long)
 .text._ZN14USBDeviceClass14sendDescriptorER8USBSetup
                0x0000000000005a00       0xb4 /Users/DW/Google_Drive/Makeathon_Mine/Eclipse_Workspace/acc_logging/Release/arduino.ar(USBCore.cpp.o)
                0x0000000000005a00                USBDeviceClass::sendDescriptor(USBSetup&)
 .text._ZN14USBDeviceClass19handleStandardSetupER8USBSetup
                0x0000000000005ab4      0x118 /Users/DW/Google_Drive/Makeathon_Mine/Eclipse_Workspace/acc_logging/Release/arduino.ar(USBCore.cpp.o)
                0x0000000000005ab4                USBDeviceClass::handleStandardSetup(USBSetup&)
 .text._ZN14USBDeviceClass10ISRHandlerEv
                0x0000000000005bcc      0x150 /Users/DW/Google_Drive/Makeathon_Mine/Eclipse_Workspace/acc_logging/Release/arduino.ar(USBCore.cpp.o)
                0x0000000000005bcc                USBDeviceClass::ISRHandler()
 .text.UDD_Handler
                0x0000000000005d1c       0x10 /Users/DW/Google_Drive/Makeathon_Mine/Eclipse_Workspace/acc_logging/Release/arduino.ar(USBCore.cpp.o)
                0x0000000000005d1c                UDD_Handler
 .text.startup._GLOBAL__sub_I__ZN20USBDevice_SAMD21G18x5resetEv
                0x0000000000005d2c       0x10 /Users/DW/Google_Drive/Makeathon_Mine/Eclipse_Workspace/acc_logging/Release/arduino.ar(USBCore.cpp.o)
 .text._ZN5Print5writeEPKhj
                0x0000000000005d3c       0x28 /Users/DW/Google_Drive/Makeathon_Mine/Eclipse_Workspace/acc_logging/Release/arduino.ar(Print.cpp.o)
                0x0000000000005d3c                Print::write(unsigned char const*, unsigned int)
 .text._ZN5Print5writeEPKc
                0x0000000000005d64       0x1c /Users/DW/Google_Drive/Makeathon_Mine/Eclipse_Workspace/acc_logging/Release/arduino.ar(Print.cpp.o)
                0x0000000000005d64                Print::write(char const*)
 .text._ZN5Print5printERK6String
                0x0000000000005d80       0x10 /Users/DW/Google_Drive/Makeathon_Mine/Eclipse_Workspace/acc_logging/Release/arduino.ar(Print.cpp.o)
                0x0000000000005d80                Print::print(String const&)
 .text._ZN5Print7printlnEv
                0x0000000000005d90       0x10 /Users/DW/Google_Drive/Makeathon_Mine/Eclipse_Workspace/acc_logging/Release/arduino.ar(Print.cpp.o)
                0x0000000000005d90                Print::println()
 .text._ZN5Print7printlnERK6String
                0x0000000000005da0       0x14 /Users/DW/Google_Drive/Makeathon_Mine/Eclipse_Workspace/acc_logging/Release/arduino.ar(Print.cpp.o)
                0x0000000000005da0                Print::println(String const&)
 .text._ZN5Print7printlnEPKc
                0x0000000000005db4       0x14 /Users/DW/Google_Drive/Makeathon_Mine/Eclipse_Workspace/acc_logging/Release/arduino.ar(Print.cpp.o)
                0x0000000000005db4                Print::println(char const*)
 .text.initiateReset
                0x0000000000005dc8        0xc /Users/DW/Google_Drive/Makeathon_Mine/Eclipse_Workspace/acc_logging/Release/arduino.ar(Reset.cpp.o)
                0x0000000000005dc8                initiateReset
 .text.cancelReset
                0x0000000000005dd4       0x10 /Users/DW/Google_Drive/Makeathon_Mine/Eclipse_Workspace/acc_logging/Release/arduino.ar(Reset.cpp.o)
                0x0000000000005dd4                cancelReset
 .text.tickReset
                0x0000000000005de4       0x74 /Users/DW/Google_Drive/Makeathon_Mine/Eclipse_Workspace/acc_logging/Release/arduino.ar(Reset.cpp.o)
                0x0000000000005de4                tickReset
 .text._ZN10RingBufferC2Ev
                0x0000000000005e58       0x1a /Users/DW/Google_Drive/Makeathon_Mine/Eclipse_Workspace/acc_logging/Release/arduino.ar(RingBuffer.cpp.o)
                0x0000000000005e58                RingBuffer::RingBuffer()
                0x0000000000005e58                RingBuffer::RingBuffer()
 .text._ZN10RingBuffer10store_charEh
                0x0000000000005e72       0x24 /Users/DW/Google_Drive/Makeathon_Mine/Eclipse_Workspace/acc_logging/Release/arduino.ar(RingBuffer.cpp.o)
                0x0000000000005e72                RingBuffer::store_char(unsigned char)
 .text._ZN10RingBuffer5clearEv
                0x0000000000005e96        0xe /Users/DW/Google_Drive/Makeathon_Mine/Eclipse_Workspace/acc_logging/Release/arduino.ar(RingBuffer.cpp.o)
                0x0000000000005e96                RingBuffer::clear()
 .text._ZN10RingBuffer9read_charEv
                0x0000000000005ea4       0x28 /Users/DW/Google_Drive/Makeathon_Mine/Eclipse_Workspace/acc_logging/Release/arduino.ar(RingBuffer.cpp.o)
                0x0000000000005ea4                RingBuffer::read_char()
 .text._ZN10RingBuffer9availableEv
                0x0000000000005ecc       0x12 /Users/DW/Google_Drive/Makeathon_Mine/Eclipse_Workspace/acc_logging/Release/arduino.ar(RingBuffer.cpp.o)
                0x0000000000005ecc                RingBuffer::available()
 .text._ZN10RingBuffer4peekEv
                0x0000000000005ede       0x1a /Users/DW/Google_Drive/Makeathon_Mine/Eclipse_Workspace/acc_logging/Release/arduino.ar(RingBuffer.cpp.o)
                0x0000000000005ede                RingBuffer::peek()
 .text._ZN10RingBuffer6isFullEv
                0x0000000000005ef8       0x20 /Users/DW/Google_Drive/Makeathon_Mine/Eclipse_Workspace/acc_logging/Release/arduino.ar(RingBuffer.cpp.o)
                0x0000000000005ef8                RingBuffer::isFull()
 .text._ZN6SERCOMC2EP6Sercom
                0x0000000000005f18        0x4 /Users/DW/Google_Drive/Makeathon_Mine/Eclipse_Workspace/acc_logging/Release/arduino.ar(SERCOM.cpp.o)
                0x0000000000005f18                SERCOM::SERCOM(Sercom*)
                0x0000000000005f18                SERCOM::SERCOM(Sercom*)
 .text._ZN6SERCOM9initFrameE18SercomUartCharSize15SercomDataOrder16SercomParityMode19SercomNumberStopBit
                0x0000000000005f1c       0x38 /Users/DW/Google_Drive/Makeathon_Mine/Eclipse_Workspace/acc_logging/Release/arduino.ar(SERCOM.cpp.o)
                0x0000000000005f1c                SERCOM::initFrame(SercomUartCharSize, SercomDataOrder, SercomParityMode, SercomNumberStopBit)
 .text._ZN6SERCOM8initPadsE15SercomUartTXPad11SercomRXPad
                0x0000000000005f54       0x26 /Users/DW/Google_Drive/Makeathon_Mine/Eclipse_Workspace/acc_logging/Release/arduino.ar(SERCOM.cpp.o)
                0x0000000000005f54                SERCOM::initPads(SercomUartTXPad, SercomRXPad)
 .text._ZN6SERCOM9resetUARTEv
                0x0000000000005f7a       0x1c /Users/DW/Google_Drive/Makeathon_Mine/Eclipse_Workspace/acc_logging/Release/arduino.ar(SERCOM.cpp.o)
                0x0000000000005f7a                SERCOM::resetUART()
 .text._ZN6SERCOM10enableUARTEv
                0x0000000000005f96       0x14 /Users/DW/Google_Drive/Makeathon_Mine/Eclipse_Workspace/acc_logging/Release/arduino.ar(SERCOM.cpp.o)
                0x0000000000005f96                SERCOM::enableUART()
 .text._ZN6SERCOM9flushUARTEv
                0x0000000000005faa       0x10 /Users/DW/Google_Drive/Makeathon_Mine/Eclipse_Workspace/acc_logging/Release/arduino.ar(SERCOM.cpp.o)
                0x0000000000005faa                SERCOM::flushUART()
 .text._ZN6SERCOM15clearStatusUARTEv
                0x0000000000005fba        0x8 /Users/DW/Google_Drive/Makeathon_Mine/Eclipse_Workspace/acc_logging/Release/arduino.ar(SERCOM.cpp.o)
                0x0000000000005fba                SERCOM::clearStatusUART()
 .text._ZN6SERCOM17availableDataUARTEv
                0x0000000000005fc2        0xa /Users/DW/Google_Drive/Makeathon_Mine/Eclipse_Workspace/acc_logging/Release/arduino.ar(SERCOM.cpp.o)
                0x0000000000005fc2                SERCOM::availableDataUART()
 .text._ZN6SERCOM11isUARTErrorEv
                0x0000000000005fcc        0x8 /Users/DW/Google_Drive/Makeathon_Mine/Eclipse_Workspace/acc_logging/Release/arduino.ar(SERCOM.cpp.o)
                0x0000000000005fcc                SERCOM::isUARTError()
 .text._ZN6SERCOM20acknowledgeUARTErrorEv
                0x0000000000005fd4        0xe /Users/DW/Google_Drive/Makeathon_Mine/Eclipse_Workspace/acc_logging/Release/arduino.ar(SERCOM.cpp.o)
                0x0000000000005fd4                SERCOM::acknowledgeUARTError()
 .text._ZN6SERCOM12readDataUARTEv
                0x0000000000005fe2        0x8 /Users/DW/Google_Drive/Makeathon_Mine/Eclipse_Workspace/acc_logging/Release/arduino.ar(SERCOM.cpp.o)
                0x0000000000005fe2                SERCOM::readDataUART()
 .text._ZN6SERCOM13writeDataUARTEh
                0x0000000000005fea        0xe /Users/DW/Google_Drive/Makeathon_Mine/Eclipse_Workspace/acc_logging/Release/arduino.ar(SERCOM.cpp.o)
                0x0000000000005fea                SERCOM::writeDataUART(unsigned char)
 .text._ZN6SERCOM12initSPIClockE18SercomSpiClockModem
                0x0000000000005ff8       0x30 /Users/DW/Google_Drive/Makeathon_Mine/Eclipse_Workspace/acc_logging/Release/arduino.ar(SERCOM.cpp.o)
                0x0000000000005ff8                SERCOM::initSPIClock(SercomSpiClockMode, unsigned long)
 .text._ZN6SERCOM8resetSPIEv
                0x0000000000006028       0x1c /Users/DW/Google_Drive/Makeathon_Mine/Eclipse_Workspace/acc_logging/Release/arduino.ar(SERCOM.cpp.o)
                0x0000000000006028                SERCOM::resetSPI()
 .text._ZN6SERCOM9enableSPIEv
                0x0000000000006044       0x14 /Users/DW/Google_Drive/Makeathon_Mine/Eclipse_Workspace/acc_logging/Release/arduino.ar(SERCOM.cpp.o)
                0x0000000000006044                SERCOM::enableSPI()
 .text._ZN6SERCOM10disableSPIEv
                0x0000000000006058       0x12 /Users/DW/Google_Drive/Makeathon_Mine/Eclipse_Workspace/acc_logging/Release/arduino.ar(SERCOM.cpp.o)
                0x0000000000006058                SERCOM::disableSPI()
 .text._ZN6SERCOM15transferDataSPIEh
                0x000000000000606a       0x1a /Users/DW/Google_Drive/Makeathon_Mine/Eclipse_Workspace/acc_logging/Release/arduino.ar(SERCOM.cpp.o)
                0x000000000000606a                SERCOM::transferDataSPI(unsigned char)
 .text._ZN6SERCOM9resetWIREEv
                0x0000000000006084       0x1c /Users/DW/Google_Drive/Makeathon_Mine/Eclipse_Workspace/acc_logging/Release/arduino.ar(SERCOM.cpp.o)
                0x0000000000006084                SERCOM::resetWIRE()
 .text._ZN6SERCOM10enableWIREEv
                0x00000000000060a0       0x28 /Users/DW/Google_Drive/Makeathon_Mine/Eclipse_Workspace/acc_logging/Release/arduino.ar(SERCOM.cpp.o)
                0x00000000000060a0                SERCOM::enableWIRE()
 .text._ZN6SERCOM18prepareNackBitWIREEv
                0x00000000000060c8       0x10 /Users/DW/Google_Drive/Makeathon_Mine/Eclipse_Workspace/acc_logging/Release/arduino.ar(SERCOM.cpp.o)
                0x00000000000060c8                SERCOM::prepareNackBitWIRE()
 .text._ZN6SERCOM17prepareAckBitWIREEv
                0x00000000000060d8       0x14 /Users/DW/Google_Drive/Makeathon_Mine/Eclipse_Workspace/acc_logging/Release/arduino.ar(SERCOM.cpp.o)
                0x00000000000060d8                SERCOM::prepareAckBitWIRE()
 .text._ZN6SERCOM22prepareCommandBitsWireEh
                0x00000000000060ec       0x2c /Users/DW/Google_Drive/Makeathon_Mine/Eclipse_Workspace/acc_logging/Release/arduino.ar(SERCOM.cpp.o)
                0x00000000000060ec                SERCOM::prepareCommandBitsWire(unsigned char)
 .text._ZN6SERCOM21startTransmissionWIREEh23SercomWireReadWriteFlag
                0x0000000000006118       0x5e /Users/DW/Google_Drive/Makeathon_Mine/Eclipse_Workspace/acc_logging/Release/arduino.ar(SERCOM.cpp.o)
                0x0000000000006118                SERCOM::startTransmissionWIRE(unsigned char, SercomWireReadWriteFlag)
 .text._ZN6SERCOM18sendDataMasterWIREEh
                0x0000000000006176       0x22 /Users/DW/Google_Drive/Makeathon_Mine/Eclipse_Workspace/acc_logging/Release/arduino.ar(SERCOM.cpp.o)
                0x0000000000006176                SERCOM::sendDataMasterWIRE(unsigned char)
 .text._ZN6SERCOM17sendDataSlaveWIREEh
                0x0000000000006198       0x1a /Users/DW/Google_Drive/Makeathon_Mine/Eclipse_Workspace/acc_logging/Release/arduino.ar(SERCOM.cpp.o)
                0x0000000000006198                SERCOM::sendDataSlaveWIRE(unsigned char)
 .text._ZN6SERCOM11isSlaveWIREEv
                0x00000000000061b2       0x12 /Users/DW/Google_Drive/Makeathon_Mine/Eclipse_Workspace/acc_logging/Release/arduino.ar(SERCOM.cpp.o)
                0x00000000000061b2                SERCOM::isSlaveWIRE()
 .text._ZN6SERCOM15isDataReadyWIREEv
                0x00000000000061c4        0xa /Users/DW/Google_Drive/Makeathon_Mine/Eclipse_Workspace/acc_logging/Release/arduino.ar(SERCOM.cpp.o)
                0x00000000000061c4                SERCOM::isDataReadyWIRE()
 .text._ZN6SERCOM18isStopDetectedWIREEv
                0x00000000000061ce        0xa /Users/DW/Google_Drive/Makeathon_Mine/Eclipse_Workspace/acc_logging/Release/arduino.ar(SERCOM.cpp.o)
                0x00000000000061ce                SERCOM::isStopDetectedWIRE()
 .text._ZN6SERCOM21isRestartDetectedWIREEv
                0x00000000000061d8        0xa /Users/DW/Google_Drive/Makeathon_Mine/Eclipse_Workspace/acc_logging/Release/arduino.ar(SERCOM.cpp.o)
                0x00000000000061d8                SERCOM::isRestartDetectedWIRE()
 .text._ZN6SERCOM14isAddressMatchEv
                0x00000000000061e2        0xa /Users/DW/Google_Drive/Makeathon_Mine/Eclipse_Workspace/acc_logging/Release/arduino.ar(SERCOM.cpp.o)
                0x00000000000061e2                SERCOM::isAddressMatch()
 .text._ZN6SERCOM25isMasterReadOperationWIREEv
                0x00000000000061ec        0xa /Users/DW/Google_Drive/Makeathon_Mine/Eclipse_Workspace/acc_logging/Release/arduino.ar(SERCOM.cpp.o)
                0x00000000000061ec                SERCOM::isMasterReadOperationWIRE()
 .text._ZN6SERCOM12readDataWIREEv
                0x00000000000061f6       0x1a /Users/DW/Google_Drive/Makeathon_Mine/Eclipse_Workspace/acc_logging/Release/arduino.ar(SERCOM.cpp.o)
                0x00000000000061f6                SERCOM::readDataWIRE()
 .text._ZN6SERCOM13initClockNVICEv
                0x0000000000006210       0xac /Users/DW/Google_Drive/Makeathon_Mine/Eclipse_Workspace/acc_logging/Release/arduino.ar(SERCOM.cpp.o)
                0x0000000000006210                SERCOM::initClockNVIC()
 .text._ZN6SERCOM8initUARTE14SercomUartMode20SercomUartSampleRatem
                0x00000000000062bc       0x6c /Users/DW/Google_Drive/Makeathon_Mine/Eclipse_Workspace/acc_logging/Release/arduino.ar(SERCOM.cpp.o)
                0x00000000000062bc                SERCOM::initUART(SercomUartMode, SercomUartSampleRate, unsigned long)
 .text._ZN6SERCOM7initSPIE14SercomSpiTXPad11SercomRXPad17SercomSpiCharSize15SercomDataOrder
                0x0000000000006328       0x48 /Users/DW/Google_Drive/Makeathon_Mine/Eclipse_Workspace/acc_logging/Release/arduino.ar(SERCOM.cpp.o)
                0x0000000000006328                SERCOM::initSPI(SercomSpiTXPad, SercomRXPad, SercomSpiCharSize, SercomDataOrder)
 .text._ZN6SERCOM14initMasterWIREEm
                0x0000000000006370       0x38 /Users/DW/Google_Drive/Makeathon_Mine/Eclipse_Workspace/acc_logging/Release/arduino.ar(SERCOM.cpp.o)
                0x0000000000006370                SERCOM::initMasterWIRE(unsigned long)
 .text._ZN4UartcvbEv
                0x00000000000063a8        0x4 /Users/DW/Google_Drive/Makeathon_Mine/Eclipse_Workspace/acc_logging/Release/arduino.ar(Uart.cpp.o)
                0x00000000000063a8                Uart::operator bool()
 .text._ZN4Uart5beginEm
                0x00000000000063ac       0x10 /Users/DW/Google_Drive/Makeathon_Mine/Eclipse_Workspace/acc_logging/Release/arduino.ar(Uart.cpp.o)
                0x00000000000063ac                Uart::begin(unsigned long)
 .text._ZN4Uart3endEv
                0x00000000000063bc       0x14 /Users/DW/Google_Drive/Makeathon_Mine/Eclipse_Workspace/acc_logging/Release/arduino.ar(Uart.cpp.o)
                0x00000000000063bc                Uart::end()
 .text._ZN4Uart5flushEv
                0x00000000000063d0        0xa /Users/DW/Google_Drive/Makeathon_Mine/Eclipse_Workspace/acc_logging/Release/arduino.ar(Uart.cpp.o)
                0x00000000000063d0                Uart::flush()
 .text._ZN4Uart9availableEv
                0x00000000000063da        0xa /Users/DW/Google_Drive/Makeathon_Mine/Eclipse_Workspace/acc_logging/Release/arduino.ar(Uart.cpp.o)
                0x00000000000063da                Uart::available()
 .text._ZN4Uart4peekEv
                0x00000000000063e4        0xa /Users/DW/Google_Drive/Makeathon_Mine/Eclipse_Workspace/acc_logging/Release/arduino.ar(Uart.cpp.o)
                0x00000000000063e4                Uart::peek()
 .text._ZN4Uart4readEv
                0x00000000000063ee        0xa /Users/DW/Google_Drive/Makeathon_Mine/Eclipse_Workspace/acc_logging/Release/arduino.ar(Uart.cpp.o)
                0x00000000000063ee                Uart::read()
 .text._ZN4Uart5writeEh
                0x00000000000063f8        0xc /Users/DW/Google_Drive/Makeathon_Mine/Eclipse_Workspace/acc_logging/Release/arduino.ar(Uart.cpp.o)
                0x00000000000063f8                Uart::write(unsigned char)
 .text._ZN4UartC2EP6SERCOMhh11SercomRXPad15SercomUartTXPad
                0x0000000000006404       0x48 /Users/DW/Google_Drive/Makeathon_Mine/Eclipse_Workspace/acc_logging/Release/arduino.ar(Uart.cpp.o)
                0x0000000000006404                Uart::Uart(SERCOM*, unsigned char, unsigned char, SercomRXPad, SercomUartTXPad)
                0x0000000000006404                Uart::Uart(SERCOM*, unsigned char, unsigned char, SercomRXPad, SercomUartTXPad)
 .text._ZN4Uart10IrqHandlerEv
                0x000000000000644c       0x36 /Users/DW/Google_Drive/Makeathon_Mine/Eclipse_Workspace/acc_logging/Release/arduino.ar(Uart.cpp.o)
                0x000000000000644c                Uart::IrqHandler()
 .text._ZN4Uart16extractNbStopBitEt
                0x0000000000006482        0xe /Users/DW/Google_Drive/Makeathon_Mine/Eclipse_Workspace/acc_logging/Release/arduino.ar(Uart.cpp.o)
                0x0000000000006482                Uart::extractNbStopBit(unsigned short)
 .text._ZN4Uart15extractCharSizeEt
                0x0000000000006490       0x2c /Users/DW/Google_Drive/Makeathon_Mine/Eclipse_Workspace/acc_logging/Release/arduino.ar(Uart.cpp.o)
                0x0000000000006490                Uart::extractCharSize(unsigned short)
 .text._ZN4Uart13extractParityEt
                0x00000000000064bc       0x18 /Users/DW/Google_Drive/Makeathon_Mine/Eclipse_Workspace/acc_logging/Release/arduino.ar(Uart.cpp.o)
                0x00000000000064bc                Uart::extractParity(unsigned short)
 .text._ZN4Uart5beginEmt
                0x00000000000064d4       0x88 /Users/DW/Google_Drive/Makeathon_Mine/Eclipse_Workspace/acc_logging/Release/arduino.ar(Uart.cpp.o)
                0x00000000000064d4                Uart::begin(unsigned long, unsigned short)
 .text._ZNK6String14StringIfHelperEv
                0x000000000000655c        0x2 /Users/DW/Google_Drive/Makeathon_Mine/Eclipse_Workspace/acc_logging/Release/arduino.ar(WString.cpp.o)
                0x000000000000655c                String::StringIfHelper() const
 .text._ZN6StringD2Ev
                0x000000000000655e        0xe /Users/DW/Google_Drive/Makeathon_Mine/Eclipse_Workspace/acc_logging/Release/arduino.ar(WString.cpp.o)
                0x000000000000655e                String::~String()
                0x000000000000655e                String::~String()
 .text._ZN6String10invalidateEv
                0x000000000000656c       0x18 /Users/DW/Google_Drive/Makeathon_Mine/Eclipse_Workspace/acc_logging/Release/arduino.ar(WString.cpp.o)
                0x000000000000656c                String::invalidate()
 .text._ZN6String12changeBufferEj
                0x0000000000006584       0x18 /Users/DW/Google_Drive/Makeathon_Mine/Eclipse_Workspace/acc_logging/Release/arduino.ar(WString.cpp.o)
                0x0000000000006584                String::changeBuffer(unsigned int)
 .text._ZN6String7reserveEj
                0x000000000000659c       0x28 /Users/DW/Google_Drive/Makeathon_Mine/Eclipse_Workspace/acc_logging/Release/arduino.ar(WString.cpp.o)
                0x000000000000659c                String::reserve(unsigned int)
 .text._ZN6String4copyEPKcj
                0x00000000000065c4       0x28 /Users/DW/Google_Drive/Makeathon_Mine/Eclipse_Workspace/acc_logging/Release/arduino.ar(WString.cpp.o)
                0x00000000000065c4                String::copy(char const*, unsigned int)
 .text._ZN6StringC2EPKc
                0x00000000000065ec       0x26 /Users/DW/Google_Drive/Makeathon_Mine/Eclipse_Workspace/acc_logging/Release/arduino.ar(WString.cpp.o)
                0x00000000000065ec                String::String(char const*)
                0x00000000000065ec                String::String(char const*)
 *fill*         0x0000000000006612        0x2 
 .text._ZN6String4moveERS_
                0x0000000000006614       0x4c /Users/DW/Google_Drive/Makeathon_Mine/Eclipse_Workspace/acc_logging/Release/arduino.ar(WString.cpp.o)
                0x0000000000006614                String::move(String&)
 .text._ZN6StringaSERKS_
                0x0000000000006660       0x20 /Users/DW/Google_Drive/Makeathon_Mine/Eclipse_Workspace/acc_logging/Release/arduino.ar(WString.cpp.o)
                0x0000000000006660                String::operator=(String const&)
 .text._ZN6StringC2ERKS_
                0x0000000000006680       0x14 /Users/DW/Google_Drive/Makeathon_Mine/Eclipse_Workspace/acc_logging/Release/arduino.ar(WString.cpp.o)
                0x0000000000006680                String::String(String const&)
                0x0000000000006680                String::String(String const&)
 .text._ZN6StringaSEO15StringSumHelper
                0x0000000000006694       0x10 /Users/DW/Google_Drive/Makeathon_Mine/Eclipse_Workspace/acc_logging/Release/arduino.ar(WString.cpp.o)
                0x0000000000006694                String::operator=(StringSumHelper&&)
 .text._ZN6StringaSEPKc
                0x00000000000066a4       0x22 /Users/DW/Google_Drive/Makeathon_Mine/Eclipse_Workspace/acc_logging/Release/arduino.ar(WString.cpp.o)
                0x00000000000066a4                String::operator=(char const*)
 .text._ZN6StringC2Efh
                0x00000000000066c6       0x32 /Users/DW/Google_Drive/Makeathon_Mine/Eclipse_Workspace/acc_logging/Release/arduino.ar(WString.cpp.o)
                0x00000000000066c6                String::String(float, unsigned char)
                0x00000000000066c6                String::String(float, unsigned char)
 .text._ZN6String6concatEPKcj
                0x00000000000066f8       0x32 /Users/DW/Google_Drive/Makeathon_Mine/Eclipse_Workspace/acc_logging/Release/arduino.ar(WString.cpp.o)
                0x00000000000066f8                String::concat(char const*, unsigned int)
 .text._ZN6String6concatERKS_
                0x000000000000672a        0xe /Users/DW/Google_Drive/Makeathon_Mine/Eclipse_Workspace/acc_logging/Release/arduino.ar(WString.cpp.o)
                0x000000000000672a                String::concat(String const&)
 .text._ZN6String6concatEh
                0x0000000000006738       0x20 /Users/DW/Google_Drive/Makeathon_Mine/Eclipse_Workspace/acc_logging/Release/arduino.ar(WString.cpp.o)
                0x0000000000006738                String::concat(unsigned char)
 .text._ZplRK15StringSumHelperRK6String
                0x0000000000006758       0x1c /Users/DW/Google_Drive/Makeathon_Mine/Eclipse_Workspace/acc_logging/Release/arduino.ar(WString.cpp.o)
                0x0000000000006758                operator+(StringSumHelper const&, String const&)
 .text._ZplRK15StringSumHelperPKc
                0x0000000000006774       0x26 /Users/DW/Google_Drive/Makeathon_Mine/Eclipse_Workspace/acc_logging/Release/arduino.ar(WString.cpp.o)
                0x0000000000006774                operator+(StringSumHelper const&, char const*)
 .text._ZplRK15StringSumHelperh
                0x000000000000679a       0x16 /Users/DW/Google_Drive/Makeathon_Mine/Eclipse_Workspace/acc_logging/Release/arduino.ar(WString.cpp.o)
                0x000000000000679a                operator+(StringSumHelper const&, unsigned char)
 .text.__cxa_pure_virtual
                0x00000000000067b0        0x2 /Users/DW/Google_Drive/Makeathon_Mine/Eclipse_Workspace/acc_logging/Release/arduino.ar(abi.cpp.o)
                0x00000000000067b0                __cxa_pure_virtual
 .text.Dummy_Handler
                0x00000000000067b2        0x2 /Users/DW/Google_Drive/Makeathon_Mine/Eclipse_Workspace/acc_logging/Release/arduino.ar(cortex_handlers.c.o)
                0x00000000000067b2                SYSCTRL_Handler
                0x00000000000067b2                HardFault_Handler
                0x00000000000067b2                AC_Handler
                0x00000000000067b2                PendSV_Handler
                0x00000000000067b2                NMI_Handler
                0x00000000000067b2                TC7_Handler
                0x00000000000067b2                SERCOM1_Handler
                0x00000000000067b2                ADC_Handler
                0x00000000000067b2                TCC1_Handler
                0x00000000000067b2                SERCOM2_Handler
                0x00000000000067b2                TCC0_Handler
                0x00000000000067b2                EIC_Handler
                0x00000000000067b2                TC6_Handler
                0x00000000000067b2                WDT_Handler
                0x00000000000067b2                TC4_Handler
                0x00000000000067b2                TC3_Handler
                0x00000000000067b2                Dummy_Handler
                0x00000000000067b2                PM_Handler
                0x00000000000067b2                SVC_Handler
                0x00000000000067b2                TCC2_Handler
                0x00000000000067b2                EVSYS_Handler
                0x00000000000067b2                SERCOM4_Handler
                0x00000000000067b2                I2S_Handler
                0x00000000000067b2                NVMCTRL_Handler
                0x00000000000067b2                DAC_Handler
                0x00000000000067b2                PTC_Handler
                0x00000000000067b2                DMAC_Handler
 .text.USB_Handler
                0x00000000000067b4       0x14 /Users/DW/Google_Drive/Makeathon_Mine/Eclipse_Workspace/acc_logging/Release/arduino.ar(cortex_handlers.c.o)
                0x00000000000067b4                USB_Handler
 .text.Reset_Handler
                0x00000000000067c8       0x54 /Users/DW/Google_Drive/Makeathon_Mine/Eclipse_Workspace/acc_logging/Release/arduino.ar(cortex_handlers.c.o)
                0x00000000000067c8                Reset_Handler
 .text.SysTick_Handler
                0x000000000000681c       0x10 /Users/DW/Google_Drive/Makeathon_Mine/Eclipse_Workspace/acc_logging/Release/arduino.ar(cortex_handlers.c.o)
                0x000000000000681c                SysTick_Handler
 .text.USB_SetHandler
                0x000000000000682c        0xc /Users/DW/Google_Drive/Makeathon_Mine/Eclipse_Workspace/acc_logging/Release/arduino.ar(cortex_handlers.c.o)
                0x000000000000682c                USB_SetHandler
 .text.millis   0x0000000000006838        0xc /Users/DW/Google_Drive/Makeathon_Mine/Eclipse_Workspace/acc_logging/Release/arduino.ar(delay.c.o)
                0x0000000000006838                millis
 .text.delay    0x0000000000006844       0x20 /Users/DW/Google_Drive/Makeathon_Mine/Eclipse_Workspace/acc_logging/Release/arduino.ar(delay.c.o)
                0x0000000000006844                delay
 .text.SysTick_DefaultHandler
                0x0000000000006864       0x14 /Users/DW/Google_Drive/Makeathon_Mine/Eclipse_Workspace/acc_logging/Release/arduino.ar(delay.c.o)
                0x0000000000006864                SysTick_DefaultHandler
 .text.__empty  0x0000000000006878        0x2 /Users/DW/Google_Drive/Makeathon_Mine/Eclipse_Workspace/acc_logging/Release/arduino.ar(hooks.c.o)
                0x0000000000006878                yield
 .text.__false  0x000000000000687a        0x4 /Users/DW/Google_Drive/Makeathon_Mine/Eclipse_Workspace/acc_logging/Release/arduino.ar(hooks.c.o)
                0x000000000000687a                sysTickHook
 .text.ltoa     0x000000000000687e       0x8a /Users/DW/Google_Drive/Makeathon_Mine/Eclipse_Workspace/acc_logging/Release/arduino.ar(itoa.c.o)
                0x000000000000687e                ltoa
 .text.itoa     0x0000000000006908        0x8 /Users/DW/Google_Drive/Makeathon_Mine/Eclipse_Workspace/acc_logging/Release/arduino.ar(itoa.c.o)
                0x0000000000006908                itoa
 .text._Z11initVariantv
                0x0000000000006910        0x2 /Users/DW/Google_Drive/Makeathon_Mine/Eclipse_Workspace/acc_logging/Release/arduino.ar(main.cpp.o)
                0x0000000000006910                initVariant()
 *fill*         0x0000000000006912        0x2 
 .text.startup.main
                0x0000000000006914       0x40 /Users/DW/Google_Drive/Makeathon_Mine/Eclipse_Workspace/acc_logging/Release/arduino.ar(main.cpp.o)
                0x0000000000006914                main
 .text._Znwj    0x0000000000006954        0x8 /Users/DW/Google_Drive/Makeathon_Mine/Eclipse_Workspace/acc_logging/Release/arduino.ar(new.cpp.o)
                0x0000000000006954                operator new(unsigned int)
 .text._ZdlPv   0x000000000000695c        0x8 /Users/DW/Google_Drive/Makeathon_Mine/Eclipse_Workspace/acc_logging/Release/arduino.ar(new.cpp.o)
                0x000000000000695c                operator delete(void*)
 .text.SystemInit
                0x0000000000006964      0x168 /Users/DW/Google_Drive/Makeathon_Mine/Eclipse_Workspace/acc_logging/Release/arduino.ar(startup.c.o)
                0x0000000000006964                SystemInit
 .text.init     0x0000000000006acc       0xf0 /Users/DW/Google_Drive/Makeathon_Mine/Eclipse_Workspace/acc_logging/Release/arduino.ar(wiring.c.o)
                0x0000000000006acc                init
 .text.mapResolution
                0x0000000000006bbc       0x12 /Users/DW/Google_Drive/Makeathon_Mine/Eclipse_Workspace/acc_logging/Release/arduino.ar(wiring_analog.c.o)
 *fill*         0x0000000000006bce        0x2 
 .text.analogReference
                0x0000000000006bd0       0x5c /Users/DW/Google_Drive/Makeathon_Mine/Eclipse_Workspace/acc_logging/Release/arduino.ar(wiring_analog.c.o)
                0x0000000000006bd0                analogReference
 .text.analogRead
                0x0000000000006c2c       0xe4 /Users/DW/Google_Drive/Makeathon_Mine/Eclipse_Workspace/acc_logging/Release/arduino.ar(wiring_analog.c.o)
                0x0000000000006c2c                analogRead
 .text.pinMode  0x0000000000006d10       0xb4 /Users/DW/Google_Drive/Makeathon_Mine/Eclipse_Workspace/acc_logging/Release/arduino.ar(wiring_digital.c.o)
                0x0000000000006d10                pinMode
 .text.digitalWrite
                0x0000000000006dc4       0x60 /Users/DW/Google_Drive/Makeathon_Mine/Eclipse_Workspace/acc_logging/Release/arduino.ar(wiring_digital.c.o)
                0x0000000000006dc4                digitalWrite
 .text.digitalRead
                0x0000000000006e24       0x30 /Users/DW/Google_Drive/Makeathon_Mine/Eclipse_Workspace/acc_logging/Release/arduino.ar(wiring_digital.c.o)
                0x0000000000006e24                digitalRead
 .text.pinPeripheral
                0x0000000000006e54       0xc4 /Users/DW/Google_Drive/Makeathon_Mine/Eclipse_Workspace/acc_logging/Release/arduino.ar(wiring_private.c.o)
                0x0000000000006e54                pinPeripheral
 .text.dtostrf  0x0000000000006f18       0x28 /Users/DW/Google_Drive/Makeathon_Mine/Eclipse_Workspace/acc_logging/Release/arduino.ar(dtostrf.c.o)
                0x0000000000006f18                dtostrf
 .text._ZN13PluggableUSB_12getInterfaceEPh
                0x0000000000006f40       0x2a /Users/DW/Google_Drive/Makeathon_Mine/Eclipse_Workspace/acc_logging/Release/arduino.ar(PluggableUSB.cpp.o)
                0x0000000000006f40                PluggableUSB_::getInterface(unsigned char*)
 .text._ZN13PluggableUSB_13getDescriptorER8USBSetup
                0x0000000000006f6a       0x20 /Users/DW/Google_Drive/Makeathon_Mine/Eclipse_Workspace/acc_logging/Release/arduino.ar(PluggableUSB.cpp.o)
                0x0000000000006f6a                PluggableUSB_::getDescriptor(USBSetup&)
 .text._ZN13PluggableUSB_12getShortNameEPc
                0x0000000000006f8a       0x1e /Users/DW/Google_Drive/Makeathon_Mine/Eclipse_Workspace/acc_logging/Release/arduino.ar(PluggableUSB.cpp.o)
                0x0000000000006f8a                PluggableUSB_::getShortName(char*)
 .text._ZN13PluggableUSB_5setupER8USBSetup
                0x0000000000006fa8       0x24 /Users/DW/Google_Drive/Makeathon_Mine/Eclipse_Workspace/acc_logging/Release/arduino.ar(PluggableUSB.cpp.o)
                0x0000000000006fa8                PluggableUSB_::setup(USBSetup&)
 .text._Z12PluggableUSBv
                0x0000000000006fcc       0x24 /Users/DW/Google_Drive/Makeathon_Mine/Eclipse_Workspace/acc_logging/Release/arduino.ar(PluggableUSB.cpp.o)
                0x0000000000006fcc                PluggableUSB()
 .text.__fpclassifyd
                0x0000000000006ff0       0x60 /Applications/sloeber.app/Contents/Eclipse/arduinoPlugin/packages/arduino/tools/arm-none-eabi-gcc/4.8.3-2014q1/bin/../lib/gcc/arm-none-eabi/4.8.3/../../../../arm-none-eabi/lib/armv6-m/libm.a(lib_a-s_fpclassify.o)
                0x0000000000006ff0                __fpclassifyd
 .text          0x0000000000007050       0x14 /Applications/sloeber.app/Contents/Eclipse/arduinoPlugin/packages/arduino/tools/arm-none-eabi-gcc/4.8.3-2014q1/bin/../lib/gcc/arm-none-eabi/4.8.3/armv6-m/libgcc.a(_thumb1_case_uqi.o)
                0x0000000000007050                __gnu_thumb1_case_uqi
 .text          0x0000000000007064       0x9c /Applications/sloeber.app/Contents/Eclipse/arduinoPlugin/packages/arduino/tools/arm-none-eabi-gcc/4.8.3-2014q1/bin/../lib/gcc/arm-none-eabi/4.8.3/armv6-m/libgcc.a(_udivsi3.o)
                0x0000000000007064                __udivsi3
                0x0000000000007064                __aeabi_uidiv
                0x00000000000070ec                __aeabi_uidivmod
 .text          0x0000000000007100       0xc0 /Applications/sloeber.app/Contents/Eclipse/arduinoPlugin/packages/arduino/tools/arm-none-eabi-gcc/4.8.3-2014q1/bin/../lib/gcc/arm-none-eabi/4.8.3/armv6-m/libgcc.a(_divsi3.o)
                0x0000000000007100                __aeabi_idiv
                0x0000000000007100                __divsi3
                0x00000000000071ac                __aeabi_idivmod
 .text          0x00000000000071c0        0x4 /Applications/sloeber.app/Contents/Eclipse/arduinoPlugin/packages/arduino/tools/arm-none-eabi-gcc/4.8.3-2014q1/bin/../lib/gcc/arm-none-eabi/4.8.3/armv6-m/libgcc.a(_dvmd_tls.o)
                0x00000000000071c0                __aeabi_ldiv0
                0x00000000000071c0                __aeabi_idiv0
 .text          0x00000000000071c4       0x7c /Applications/sloeber.app/Contents/Eclipse/arduinoPlugin/packages/arduino/tools/arm-none-eabi-gcc/4.8.3-2014q1/bin/../lib/gcc/arm-none-eabi/4.8.3/armv6-m/libgcc.a(_arm_cmpdf2.o)
                0x00000000000071c4                __aeabi_cdrcmple
                0x00000000000071d4                __aeabi_cdcmple
                0x00000000000071d4                __aeabi_cdcmpeq
                0x00000000000071e4                __aeabi_dcmpeq
                0x00000000000071f0                __aeabi_dcmplt
                0x0000000000007204                __aeabi_dcmple
                0x0000000000007218                __aeabi_dcmpgt
                0x000000000000722c                __aeabi_dcmpge
 .text          0x0000000000007240      0x2c8 /Applications/sloeber.app/Contents/Eclipse/arduinoPlugin/packages/arduino/tools/arm-none-eabi-gcc/4.8.3-2014q1/bin/../lib/gcc/arm-none-eabi/4.8.3/armv6-m/libgcc.a(addsf3.o)
                0x0000000000007240                __aeabi_fadd
 .text          0x0000000000007508      0x24c /Applications/sloeber.app/Contents/Eclipse/arduinoPlugin/packages/arduino/tools/arm-none-eabi-gcc/4.8.3-2014q1/bin/../lib/gcc/arm-none-eabi/4.8.3/armv6-m/libgcc.a(divsf3.o)
                0x0000000000007508                __aeabi_fdiv
 .text          0x0000000000007754      0x254 /Applications/sloeber.app/Contents/Eclipse/arduinoPlugin/packages/arduino/tools/arm-none-eabi-gcc/4.8.3-2014q1/bin/../lib/gcc/arm-none-eabi/4.8.3/armv6-m/libgcc.a(mulsf3.o)
                0x0000000000007754                __aeabi_fmul
 .text          0x00000000000079a8       0xb8 /Applications/sloeber.app/Contents/Eclipse/arduinoPlugin/packages/arduino/tools/arm-none-eabi-gcc/4.8.3-2014q1/bin/../lib/gcc/arm-none-eabi/4.8.3/armv6-m/libgcc.a(floatsisf.o)
                0x00000000000079a8                __aeabi_i2f
 .text          0x0000000000007a60       0xa0 /Applications/sloeber.app/Contents/Eclipse/arduinoPlugin/packages/arduino/tools/arm-none-eabi-gcc/4.8.3-2014q1/bin/../lib/gcc/arm-none-eabi/4.8.3/armv6-m/libgcc.a(floatunsisf.o)
                0x0000000000007a60                __aeabi_ui2f
 .text          0x0000000000007b00      0x638 /Applications/sloeber.app/Contents/Eclipse/arduinoPlugin/packages/arduino/tools/arm-none-eabi-gcc/4.8.3-2014q1/bin/../lib/gcc/arm-none-eabi/4.8.3/armv6-m/libgcc.a(adddf3.o)
                0x0000000000007b00                __aeabi_dadd
 .text          0x0000000000008138      0x648 /Applications/sloeber.app/Contents/Eclipse/arduinoPlugin/packages/arduino/tools/arm-none-eabi-gcc/4.8.3-2014q1/bin/../lib/gcc/arm-none-eabi/4.8.3/armv6-m/libgcc.a(divdf3.o)
                0x0000000000008138                __aeabi_ddiv
 .text          0x0000000000008780       0x94 /Applications/sloeber.app/Contents/Eclipse/arduinoPlugin/packages/arduino/tools/arm-none-eabi-gcc/4.8.3-2014q1/bin/../lib/gcc/arm-none-eabi/4.8.3/armv6-m/libgcc.a(eqdf2.o)
                0x0000000000008780                __eqdf2
                0x0000000000008780                __nedf2
 .text          0x0000000000008814       0xfc /Applications/sloeber.app/Contents/Eclipse/arduinoPlugin/packages/arduino/tools/arm-none-eabi-gcc/4.8.3-2014q1/bin/../lib/gcc/arm-none-eabi/4.8.3/armv6-m/libgcc.a(gedf2.o)
                0x0000000000008814                __gtdf2
                0x0000000000008814                __gedf2
 .text          0x0000000000008910       0xfc /Applications/sloeber.app/Contents/Eclipse/arduinoPlugin/packages/arduino/tools/arm-none-eabi-gcc/4.8.3-2014q1/bin/../lib/gcc/arm-none-eabi/4.8.3/armv6-m/libgcc.a(ledf2.o)
                0x0000000000008910                __ltdf2
                0x0000000000008910                __ledf2
 .text          0x0000000000008a0c      0x520 /Applications/sloeber.app/Contents/Eclipse/arduinoPlugin/packages/arduino/tools/arm-none-eabi-gcc/4.8.3-2014q1/bin/../lib/gcc/arm-none-eabi/4.8.3/armv6-m/libgcc.a(muldf3.o)
                0x0000000000008a0c                __aeabi_dmul
 .text          0x0000000000008f2c      0x654 /Applications/sloeber.app/Contents/Eclipse/arduinoPlugin/packages/arduino/tools/arm-none-eabi-gcc/4.8.3-2014q1/bin/../lib/gcc/arm-none-eabi/4.8.3/armv6-m/libgcc.a(subdf3.o)
                0x0000000000008f2c                __aeabi_dsub
 .text          0x0000000000009580       0x68 /Applications/sloeber.app/Contents/Eclipse/arduinoPlugin/packages/arduino/tools/arm-none-eabi-gcc/4.8.3-2014q1/bin/../lib/gcc/arm-none-eabi/4.8.3/armv6-m/libgcc.a(fixdfsi.o)
                0x0000000000009580                __aeabi_d2iz
 .text          0x00000000000095e8       0x68 /Applications/sloeber.app/Contents/Eclipse/arduinoPlugin/packages/arduino/tools/arm-none-eabi-gcc/4.8.3-2014q1/bin/../lib/gcc/arm-none-eabi/4.8.3/armv6-m/libgcc.a(floatunsidf.o)
                0x00000000000095e8                __aeabi_ui2d
 .text          0x0000000000009650       0xa4 /Applications/sloeber.app/Contents/Eclipse/arduinoPlugin/packages/arduino/tools/arm-none-eabi-gcc/4.8.3-2014q1/bin/../lib/gcc/arm-none-eabi/4.8.3/armv6-m/libgcc.a(extendsfdf2.o)
                0x0000000000009650                __aeabi_f2d
 .text          0x00000000000096f4      0x118 /Applications/sloeber.app/Contents/Eclipse/arduinoPlugin/packages/arduino/tools/arm-none-eabi-gcc/4.8.3-2014q1/bin/../lib/gcc/arm-none-eabi/4.8.3/armv6-m/libgcc.a(truncdfsf2.o)
                0x00000000000096f4                __aeabi_d2f
 .text          0x000000000000980c       0x3c /Applications/sloeber.app/Contents/Eclipse/arduinoPlugin/packages/arduino/tools/arm-none-eabi-gcc/4.8.3-2014q1/bin/../lib/gcc/arm-none-eabi/4.8.3/armv6-m/libgcc.a(_clzsi2.o)
                0x000000000000980c                __clzsi2
 .text.__aeabi_atexit
                0x0000000000009848        0xe /Applications/sloeber.app/Contents/Eclipse/arduinoPlugin/packages/arduino/tools/arm-none-eabi-gcc/4.8.3-2014q1/bin/../lib/gcc/arm-none-eabi/4.8.3/../../../../arm-none-eabi/lib/armv6-m/libc_s.a(lib_a-aeabi_atexit.o)
                0x0000000000009848                __aeabi_atexit
 *fill*         0x0000000000009856        0x2 
 .text.__cxa_atexit
                0x0000000000009858       0x20 /Applications/sloeber.app/Contents/Eclipse/arduinoPlugin/packages/arduino/tools/arm-none-eabi-gcc/4.8.3-2014q1/bin/../lib/gcc/arm-none-eabi/4.8.3/../../../../arm-none-eabi/lib/armv6-m/libc_s.a(lib_a-cxa_atexit.o)
                0x0000000000009858                __cxa_atexit
 .text.__libc_init_array
                0x0000000000009878       0x4c /Applications/sloeber.app/Contents/Eclipse/arduinoPlugin/packages/arduino/tools/arm-none-eabi-gcc/4.8.3-2014q1/bin/../lib/gcc/arm-none-eabi/4.8.3/../../../../arm-none-eabi/lib/armv6-m/libc_s.a(lib_a-init.o)
                0x0000000000009878                __libc_init_array
 .text.malloc   0x00000000000098c4       0x14 /Applications/sloeber.app/Contents/Eclipse/arduinoPlugin/packages/arduino/tools/arm-none-eabi-gcc/4.8.3-2014q1/bin/../lib/gcc/arm-none-eabi/4.8.3/../../../../arm-none-eabi/lib/armv6-m/libc_s.a(lib_a-malloc.o)
                0x00000000000098c4                malloc
 .text.free     0x00000000000098d8       0x14 /Applications/sloeber.app/Contents/Eclipse/arduinoPlugin/packages/arduino/tools/arm-none-eabi-gcc/4.8.3-2014q1/bin/../lib/gcc/arm-none-eabi/4.8.3/../../../../arm-none-eabi/lib/armv6-m/libc_s.a(lib_a-malloc.o)
                0x00000000000098d8                free
 .text.memcmp   0x00000000000098ec       0x1e /Applications/sloeber.app/Contents/Eclipse/arduinoPlugin/packages/arduino/tools/arm-none-eabi-gcc/4.8.3-2014q1/bin/../lib/gcc/arm-none-eabi/4.8.3/../../../../arm-none-eabi/lib/armv6-m/libc_s.a(lib_a-memcmp.o)
                0x00000000000098ec                memcmp
 .text.memcpy   0x000000000000990a       0x12 /Applications/sloeber.app/Contents/Eclipse/arduinoPlugin/packages/arduino/tools/arm-none-eabi-gcc/4.8.3-2014q1/bin/../lib/gcc/arm-none-eabi/4.8.3/../../../../arm-none-eabi/lib/armv6-m/libc_s.a(lib_a-memcpy-stub.o)
                0x000000000000990a                memcpy
 .text.memmove  0x000000000000991c       0x32 /Applications/sloeber.app/Contents/Eclipse/arduinoPlugin/packages/arduino/tools/arm-none-eabi-gcc/4.8.3-2014q1/bin/../lib/gcc/arm-none-eabi/4.8.3/../../../../arm-none-eabi/lib/armv6-m/libc_s.a(lib_a-memmove.o)
                0x000000000000991c                memmove
 .text.memset   0x000000000000994e       0x10 /Applications/sloeber.app/Contents/Eclipse/arduinoPlugin/packages/arduino/tools/arm-none-eabi-gcc/4.8.3-2014q1/bin/../lib/gcc/arm-none-eabi/4.8.3/../../../../arm-none-eabi/lib/armv6-m/libc_s.a(lib_a-memset.o)
                0x000000000000994e                memset
 *fill*         0x000000000000995e        0x2 
 .text._free_r  0x0000000000009960       0x90 /Applications/sloeber.app/Contents/Eclipse/arduinoPlugin/packages/arduino/tools/arm-none-eabi-gcc/4.8.3-2014q1/bin/../lib/gcc/arm-none-eabi/4.8.3/../../../../arm-none-eabi/lib/armv6-m/libc_s.a(lib_a-nano-freer.o)
                0x0000000000009960                _free_r
 .text._malloc_r
                0x00000000000099f0       0xa8 /Applications/sloeber.app/Contents/Eclipse/arduinoPlugin/packages/arduino/tools/arm-none-eabi-gcc/4.8.3-2014q1/bin/../lib/gcc/arm-none-eabi/4.8.3/../../../../arm-none-eabi/lib/armv6-m/libc_s.a(lib_a-nano-mallocr.o)
                0x00000000000099f0                _malloc_r
 .text.realloc  0x0000000000009a98       0x18 /Applications/sloeber.app/Contents/Eclipse/arduinoPlugin/packages/arduino/tools/arm-none-eabi-gcc/4.8.3-2014q1/bin/../lib/gcc/arm-none-eabi/4.8.3/../../../../arm-none-eabi/lib/armv6-m/libc_s.a(lib_a-realloc.o)
                0x0000000000009a98                realloc
 .text._sbrk_r  0x0000000000009ab0       0x24 /Applications/sloeber.app/Contents/Eclipse/arduinoPlugin/packages/arduino/tools/arm-none-eabi-gcc/4.8.3-2014q1/bin/../lib/gcc/arm-none-eabi/4.8.3/../../../../arm-none-eabi/lib/armv6-m/libc_s.a(lib_a-sbrkr.o)
                0x0000000000009ab0                _sbrk_r
 .text.sprintf  0x0000000000009ad4       0x44 /Applications/sloeber.app/Contents/Eclipse/arduinoPlugin/packages/arduino/tools/arm-none-eabi-gcc/4.8.3-2014q1/bin/../lib/gcc/arm-none-eabi/4.8.3/../../../../arm-none-eabi/lib/armv6-m/libc_s.a(lib_a-sprintf.o)
                0x0000000000009ad4                sprintf
                0x0000000000009ad4                siprintf
 .text.strchr   0x0000000000009b18       0x18 /Applications/sloeber.app/Contents/Eclipse/arduinoPlugin/packages/arduino/tools/arm-none-eabi-gcc/4.8.3-2014q1/bin/../lib/gcc/arm-none-eabi/4.8.3/../../../../arm-none-eabi/lib/armv6-m/libc_s.a(lib_a-strchr.o)
                0x0000000000009b18                strchr
 .text.strcpy   0x0000000000009b30       0x10 /Applications/sloeber.app/Contents/Eclipse/arduinoPlugin/packages/arduino/tools/arm-none-eabi-gcc/4.8.3-2014q1/bin/../lib/gcc/arm-none-eabi/4.8.3/../../../../arm-none-eabi/lib/armv6-m/libc_s.a(lib_a-strcpy.o)
                0x0000000000009b30                strcpy
 .text.strlen   0x0000000000009b40        0xe /Applications/sloeber.app/Contents/Eclipse/arduinoPlugin/packages/arduino/tools/arm-none-eabi-gcc/4.8.3-2014q1/bin/../lib/gcc/arm-none-eabi/4.8.3/../../../../arm-none-eabi/lib/armv6-m/libc_s.a(lib_a-strlen.o)
                0x0000000000009b40                strlen
 .text.strncpy  0x0000000000009b4e       0x28 /Applications/sloeber.app/Contents/Eclipse/arduinoPlugin/packages/arduino/tools/arm-none-eabi-gcc/4.8.3-2014q1/bin/../lib/gcc/arm-none-eabi/4.8.3/../../../../arm-none-eabi/lib/armv6-m/libc_s.a(lib_a-strncpy.o)
                0x0000000000009b4e                strncpy
 *fill*         0x0000000000009b76        0x2 
 .text.__ssputs_r
                0x0000000000009b78       0xc0 /Applications/sloeber.app/Contents/Eclipse/arduinoPlugin/packages/arduino/tools/arm-none-eabi-gcc/4.8.3-2014q1/bin/../lib/gcc/arm-none-eabi/4.8.3/../../../../arm-none-eabi/lib/armv6-m/libc_s.a(lib_a-svfprintf.o)
                0x0000000000009b78                __ssputs_r
 .text._svfprintf_r
                0x0000000000009c38      0x1e0 /Applications/sloeber.app/Contents/Eclipse/arduinoPlugin/packages/arduino/tools/arm-none-eabi-gcc/4.8.3-2014q1/bin/../lib/gcc/arm-none-eabi/4.8.3/../../../../arm-none-eabi/lib/armv6-m/libc_s.a(lib_a-svfprintf.o)
                0x0000000000009c38                _svfprintf_r
                0x0000000000009c38                _svfiprintf_r
 .text.__cvt    0x0000000000009e18       0xd0 /Applications/sloeber.app/Contents/Eclipse/arduinoPlugin/packages/arduino/tools/arm-none-eabi-gcc/4.8.3-2014q1/bin/../lib/gcc/arm-none-eabi/4.8.3/../../../../arm-none-eabi/lib/armv6-m/libc_s.a(lib_a-vfprintf_float.o)
                0x0000000000009e18                __cvt
 .text.__exponent
                0x0000000000009ee8       0x6a /Applications/sloeber.app/Contents/Eclipse/arduinoPlugin/packages/arduino/tools/arm-none-eabi-gcc/4.8.3-2014q1/bin/../lib/gcc/arm-none-eabi/4.8.3/../../../../arm-none-eabi/lib/armv6-m/libc_s.a(lib_a-vfprintf_float.o)
                0x0000000000009ee8                __exponent
 *fill*         0x0000000000009f52        0x6 
 .text._printf_float
                0x0000000000009f58      0x458 /Applications/sloeber.app/Contents/Eclipse/arduinoPlugin/packages/arduino/tools/arm-none-eabi-gcc/4.8.3-2014q1/bin/../lib/gcc/arm-none-eabi/4.8.3/../../../../arm-none-eabi/lib/armv6-m/libc_s.a(lib_a-vfprintf_float.o)
                0x0000000000009f58                _printf_float
 .text._printf_common
                0x000000000000a3b0       0xe8 /Applications/sloeber.app/Contents/Eclipse/arduinoPlugin/packages/arduino/tools/arm-none-eabi-gcc/4.8.3-2014q1/bin/../lib/gcc/arm-none-eabi/4.8.3/../../../../arm-none-eabi/lib/armv6-m/libc_s.a(lib_a-vfprintf_i.o)