Archive member included because of file (symbol)

/Users/DW/Google_Drive/Makeathon_Mine/Eclipse_Workspace/acc_logging/Release/arduino.ar(variant.cpp.o)
                              ./libraries/SPI/SPI.cpp.o (sercom4)
/Users/DW/Google_Drive/Makeathon_Mine/Eclipse_Workspace/acc_logging/Release/arduino.ar(CDC.cpp.o)
                              ./.ino.cpp.o (Serial_::write(unsigned char))
/Users/DW/Google_Drive/Makeathon_Mine/Eclipse_Workspace/acc_logging/Release/arduino.ar(USBCore.cpp.o)
                              /Users/DW/Google_Drive/Makeathon_Mine/Eclipse_Workspace/acc_logging/Release/arduino.ar(CDC.cpp.o) (USBDeviceClass::available(unsigned long))
/Users/DW/Google_Drive/Makeathon_Mine/Eclipse_Workspace/acc_logging/Release/arduino.ar(Print.cpp.o)
                              ./libraries/Wire/Wire.cpp.o (Print::write(unsigned char const*, unsigned int))
/Users/DW/Google_Drive/Makeathon_Mine/Eclipse_Workspace/acc_logging/Release/arduino.ar(Reset.cpp.o)
                              /Users/DW/Google_Drive/Makeathon_Mine/Eclipse_Workspace/acc_logging/Release/arduino.ar(CDC.cpp.o) (initiateReset)
/Users/DW/Google_Drive/Makeathon_Mine/Eclipse_Workspace/acc_logging/Release/arduino.ar(RingBuffer.cpp.o)
                              ./libraries/Wire/Wire.cpp.o (RingBuffer::RingBuffer())
/Users/DW/Google_Drive/Makeathon_Mine/Eclipse_Workspace/acc_logging/Release/arduino.ar(SERCOM.cpp.o)
                              /Users/DW/Google_Drive/Makeathon_Mine/Eclipse_Workspace/acc_logging/Release/arduino.ar(variant.cpp.o) (SERCOM::SERCOM(Sercom*))
/Users/DW/Google_Drive/Makeathon_Mine/Eclipse_Workspace/acc_logging/Release/arduino.ar(Uart.cpp.o)
                              /Users/DW/Google_Drive/Makeathon_Mine/Eclipse_Workspace/acc_logging/Release/arduino.ar(variant.cpp.o) (Uart::Uart(SERCOM*, unsigned char, unsigned char, SercomRXPad, SercomUartTXPad))
/Users/DW/Google_Drive/Makeathon_Mine/Eclipse_Workspace/acc_logging/Release/arduino.ar(WInterrupts.c.o)
                              ./.ino.cpp.o (attachInterrupt)
/Users/DW/Google_Drive/Makeathon_Mine/Eclipse_Workspace/acc_logging/Release/arduino.ar(WMath.cpp.o)
                              ./.ino.cpp.o (map(long, long, long, long, long))
/Users/DW/Google_Drive/Makeathon_Mine/Eclipse_Workspace/acc_logging/Release/arduino.ar(WString.cpp.o)
                              ./.ino.cpp.o (String::~String())
/Users/DW/Google_Drive/Makeathon_Mine/Eclipse_Workspace/acc_logging/Release/arduino.ar(abi.cpp.o)
                              ./.ino.cpp.o (__cxa_pure_virtual)
/Users/DW/Google_Drive/Makeathon_Mine/Eclipse_Workspace/acc_logging/Release/arduino.ar(cortex_handlers.c.o)
                              (Reset_Handler)
/Users/DW/Google_Drive/Makeathon_Mine/Eclipse_Workspace/acc_logging/Release/arduino.ar(delay.c.o)
                              ./.ino.cpp.o (millis)
/Users/DW/Google_Drive/Makeathon_Mine/Eclipse_Workspace/acc_logging/Release/arduino.ar(hooks.c.o)
                              /Users/DW/Google_Drive/Makeathon_Mine/Eclipse_Workspace/acc_logging/Release/arduino.ar(delay.c.o) (yield)
/Users/DW/Google_Drive/Makeathon_Mine/Eclipse_Workspace/acc_logging/Release/arduino.ar(itoa.c.o)
                              /Users/DW/Google_Drive/Makeathon_Mine/Eclipse_Workspace/acc_logging/Release/arduino.ar(WString.cpp.o) (ltoa)
/Users/DW/Google_Drive/Makeathon_Mine/Eclipse_Workspace/acc_logging/Release/arduino.ar(main.cpp.o)
                              /Applications/sloeber.app/Contents/Eclipse/arduinoPlugin/packages/arduino/tools/arm-none-eabi-gcc/4.8.3-2014q1/bin/../lib/gcc/arm-none-eabi/4.8.3/../../../../arm-none-eabi/lib/armv6-m/crt0.o (main)
/Users/DW/Google_Drive/Makeathon_Mine/Eclipse_Workspace/acc_logging/Release/arduino.ar(new.cpp.o)
                              /Users/DW/Google_Drive/Makeathon_Mine/Eclipse_Workspace/acc_logging/Release/arduino.ar(USBCore.cpp.o) (operator new(unsigned int))
/Users/DW/Google_Drive/Makeathon_Mine/Eclipse_Workspace/acc_logging/Release/arduino.ar(startup.c.o)
                              /Users/DW/Google_Drive/Makeathon_Mine/Eclipse_Workspace/acc_logging/Release/arduino.ar(cortex_handlers.c.o) (SystemInit)
/Users/DW/Google_Drive/Makeathon_Mine/Eclipse_Workspace/acc_logging/Release/arduino.ar(wiring.c.o)
                              /Users/DW/Google_Drive/Makeathon_Mine/Eclipse_Workspace/acc_logging/Release/arduino.ar(main.cpp.o) (init)
/Users/DW/Google_Drive/Makeathon_Mine/Eclipse_Workspace/acc_logging/Release/arduino.ar(wiring_analog.c.o)
                              /Users/DW/Google_Drive/Makeathon_Mine/Eclipse_Workspace/acc_logging/Release/arduino.ar(wiring.c.o) (analogReference)
/Users/DW/Google_Drive/Makeathon_Mine/Eclipse_Workspace/acc_logging/Release/arduino.ar(wiring_digital.c.o)
                              ./.ino.cpp.o (pinMode)
/Users/DW/Google_Drive/Makeathon_Mine/Eclipse_Workspace/acc_logging/Release/arduino.ar(wiring_private.c.o)
                              ./libraries/Wire/Wire.cpp.o (pinPeripheral)
[...]
Memory Configuration

Name             Origin             Length             Attributes
FLASH            0x0000000000002000 0x000000000003e000 xr
RAM              0x0000000020000000 0x0000000000008000 xrw
*default*        0x0000000000000000 0xffffffffffffffff

Linker script and memory map

LOAD /Applications/sloeber.app/Contents/Eclipse/arduinoPlugin/packages/arduino/tools/arm-none-eabi-gcc/4.8.3-2014q1/bin/../lib/gcc/arm-none-eabi/4.8.3/armv6-m/crti.o
LOAD /Applications/sloeber.app/Contents/Eclipse/arduinoPlugin/packages/arduino/tools/arm-none-eabi-gcc/4.8.3-2014q1/bin/../lib/gcc/arm-none-eabi/4.8.3/armv6-m/crtbegin.o
LOAD /Applications/sloeber.app/Contents/Eclipse/arduinoPlugin/packages/arduino/tools/arm-none-eabi-gcc/4.8.3-2014q1/bin/../lib/gcc/arm-none-eabi/4.8.3/../../../../arm-none-eabi/lib/armv6-m/crt0.o
LOAD ./.ino.cpp.o
LOAD ./libraries/simplot/simplot.cpp.o
LOAD ./libraries/Wire/Wire.cpp.o
LOAD ./libraries/SPI/SPI.cpp.o
LOAD ./libraries/SD/src/utility/Sd2Card.cpp.o
LOAD ./libraries/SD/src/utility/SdFile.cpp.o
LOAD ./libraries/SD/src/utility/SdVolume.cpp.o
LOAD ./libraries/SD/src/File.cpp.o
LOAD ./libraries/SD/src/SD.cpp.o
LOAD ./libraries/RTCZero/src/RTCZero.cpp.o
LOAD ./libraries/Adafruit_LIS3DH-master/Adafruit_LIS3DH.cpp.o
LOAD /Users/DW/Google_Drive/Makeathon_Mine/Eclipse_Workspace/acc_logging/Release/arduino.ar
START GROUP
LOAD /Applications/sloeber.app/Contents/Eclipse//arduinoPlugin/packages/arduino/tools/CMSIS/4.5.0/CMSIS/Lib/GCC//libarm_cortexM0l_math.a
LOAD /Applications/sloeber.app/Contents/Eclipse//arduinoPlugin/packages/adafruit/hardware/samd/1.0.17/variants/arduino_zero/libsamd21_qtouch_gcc.a
LOAD /Applications/sloeber.app/Contents/Eclipse/arduinoPlugin/packages/arduino/tools/arm-none-eabi-gcc/4.8.3-2014q1/bin/../lib/gcc/arm-none-eabi/4.8.3/../../../../arm-none-eabi/lib/armv6-m/libm.a
LOAD /Users/DW/Google_Drive/Makeathon_Mine/Eclipse_Workspace/acc_logging/Release/arduino.ar
END GROUP
START GROUP
LOAD /Applications/sloeber.app/Contents/Eclipse/arduinoPlugin/packages/arduino/tools/arm-none-eabi-gcc/4.8.3-2014q1/bin/../lib/gcc/arm-none-eabi/4.8.3/armv6-m/libgcc.a
LOAD /Applications/sloeber.app/Contents/Eclipse/arduinoPlugin/packages/arduino/tools/arm-none-eabi-gcc/4.8.3-2014q1/bin/../lib/gcc/arm-none-eabi/4.8.3/../../../../arm-none-eabi/lib/armv6-m/libc_s.a
END GROUP
START GROUP
LOAD /Applications/sloeber.app/Contents/Eclipse/arduinoPlugin/packages/arduino/tools/arm-none-eabi-gcc/4.8.3-2014q1/bin/../lib/gcc/arm-none-eabi/4.8.3/armv6-m/libgcc.a
LOAD /Applications/sloeber.app/Contents/Eclipse/arduinoPlugin/packages/arduino/tools/arm-none-eabi-gcc/4.8.3-2014q1/bin/../lib/gcc/arm-none-eabi/4.8.3/../../../../arm-none-eabi/lib/armv6-m/libc_s.a
LOAD /Applications/sloeber.app/Contents/Eclipse/arduinoPlugin/packages/arduino/tools/arm-none-eabi-gcc/4.8.3-2014q1/bin/../lib/gcc/arm-none-eabi/4.8.3/../../../../arm-none-eabi/lib/armv6-m/libnosys.a
END GROUP
START GROUP
LOAD /Applications/sloeber.app/Contents/Eclipse/arduinoPlugin/packages/arduino/tools/arm-none-eabi-gcc/4.8.3-2014q1/bin/../lib/gcc/arm-none-eabi/4.8.3/armv6-m/libgcc.a
LOAD /Applications/sloeber.app/Contents/Eclipse/arduinoPlugin/packages/arduino/tools/arm-none-eabi-gcc/4.8.3-2014q1/bin/../lib/gcc/arm-none-eabi/4.8.3/../../../../arm-none-eabi/lib/armv6-m/libc_s.a
LOAD /Applications/sloeber.app/Contents/Eclipse/arduinoPlugin/packages/arduino/tools/arm-none-eabi-gcc/4.8.3-2014q1/bin/../lib/gcc/arm-none-eabi/4.8.3/../../../../arm-none-eabi/lib/armv6-m/libnosys.a
END GROUP
LOAD /Applications/sloeber.app/Contents/Eclipse/arduinoPlugin/packages/arduino/tools/arm-none-eabi-gcc/4.8.3-2014q1/bin/../lib/gcc/arm-none-eabi/4.8.3/armv6-m/crtend.o
LOAD /Applications/sloeber.app/Contents/Eclipse/arduinoPlugin/packages/arduino/tools/arm-none-eabi-gcc/4.8.3-2014q1/bin/../lib/gcc/arm-none-eabi/4.8.3/armv6-m/crtn.o

.text           0x0000000000002000     0xc7e8
                0x0000000000002000                __text_start__ = .
 *(.sketch_boot)
                0x0000000000002000                . = ALIGN (0x2000)
 *(.isr_vector)
 .isr_vector    0x0000000000002000       0xb4 /Users/DW/Google_Drive/Makeathon_Mine/Eclipse_Workspace/acc_logging/Release/arduino.ar(cortex_handlers.c.o)
                0x0000000000002000                exception_table
 *(.text*)
 .text          0x00000000000020b4       0x60 /Applications/sloeber.app/Contents/Eclipse/arduinoPlugin/packages/arduino/tools/arm-none-eabi-gcc/4.8.3-2014q1/bin/../lib/gcc/arm-none-eabi/4.8.3/armv6-m/crtbegin.o
 .text._ZN15Adafruit_SensorD2Ev
                0x0000000000002114        0xc ./.ino.cpp.o
                0x0000000000002114                Adafruit_Sensor::~Adafruit_Sensor()
                0x0000000000002114                Adafruit_Sensor::~Adafruit_Sensor()
 .text._ZN15Adafruit_Sensor15enableAutoRangeEb
                0x0000000000002120        0x2 ./.ino.cpp.o
                0x0000000000002120                Adafruit_Sensor::enableAutoRange(bool)
 *fill*         0x0000000000002122        0x2 
 .text._ZN15Adafruit_LIS3DHD2Ev
                0x0000000000002124        0xc ./.ino.cpp.o
                0x0000000000002124                Adafruit_LIS3DH::~Adafruit_LIS3DH()
                0x0000000000002124                Adafruit_LIS3DH::~Adafruit_LIS3DH()
 .text._ZN15Adafruit_SensorD0Ev
                0x0000000000002130       0x14 ./.ino.cpp.o
                0x0000000000002130                Adafruit_Sensor::~Adafruit_Sensor()
 .text._ZN15Adafruit_LIS3DHD0Ev
                0x0000000000002144       0x14 ./.ino.cpp.o
                0x0000000000002144                Adafruit_LIS3DH::~Adafruit_LIS3DH()
 .text._Z16startCalibrationv
                0x0000000000002158       0x30 ./.ino.cpp.o
                0x0000000000002158                startCalibration()
 .text._Z25start_stopRecordInterruptv
                0x0000000000002188       0x38 ./.ino.cpp.o
                0x0000000000002188                start_stopRecordInterrupt()
 .text._ZN5SDLib4FileaSEOS0_
                0x00000000000021c0       0x24 ./.ino.cpp.o
                0x00000000000021c0                SDLib::File::operator=(SDLib::File&&)
 .text._Z9rotationXsss
                0x00000000000021e4       0xac ./.ino.cpp.o
                0x00000000000021e4                rotationX(short, short, short)
 .text._Z9rotationYsss
                0x0000000000002290       0xb0 ./.ino.cpp.o
                0x0000000000002290                rotationY(short, short, short)
 .text._Z9calcAnglePiS_
                0x0000000000002340       0x6e ./.ino.cpp.o
                0x0000000000002340                calcAngle(int*, int*)
 *fill*         0x00000000000023ae        0x2 
 .text._Z17calcAngleEarth_ZXPi
                0x00000000000023b0       0x20 ./.ino.cpp.o
                0x00000000000023b0                calcAngleEarth_ZX(int*)
 .text._Z17calcAngleEarth_ZYPi
                0x00000000000023d0       0x20 ./.ino.cpp.o
                0x00000000000023d0                calcAngleEarth_ZY(int*)
 .text._Z14setupInterruptv
                0x00000000000023f0       0x30 ./.ino.cpp.o
                0x00000000000023f0                setupInterrupt()
 .text._Z8setupLEDv
                0x0000000000002420       0x2c ./.ino.cpp.o
                0x0000000000002420                setupLED()
 .text._Z11ledRecordOnv
                0x000000000000244c        0xc ./.ino.cpp.o
                0x000000000000244c                ledRecordOn()
 .text._Z12ledRecordOffv
                0x0000000000002458        0xc ./.ino.cpp.o
                0x0000000000002458                ledRecordOff()
 .text._Z16ledCalibrationOnv
                0x0000000000002464        0xc ./.ino.cpp.o
                0x0000000000002464                ledCalibrationOn()
 .text._Z17ledCalibrationOffv
                0x0000000000002470        0xc ./.ino.cpp.o
                0x0000000000002470                ledCalibrationOff()
 .text._Z12ledBatteryOnv
                0x000000000000247c        0xc ./.ino.cpp.o
                0x000000000000247c                ledBatteryOn()
 .text._Z13ledBatteryOffv
                0x0000000000002488        0xc ./.ino.cpp.o
                0x0000000000002488                ledBatteryOff()
 .text._Z8ledRedOnv
                0x0000000000002494        0xc ./.ino.cpp.o
                0x0000000000002494                ledRedOn()
 .text._Z9ledRedOffv
                0x00000000000024a0        0xc ./.ino.cpp.o
                0x00000000000024a0                ledRedOff()
 .text._Z10ledGreenOnv
                0x00000000000024ac        0xc ./.ino.cpp.o
                0x00000000000024ac                ledGreenOn()
 .text._Z11ledGreenOffv
                0x00000000000024b8        0xc ./.ino.cpp.o
                0x00000000000024b8                ledGreenOff()
 .text._Z11setupSerialv
                0x00000000000024c4       0x14 ./.ino.cpp.o
                0x00000000000024c4                setupSerial()
 .text._Z7readAccv
                0x00000000000024d8       0x30 ./.ino.cpp.o
                0x00000000000024d8                readAcc()
 .text._Z13calcAccMedianv
                0x0000000000002508       0x64 ./.ino.cpp.o
                0x0000000000002508                calcAccMedian()
 *fill*         0x000000000000256c        0x4 
 .text._Z11calibrationv
                0x0000000000002570      0x298 ./.ino.cpp.o
                0x0000000000002570                calibration()
 .text._Z15writeSDStringln6String
                0x0000000000002808       0x10 ./.ino.cpp.o
                0x0000000000002808                writeSDStringln(String)
 .text._Z22writeSensorStrDataToSDv
                0x0000000000002818       0xb8 ./.ino.cpp.o
                0x0000000000002818                writeSensorStrDataToSD()
 .text._Z14getCurrentTimev
                0x00000000000028d0      0x110 ./.ino.cpp.o
                0x00000000000028d0                getCurrentTime()
 .text._Z7goSleepv
                0x00000000000029e0       0x58 ./.ino.cpp.o
                0x00000000000029e0                goSleep()
 .text._Z26getCurrentDateTimeFilenamev
                0x0000000000002a38      0x204 ./.ino.cpp.o
                0x0000000000002a38                getCurrentDateTimeFilename()
 .text._Z14getCurrentDatev
                0x0000000000002c3c      0x10c ./.ino.cpp.o
                0x0000000000002c3c                getCurrentDate()
 .text._Z21getCurrentDateAndTimev
                0x0000000000002d48       0x50 ./.ino.cpp.o
                0x0000000000002d48                getCurrentDateAndTime()
 .text._Z8setupRTCv
                0x0000000000002d98       0x60 ./.ino.cpp.o
                0x0000000000002d98                setupRTC()
 .text._Z5errorh
                0x0000000000002df8       0x36 ./.ino.cpp.o
                0x0000000000002df8                error(unsigned char)
 *fill*         0x0000000000002e2e        0x2 
 .text._Z11setupLIS3DHv
                0x0000000000002e30       0x3c ./.ino.cpp.o
                0x0000000000002e30                setupLIS3DH()
 .text._Z7setupSDv
                0x0000000000002e6c       0x38 ./.ino.cpp.o
                0x0000000000002e6c                setupSD()
 .text.setup    0x0000000000002ea4       0x64 ./.ino.cpp.o
                0x0000000000002ea4                setup
 .text._Z17setTimerFrequencyi
                0x0000000000002f08       0x38 ./.ino.cpp.o
                0x0000000000002f08                setTimerFrequency(int)
 .text._Z10startTimeri
                0x0000000000002f40       0x8c ./.ino.cpp.o
                0x0000000000002f40                startTimer(int)
 .text._Z12disableTimerv
                0x0000000000002fcc       0x18 ./.ino.cpp.o
                0x0000000000002fcc                disableTimer()
 *fill*         0x0000000000002fe4        0x4 
 .text._Z11startRecordv
                0x0000000000002fe8      0x2a0 ./.ino.cpp.o
                0x0000000000002fe8                startRecord()
 .text.loop     0x0000000000003288       0x5c ./.ino.cpp.o
                0x0000000000003288                loop
 .text.TC3_Handler
                0x00000000000032e4       0x18 ./.ino.cpp.o
                0x00000000000032e4                TC3_Handler
 .text.startup._GLOBAL__sub_I_myEvent
                0x00000000000032fc       0xe8 ./.ino.cpp.o
 .text._ZN7TwoWire5writeEPKhj
                0x00000000000033e4       0x24 ./libraries/Wire/Wire.cpp.o
                0x00000000000033e4                TwoWire::write(unsigned char const*, unsigned int)
 .text._ZN7TwoWire5flushEv
                0x0000000000003408        0x2 ./libraries/Wire/Wire.cpp.o
                0x0000000000003408                TwoWire::flush()
 .text._ZN7TwoWire4readEv
                0x000000000000340a        0xa ./libraries/Wire/Wire.cpp.o
                0x000000000000340a                TwoWire::read()
 .text._ZN7TwoWire9availableEv
                0x0000000000003414        0xa ./libraries/Wire/Wire.cpp.o
                0x0000000000003414                TwoWire::available()
 .text._ZN7TwoWire5writeEh
                0x000000000000341e       0x28 ./libraries/Wire/Wire.cpp.o
                0x000000000000341e                TwoWire::write(unsigned char)
 .text._ZN7TwoWire4peekEv
                0x0000000000003446        0xa ./libraries/Wire/Wire.cpp.o
                0x0000000000003446                TwoWire::peek()
 .text._ZN7TwoWireC2EP6SERCOMhh
                0x0000000000003450       0x3c ./libraries/Wire/Wire.cpp.o
                0x0000000000003450                TwoWire::TwoWire(SERCOM*, unsigned char, unsigned char)
                0x0000000000003450                TwoWire::TwoWire(SERCOM*, unsigned char, unsigned char)
 .text._ZN7TwoWire5beginEv
                0x000000000000348c       0x40 ./libraries/Wire/Wire.cpp.o
                0x000000000000348c                TwoWire::begin()
 .text._ZN7TwoWire11requestFromEhjb
                0x00000000000034cc       0x76 ./libraries/Wire/Wire.cpp.o
                0x00000000000034cc                TwoWire::requestFrom(unsigned char, unsigned int, bool)
 .text._ZN7TwoWire11requestFromEhj
                0x0000000000003542        0xa ./libraries/Wire/Wire.cpp.o
                0x0000000000003542                TwoWire::requestFrom(unsigned char, unsigned int)
 .text._ZN7TwoWire17beginTransmissionEh
                0x000000000000354c       0x16 ./libraries/Wire/Wire.cpp.o
                0x000000000000354c                TwoWire::beginTransmission(unsigned char)
 .text._ZN7TwoWire15endTransmissionEb
                0x0000000000003562       0x66 ./libraries/Wire/Wire.cpp.o
                0x0000000000003562                TwoWire::endTransmission(bool)
 .text._ZN7TwoWire15endTransmissionEv
                0x00000000000035c8        0xa ./libraries/Wire/Wire.cpp.o
                0x00000000000035c8                TwoWire::endTransmission()
 .text._ZN7TwoWire9onServiceEv
                0x00000000000035d2      0x104 ./libraries/Wire/Wire.cpp.o
                0x00000000000035d2                TwoWire::onService()
 *fill*         0x00000000000036d6        0x2 
 .text.SERCOM3_Handler
                0x00000000000036d8       0x10 ./libraries/Wire/Wire.cpp.o
                0x00000000000036d8                SERCOM3_Handler
 .text.startup._GLOBAL__sub_I__ZN7TwoWireC2EP6SERCOMhh
                0x00000000000036e8       0x18 ./libraries/Wire/Wire.cpp.o
 .text._ZN8SPIClass4initEv
                0x0000000000003700       0x12 ./libraries/SPI/SPI.cpp.o
                0x0000000000003700                SPIClass::init()
 .text._ZN8SPIClass6configE11SPISettings
                0x0000000000003712       0x36 ./libraries/SPI/SPI.cpp.o
                0x0000000000003712                SPIClass::config(SPISettings)
 .text._ZN8SPIClass5beginEv
                0x0000000000003748       0x50 ./libraries/SPI/SPI.cpp.o
                0x0000000000003748                SPIClass::begin()
 .text._ZN8SPIClass16beginTransactionE11SPISettings
                0x0000000000003798       0x38 ./libraries/SPI/SPI.cpp.o
                0x0000000000003798                SPIClass::beginTransaction(SPISettings)
 .text._ZN8SPIClass14endTransactionEv
                0x00000000000037d0       0x24 ./libraries/SPI/SPI.cpp.o
                0x00000000000037d0                SPIClass::endTransaction()
 .text._ZN8SPIClass8transferEh
                0x00000000000037f4        0xa ./libraries/SPI/SPI.cpp.o
                0x00000000000037f4                SPIClass::transfer(unsigned char)
 *fill*         0x00000000000037fe        0x2 
 .text.startup._GLOBAL__sub_I__ZN8SPIClassC2EP6SERCOMhhh14SercomSpiTXPad11SercomRXPad
                0x0000000000003800       0x38 ./libraries/SPI/SPI.cpp.o
 .text._ZL7spiSendh
                0x0000000000003838       0x10 ./libraries/SD/src/utility/Sd2Card.cpp.o
 .text._ZL6spiRecv
                0x0000000000003848       0x10 ./libraries/SD/src/utility/Sd2Card.cpp.o
 .text._ZN7Sd2Card14chipSelectHighEv
                0x0000000000003858       0x28 ./libraries/SD/src/utility/Sd2Card.cpp.o
                0x0000000000003858                Sd2Card::chipSelectHigh()
 .text._ZN7Sd2Card13chipSelectLowEv
                0x0000000000003880       0x30 ./libraries/SD/src/utility/Sd2Card.cpp.o
                0x0000000000003880                Sd2Card::chipSelectLow()
 .text._ZN7Sd2Card7readEndEv
                0x00000000000038b0       0x2c ./libraries/SD/src/utility/Sd2Card.cpp.o
                0x00000000000038b0                Sd2Card::readEnd()
 .text._ZN7Sd2Card10setSckRateEh
                0x00000000000038dc       0x6c ./libraries/SD/src/utility/Sd2Card.cpp.o
                0x00000000000038dc                Sd2Card::setSckRate(unsigned char)
 .text._ZN7Sd2Card11waitNotBusyEt
                0x0000000000003948       0x28 ./libraries/SD/src/utility/Sd2Card.cpp.o
                0x0000000000003948                Sd2Card::waitNotBusy(unsigned short)
 .text._ZN7Sd2Card11cardCommandEhm
                0x0000000000003970       0x64 ./libraries/SD/src/utility/Sd2Card.cpp.o
                0x0000000000003970                Sd2Card::cardCommand(unsigned char, unsigned long)
 .text._ZN7Sd2Card4initEhh
                0x00000000000039d4      0x144 ./libraries/SD/src/utility/Sd2Card.cpp.o
                0x00000000000039d4                Sd2Card::init(unsigned char, unsigned char)
 .text._ZN7Sd2Card14waitStartBlockEv
                0x0000000000003b18       0x40 ./libraries/SD/src/utility/Sd2Card.cpp.o
                0x0000000000003b18                Sd2Card::waitStartBlock()
 .text._ZN7Sd2Card8readDataEmttPh
                0x0000000000003b58       0xac ./libraries/SD/src/utility/Sd2Card.cpp.o
                0x0000000000003b58                Sd2Card::readData(unsigned long, unsigned short, unsigned short, unsigned char*)
 .text._ZN7Sd2Card9readBlockEmPh
                0x0000000000003c04       0x10 ./libraries/SD/src/utility/Sd2Card.cpp.o
                0x0000000000003c04                Sd2Card::readBlock(unsigned long, unsigned char*)
 .text._ZN7Sd2Card9writeDataEhPKh
                0x0000000000003c14       0x48 ./libraries/SD/src/utility/Sd2Card.cpp.o
                0x0000000000003c14                Sd2Card::writeData(unsigned char, unsigned char const*)
 .text._ZN7Sd2Card10writeBlockEmPKh
                0x0000000000003c5c       0x78 ./libraries/SD/src/utility/Sd2Card.cpp.o
                0x0000000000003c5c                Sd2Card::writeBlock(unsigned long, unsigned char const*)
 .text.startup._GLOBAL__sub_I__ZN7Sd2Card11cardCommandEhm
                0x0000000000003cd4       0x18 ./libraries/SD/src/utility/Sd2Card.cpp.o
 .text._ZN6SdFile10addClusterEv
                0x0000000000003cec       0x2c ./libraries/SD/src/utility/SdFile.cpp.o
                0x0000000000003cec                SdFile::addCluster()
 .text._ZN6SdFile13addDirClusterEv
                0x0000000000003d18       0x4a ./libraries/SD/src/utility/SdFile.cpp.o
                0x0000000000003d18                SdFile::addDirCluster()
 *fill*         0x0000000000003d62        0x2 
 .text._ZN6SdFile13cacheDirEntryEh
                0x0000000000003d64       0x1c ./libraries/SD/src/utility/SdFile.cpp.o
                0x0000000000003d64                SdFile::cacheDirEntry(unsigned char)
 .text._ZN6SdFile10make83NameEPKcPh
                0x0000000000003d80       0x8c ./libraries/SD/src/utility/SdFile.cpp.o
                0x0000000000003d80                SdFile::make83Name(char const*, unsigned char*)
 .text._ZN6SdFile8openRootEP8SdVolume
                0x0000000000003e0c       0x52 ./libraries/SD/src/utility/SdFile.cpp.o
                0x0000000000003e0c                SdFile::openRoot(SdVolume*)
 *fill*         0x0000000000003e5e        0x2 
 .text._ZN6SdFile4readEPvt
                0x0000000000003e60      0x10c ./libraries/SD/src/utility/SdFile.cpp.o
                0x0000000000003e60                SdFile::read(void*, unsigned short)
 .text._ZN6SdFile12readDirCacheEv
                0x0000000000003f6c       0x48 ./libraries/SD/src/utility/SdFile.cpp.o
                0x0000000000003f6c                SdFile::readDirCache()
 .text._ZN6SdFile7seekSetEm
                0x0000000000003fb4       0x64 ./libraries/SD/src/utility/SdFile.cpp.o
                0x0000000000003fb4                SdFile::seekSet(unsigned long)
 .text._ZN6SdFile4syncEv
                0x0000000000004018       0x78 ./libraries/SD/src/utility/SdFile.cpp.o
                0x0000000000004018                SdFile::sync()
 .text._ZN6SdFile5closeEv
                0x0000000000004090       0x14 ./libraries/SD/src/utility/SdFile.cpp.o
                0x0000000000004090                SdFile::close()
 .text._ZN6SdFile8truncateEm
                0x00000000000040a4       0xb4 ./libraries/SD/src/utility/SdFile.cpp.o
                0x00000000000040a4                SdFile::truncate(unsigned long)
 .text._ZN6SdFile15openCachedEntryEhh
                0x0000000000004158       0x98 ./libraries/SD/src/utility/SdFile.cpp.o
                0x0000000000004158                SdFile::openCachedEntry(unsigned char, unsigned char)
 .text._ZN6SdFile4openEPS_PKch
                0x00000000000041f0      0x134 ./libraries/SD/src/utility/SdFile.cpp.o
                0x00000000000041f0                SdFile::open(SdFile*, char const*, unsigned char)
 .text._ZN6SdFile5writeEPKvt
                0x0000000000004324      0x1ac ./libraries/SD/src/utility/SdFile.cpp.o
                0x0000000000004324                SdFile::write(void const*, unsigned short)
 .text._ZN6SdFile5writeEh
                0x00000000000044d0       0x12 ./libraries/SD/src/utility/SdFile.cpp.o
                0x00000000000044d0                SdFile::write(unsigned char)
 *fill*         0x00000000000044e2        0x2 
 .text._ZN8SdVolume10cacheFlushEv
                0x00000000000044e4       0x54 ./libraries/SD/src/utility/SdVolume.cpp.o
                0x00000000000044e4                SdVolume::cacheFlush()
 .text._ZN8SdVolume13cacheRawBlockEmh
                0x0000000000004538       0x48 ./libraries/SD/src/utility/SdVolume.cpp.o
                0x0000000000004538                SdVolume::cacheRawBlock(unsigned long, unsigned char)
 .text._ZN8SdVolume14cacheZeroBlockEm
                0x0000000000004580       0x3c ./libraries/SD/src/utility/SdVolume.cpp.o
                0x0000000000004580                SdVolume::cacheZeroBlock(unsigned long)
 .text._ZNK8SdVolume6fatGetEmPm
                0x00000000000045bc       0x60 ./libraries/SD/src/utility/SdVolume.cpp.o
                0x00000000000045bc                SdVolume::fatGet(unsigned long, unsigned long*) const
 .text._ZNK8SdVolume9chainSizeEmPm
                0x000000000000461c       0x44 ./libraries/SD/src/utility/SdVolume.cpp.o
                0x000000000000461c                SdVolume::chainSize(unsigned long, unsigned long*) const
 .text._ZN8SdVolume6fatPutEmm
                0x0000000000004660       0x88 ./libraries/SD/src/utility/SdVolume.cpp.o
                0x0000000000004660                SdVolume::fatPut(unsigned long, unsigned long)
 .text._ZN8SdVolume15allocContiguousEmPm
                0x00000000000046e8       0xc8 ./libraries/SD/src/utility/SdVolume.cpp.o
                0x00000000000046e8                SdVolume::allocContiguous(unsigned long, unsigned long*)
 .text._ZN8SdVolume9freeChainEm
                0x00000000000047b0       0x4c ./libraries/SD/src/utility/SdVolume.cpp.o
                0x00000000000047b0                SdVolume::freeChain(unsigned long)
 .text._ZN8SdVolume4initEP7Sd2Cardh
                0x00000000000047fc      0x128 ./libraries/SD/src/utility/SdVolume.cpp.o
                0x00000000000047fc                SdVolume::init(Sd2Card*, unsigned char)
 .text._ZN5SDLib4File5writeEh
                0x0000000000004924       0x14 ./libraries/SD/src/File.cpp.o
                0x0000000000004924                SDLib::File::write(unsigned char)
 .text._ZN5SDLib4File5writeEPKhj
                0x0000000000004938       0x2a ./libraries/SD/src/File.cpp.o
                0x0000000000004938                SDLib::File::write(unsigned char const*, unsigned int)
 .text._ZN5SDLib4File5flushEv
                0x0000000000004962        0xe ./libraries/SD/src/File.cpp.o
                0x0000000000004962                SDLib::File::flush()
 .text._ZN6SdFile4readEv
                0x0000000000004970       0x20 ./libraries/SD/src/File.cpp.o
                0x0000000000004970                SdFile::read()
 .text._ZN5SDLib4File4readEv
                0x0000000000004990       0x14 ./libraries/SD/src/File.cpp.o
                0x0000000000004990                SDLib::File::read()
 .text._ZN5SDLib4File4peekEv
                0x00000000000049a4       0x22 ./libraries/SD/src/File.cpp.o
                0x00000000000049a4                SDLib::File::peek()
 *fill*         0x00000000000049c6        0x2 
 .text._ZN5SDLib4FileC2E6SdFilePKc
                0x00000000000049c8       0x44 ./libraries/SD/src/File.cpp.o
                0x00000000000049c8                SDLib::File::File(SdFile, char const*)
                0x00000000000049c8                SDLib::File::File(SdFile, char const*)
 .text._ZN5SDLib4FileC2Ev
                0x0000000000004a0c       0x1c ./libraries/SD/src/File.cpp.o
                0x0000000000004a0c                SDLib::File::File()
                0x0000000000004a0c                SDLib::File::File()
 .text._ZN5SDLib4File4nameEv
                0x0000000000004a28        0x4 ./libraries/SD/src/File.cpp.o
                0x0000000000004a28                SDLib::File::name()
 .text._ZN5SDLib4File8positionEv
                0x0000000000004a2c       0x10 ./libraries/SD/src/File.cpp.o
                0x0000000000004a2c                SDLib::File::position()
 .text._ZN5SDLib4File4sizeEv
                0x0000000000004a3c        0xa ./libraries/SD/src/File.cpp.o
                0x0000000000004a3c                SDLib::File::size()
 *fill*         0x0000000000004a46        0x2 
 .text._ZN5SDLib4File9availableEv
                0x0000000000004a48       0x28 ./libraries/SD/src/File.cpp.o
                0x0000000000004a48                SDLib::File::available()
 .text._ZN5SDLib4File5closeEv
                0x0000000000004a70       0x1a ./libraries/SD/src/File.cpp.o
                0x0000000000004a70                SDLib::File::close()
 .text._ZN8SdVolume4initEP7Sd2Card
                0x0000000000004a8a       0x1e ./libraries/SD/src/SD.cpp.o
                0x0000000000004a8a                SdVolume::init(Sd2Card*)
 .text._ZN5SDLib7SDClass5beginEh
                0x0000000000004aa8       0x36 ./libraries/SD/src/SD.cpp.o
                0x0000000000004aa8                SDLib::SDClass::begin(unsigned char)
 *fill*         0x0000000000004ade        0x2 
 .text._ZN6SdFileC2ERKS_
                0x0000000000004ae0       0x34 ./libraries/SD/src/SD.cpp.o
                0x0000000000004ae0                SdFile::SdFile(SdFile const&)
                0x0000000000004ae0                SdFile::SdFile(SdFile const&)
 .text._ZN5SDLib7SDClass12getParentDirEPKcPi
                0x0000000000004b14       0xa8 ./libraries/SD/src/SD.cpp.o
                0x0000000000004b14                SDLib::SDClass::getParentDir(char const*, int*)
 .text._ZN5SDLib7SDClass4openEPKch
                0x0000000000004bbc       0xac ./libraries/SD/src/SD.cpp.o
                0x0000000000004bbc                SDLib::SDClass::open(char const*, unsigned char)
 .text.startup._GLOBAL__sub_I__ZN5SDLib20getNextPathComponentEPKcPjPc
                0x0000000000004c68       0x2c ./libraries/SD/src/SD.cpp.o
 .text._ZN7RTCZeroC2Ev
                0x0000000000004c94        0x6 ./libraries/RTCZero/src/RTCZero.cpp.o
                0x0000000000004c94                RTCZero::RTCZero()
                0x0000000000004c94                RTCZero::RTCZero()
 *fill*         0x0000000000004c9a        0x2 
 .text.RTC_Handler
                0x0000000000004c9c       0x1c ./libraries/RTCZero/src/RTCZero.cpp.o
                0x0000000000004c9c                RTC_Handler
 .text._ZN7RTCZero10setSecondsEh
                0x0000000000004cb8       0x24 ./libraries/RTCZero/src/RTCZero.cpp.o
                0x0000000000004cb8                RTCZero::setSeconds(unsigned char)
 .text._ZN7RTCZero10setMinutesEh
                0x0000000000004cdc       0x28 ./libraries/RTCZero/src/RTCZero.cpp.o
                0x0000000000004cdc                RTCZero::setMinutes(unsigned char)
 .text._ZN7RTCZero8setHoursEh
                0x0000000000004d04       0x28 ./libraries/RTCZero/src/RTCZero.cpp.o
                0x0000000000004d04                RTCZero::setHours(unsigned char)
 .text._ZN7RTCZero7setTimeEhhh
                0x0000000000004d2c       0x26 ./libraries/RTCZero/src/RTCZero.cpp.o
                0x0000000000004d2c                RTCZero::setTime(unsigned char, unsigned char, unsigned char)
 *fill*         0x0000000000004d52        0x2 
 .text._ZN7RTCZero6setDayEh
                0x0000000000004d54       0x28 ./libraries/RTCZero/src/RTCZero.cpp.o
                0x0000000000004d54                RTCZero::setDay(unsigned char)
 .text._ZN7RTCZero8setMonthEh
                0x0000000000004d7c       0x28 ./libraries/RTCZero/src/RTCZero.cpp.o
                0x0000000000004d7c                RTCZero::setMonth(unsigned char)
 .text._ZN7RTCZero7setYearEh
                0x0000000000004da4       0x20 ./libraries/RTCZero/src/RTCZero.cpp.o
                0x0000000000004da4                RTCZero::setYear(unsigned char)
 .text._ZN7RTCZero7setDateEhhh
                0x0000000000004dc4       0x24 ./libraries/RTCZero/src/RTCZero.cpp.o
                0x0000000000004dc4                RTCZero::setDate(unsigned char, unsigned char, unsigned char)
 .text._ZN7RTCZero14configureClockEv
                0x0000000000004de8       0x3c ./libraries/RTCZero/src/RTCZero.cpp.o
                0x0000000000004de8                RTCZero::configureClock()
 .text._ZN7RTCZero14RTCreadRequestEv
                0x0000000000004e24       0x1c ./libraries/RTCZero/src/RTCZero.cpp.o
                0x0000000000004e24                RTCZero::RTCreadRequest()
 .text._ZN7RTCZero10getSecondsEv
                0x0000000000004e40       0x14 ./libraries/RTCZero/src/RTCZero.cpp.o
                0x0000000000004e40                RTCZero::getSeconds()
 .text._ZN7RTCZero10getMinutesEv
                0x0000000000004e54       0x14 ./libraries/RTCZero/src/RTCZero.cpp.o
                0x0000000000004e54                RTCZero::getMinutes()
 .text._ZN7RTCZero8getHoursEv
                0x0000000000004e68       0x14 ./libraries/RTCZero/src/RTCZero.cpp.o
                0x0000000000004e68                RTCZero::getHours()
 .text._ZN7RTCZero6getDayEv
                0x0000000000004e7c       0x14 ./libraries/RTCZero/src/RTCZero.cpp.o
                0x0000000000004e7c                RTCZero::getDay()
 .text._ZN7RTCZero8getMonthEv
                0x0000000000004e90       0x14 ./libraries/RTCZero/src/RTCZero.cpp.o
                0x0000000000004e90                RTCZero::getMonth()
 .text._ZN7RTCZero7getYearEv
                0x0000000000004ea4       0x14 ./libraries/RTCZero/src/RTCZero.cpp.o
                0x0000000000004ea4                RTCZero::getYear()
 .text._ZN7RTCZero10RTCdisableEv
                0x0000000000004eb8       0x18 ./libraries/RTCZero/src/RTCZero.cpp.o
                0x0000000000004eb8                RTCZero::RTCdisable()
 .text._ZN7RTCZero9RTCenableEv
                0x0000000000004ed0       0x18 ./libraries/RTCZero/src/RTCZero.cpp.o
                0x0000000000004ed0                RTCZero::RTCenable()
 .text._ZN7RTCZero8RTCresetEv
                0x0000000000004ee8       0x18 ./libraries/RTCZero/src/RTCZero.cpp.o
                0x0000000000004ee8                RTCZero::RTCreset()
 .text._ZN7RTCZero14RTCresetRemoveEv
                0x0000000000004f00       0x18 ./libraries/RTCZero/src/RTCZero.cpp.o
                0x0000000000004f00                RTCZero::RTCresetRemove()
 .text._ZN7RTCZero5beginEb
                0x0000000000004f18       0xd0 ./libraries/RTCZero/src/RTCZero.cpp.o
                0x0000000000004f18                RTCZero::begin(bool)
 .text._ZN15Adafruit_LIS3DH9getSensorEP8sensor_t
                0x0000000000004fe8       0x38 ./libraries/Adafruit_LIS3DH-master/Adafruit_LIS3DH.cpp.o
                0x0000000000004fe8                Adafruit_LIS3DH::getSensor(sensor_t*)
 .text._ZN7TwoWire5writeEi
                0x0000000000005020        0xc ./libraries/Adafruit_LIS3DH-master/Adafruit_LIS3DH.cpp.o
                0x0000000000005020                TwoWire::write(int)
 .text._ZN15Adafruit_LIS3DHC2Ea
                0x000000000000502c       0x24 ./libraries/Adafruit_LIS3DH-master/Adafruit_LIS3DH.cpp.o
                0x000000000000502c                Adafruit_LIS3DH::Adafruit_LIS3DH(signed char)
                0x000000000000502c                Adafruit_LIS3DH::Adafruit_LIS3DH(signed char)
 .text._ZN15Adafruit_LIS3DH7spixferEh
                0x0000000000005050       0x6c ./libraries/Adafruit_LIS3DH-master/Adafruit_LIS3DH.cpp.o
                0x0000000000005050                Adafruit_LIS3DH::spixfer(unsigned char)
 .text._ZN15Adafruit_LIS3DH14writeRegister8Ehh
                0x00000000000050bc       0x9c ./libraries/Adafruit_LIS3DH-master/Adafruit_LIS3DH.cpp.o
                0x00000000000050bc                Adafruit_LIS3DH::writeRegister8(unsigned char, unsigned char)
 .text._ZN15Adafruit_LIS3DH13readRegister8Eh
                0x0000000000005158       0xa0 ./libraries/Adafruit_LIS3DH-master/Adafruit_LIS3DH.cpp.o
                0x0000000000005158                Adafruit_LIS3DH::readRegister8(unsigned char)
 .text._ZN15Adafruit_LIS3DH8setRangeE14lis3dh_range_t
                0x00000000000051f8       0x22 ./libraries/Adafruit_LIS3DH-master/Adafruit_LIS3DH.cpp.o
                0x00000000000051f8                Adafruit_LIS3DH::setRange(lis3dh_range_t)
 .text._ZN15Adafruit_LIS3DH8getRangeEv
                0x000000000000521a        0xe ./libraries/Adafruit_LIS3DH-master/Adafruit_LIS3DH.cpp.o
                0x000000000000521a                Adafruit_LIS3DH::getRange()
 .text._ZN15Adafruit_LIS3DH4readEv
                0x0000000000005228      0x19c ./libraries/Adafruit_LIS3DH-master/Adafruit_LIS3DH.cpp.o
                0x0000000000005228                Adafruit_LIS3DH::read()
 .text._ZN15Adafruit_LIS3DH8getEventEP15sensors_event_t
                0x00000000000053c4       0x4c ./libraries/Adafruit_LIS3DH-master/Adafruit_LIS3DH.cpp.o
                0x00000000000053c4                Adafruit_LIS3DH::getEvent(sensors_event_t*)
 .text._ZN15Adafruit_LIS3DH11setDataRateE17lis3dh_dataRate_t
                0x0000000000005410       0x22 ./libraries/Adafruit_LIS3DH-master/Adafruit_LIS3DH.cpp.o
                0x0000000000005410                Adafruit_LIS3DH::setDataRate(lis3dh_dataRate_t)
 *fill*         0x0000000000005432        0x2 
 .text._ZN15Adafruit_LIS3DH5beginEh
                0x0000000000005434       0xa4 ./libraries/Adafruit_LIS3DH-master/Adafruit_LIS3DH.cpp.o
                0x0000000000005434                Adafruit_LIS3DH::begin(unsigned char)
 .text.SERCOM0_Handler
                0x00000000000054d8       0x10 /Users/DW/Google_Drive/Makeathon_Mine/Eclipse_Workspace/acc_logging/Release/arduino.ar(variant.cpp.o)
                0x00000000000054d8                SERCOM0_Handler
 .text.SERCOM5_Handler
                0x00000000000054e8       0x10 /Users/DW/Google_Drive/Makeathon_Mine/Eclipse_Workspace/acc_logging/Release/arduino.ar(variant.cpp.o)
                0x00000000000054e8                SERCOM5_Handler
 .text.startup._GLOBAL__sub_I_g_APinDescription
                0x00000000000054f8       0x94 /Users/DW/Google_Drive/Makeathon_Mine/Eclipse_Workspace/acc_logging/Release/arduino.ar(variant.cpp.o)
 .text._ZN7Serial_17availableForWriteEv
                0x000000000000558c        0x4 /Users/DW/Google_Drive/Makeathon_Mine/Eclipse_Workspace/acc_logging/Release/arduino.ar(CDC.cpp.o)
                0x000000000000558c                Serial_::availableForWrite()
 .text._ZN7Serial_5writeEh
                0x0000000000005590       0x14 /Users/DW/Google_Drive/Makeathon_Mine/Eclipse_Workspace/acc_logging/Release/arduino.ar(CDC.cpp.o)
                0x0000000000005590                Serial_::write(unsigned char)
 .text._ZN7Serial_9availableEv
                0x00000000000055a4        0xc /Users/DW/Google_Drive/Makeathon_Mine/Eclipse_Workspace/acc_logging/Release/arduino.ar(CDC.cpp.o)
                0x00000000000055a4                Serial_::available()
 .text._ZN7Serial_5flushEv
                0x00000000000055b0        0xc /Users/DW/Google_Drive/Makeathon_Mine/Eclipse_Workspace/acc_logging/Release/arduino.ar(CDC.cpp.o)
                0x00000000000055b0                Serial_::flush()
 .text._ZN7Serial_5writeEPKhj
                0x00000000000055bc       0x1c /Users/DW/Google_Drive/Makeathon_Mine/Eclipse_Workspace/acc_logging/Release/arduino.ar(CDC.cpp.o)
                0x00000000000055bc                Serial_::write(unsigned char const*, unsigned int)
 .text._ZN7Serial_4peekEv
                0x00000000000055d8       0x1c /Users/DW/Google_Drive/Makeathon_Mine/Eclipse_Workspace/acc_logging/Release/arduino.ar(CDC.cpp.o)
                0x00000000000055d8                Serial_::peek()
 .text._ZN7Serial_4readEv
                0x00000000000055f4       0x24 /Users/DW/Google_Drive/Makeathon_Mine/Eclipse_Workspace/acc_logging/Release/arduino.ar(CDC.cpp.o)
                0x00000000000055f4                Serial_::read()
 .text._Z16CDC_GetInterfacePh
                0x0000000000005618       0x1c /Users/DW/Google_Drive/Makeathon_Mine/Eclipse_Workspace/acc_logging/Release/arduino.ar(CDC.cpp.o)
                0x0000000000005618                CDC_GetInterface(unsigned char*)
 .text._Z9CDC_SetupR8USBSetup
                0x0000000000005634       0x80 /Users/DW/Google_Drive/Makeathon_Mine/Eclipse_Workspace/acc_logging/Release/arduino.ar(CDC.cpp.o)
                0x0000000000005634                CDC_Setup(USBSetup&)
 .text._ZN7Serial_5beginEm
                0x00000000000056b4        0x2 /Users/DW/Google_Drive/Makeathon_Mine/Eclipse_Workspace/acc_logging/Release/arduino.ar(CDC.cpp.o)
                0x00000000000056b4                Serial_::begin(unsigned long)
 *fill*         0x00000000000056b6        0x2 
 .text.startup._GLOBAL__sub_I__Z17_CDC_GetInterfacev
                0x00000000000056b8       0x28 /Users/DW/Google_Drive/Makeathon_Mine/Eclipse_Workspace/acc_logging/Release/arduino.ar(CDC.cpp.o)
 .text._ZN14USBDeviceClass6initEPEmm.part.4
                0x00000000000056e0       0x80 /Users/DW/Google_Drive/Makeathon_Mine/Eclipse_Workspace/acc_logging/Release/arduino.ar(USBCore.cpp.o)
 .text._ZN20USBDevice_SAMD21G18x5resetEv
                0x0000000000005760       0x28 /Users/DW/Google_Drive/Makeathon_Mine/Eclipse_Workspace/acc_logging/Release/arduino.ar(USBCore.cpp.o)
                0x0000000000005760                USBDevice_SAMD21G18x::reset()
 .text._ZN20USBDevice_SAMD21G18x9calibrateEv
                0x0000000000005788       0x5c /Users/DW/Google_Drive/Makeathon_Mine/Eclipse_Workspace/acc_logging/Release/arduino.ar(USBCore.cpp.o)
                0x0000000000005788                USBDevice_SAMD21G18x::calibrate()
 .text._ZN7__GuardC2Ev
                0x00000000000057e4        0xe /Users/DW/Google_Drive/Makeathon_Mine/Eclipse_Workspace/acc_logging/Release/arduino.ar(USBCore.cpp.o)
                0x00000000000057e4                __Guard::__Guard()
                0x00000000000057e4                __Guard::__Guard()
 .text._ZN7__GuardD2Ev
                0x00000000000057f2        0xe /Users/DW/Google_Drive/Makeathon_Mine/Eclipse_Workspace/acc_logging/Release/arduino.ar(USBCore.cpp.o)
                0x00000000000057f2                __Guard::~__Guard()
                0x00000000000057f2                __Guard::~__Guard()
 .text._ZNK26DoubleBufferedEPOutHandler9availableEv
                0x0000000000005800       0x5e /Users/DW/Google_Drive/Makeathon_Mine/Eclipse_Workspace/acc_logging/Release/arduino.ar(USBCore.cpp.o)
                0x0000000000005800                DoubleBufferedEPOutHandler::available() const
 *fill*         0x000000000000585e        0x2 
 .text._ZN26DoubleBufferedEPOutHandler7releaseEv
                0x0000000000005860       0x58 /Users/DW/Google_Drive/Makeathon_Mine/Eclipse_Workspace/acc_logging/Release/arduino.ar(USBCore.cpp.o)
                0x0000000000005860                DoubleBufferedEPOutHandler::release()
 .text._ZN26DoubleBufferedEPOutHandler4recvEPvm
                0x00000000000058b8      0x11c /Users/DW/Google_Drive/Makeathon_Mine/Eclipse_Workspace/acc_logging/Release/arduino.ar(USBCore.cpp.o)
                0x00000000000058b8                DoubleBufferedEPOutHandler::recv(void*, unsigned long)
 .text._ZN26DoubleBufferedEPOutHandler14handleEndpointEv
                0x00000000000059d4       0xc4 /Users/DW/Google_Drive/Makeathon_Mine/Eclipse_Workspace/acc_logging/Release/arduino.ar(USBCore.cpp.o)
                0x00000000000059d4                DoubleBufferedEPOutHandler::handleEndpoint()
 .text._ZN14USBDeviceClass14SendInterfacesEPm
                0x0000000000005a98       0x2c /Users/DW/Google_Drive/Makeathon_Mine/Eclipse_Workspace/acc_logging/Release/arduino.ar(USBCore.cpp.o)
                0x0000000000005a98                USBDeviceClass::SendInterfaces(unsigned long*)
 .text._ZN14USBDeviceClass14handleEndpointEh
                0x0000000000005ac4       0x40 /Users/DW/Google_Drive/Makeathon_Mine/Eclipse_Workspace/acc_logging/Release/arduino.ar(USBCore.cpp.o)
                0x0000000000005ac4                USBDeviceClass::handleEndpoint(unsigned char)
 .text._ZN14USBDeviceClass4initEv
                0x0000000000005b04       0xf0 /Users/DW/Google_Drive/Makeathon_Mine/Eclipse_Workspace/acc_logging/Release/arduino.ar(USBCore.cpp.o)
                0x0000000000005b04                USBDeviceClass::init()
 .text._ZN14USBDeviceClass6attachEv
                0x0000000000005bf4       0x34 /Users/DW/Google_Drive/Makeathon_Mine/Eclipse_Workspace/acc_logging/Release/arduino.ar(USBCore.cpp.o)
                0x0000000000005bf4                USBDeviceClass::attach()
 .text._ZN14USBDeviceClass10setAddressEm
                0x0000000000005c28       0x48 /Users/DW/Google_Drive/Makeathon_Mine/Eclipse_Workspace/acc_logging/Release/arduino.ar(USBCore.cpp.o)
                0x0000000000005c28                USBDeviceClass::setAddress(unsigned long)
 .text._ZN14USBDeviceClass25handleClassInterfaceSetupER8USBSetup
                0x0000000000005c70       0x40 /Users/DW/Google_Drive/Makeathon_Mine/Eclipse_Workspace/acc_logging/Release/arduino.ar(USBCore.cpp.o)
                0x0000000000005c70                USBDeviceClass::handleClassInterfaceSetup(USBSetup&)
 .text._ZN14USBDeviceClass6initEPEmm
                0x0000000000005cb0      0x128 /Users/DW/Google_Drive/Makeathon_Mine/Eclipse_Workspace/acc_logging/Release/arduino.ar(USBCore.cpp.o)
                0x0000000000005cb0                USBDeviceClass::initEP(unsigned long, unsigned long)
 .text._ZN14USBDeviceClass13initEndpointsEv
                0x0000000000005dd8       0x24 /Users/DW/Google_Drive/Makeathon_Mine/Eclipse_Workspace/acc_logging/Release/arduino.ar(USBCore.cpp.o)
                0x0000000000005dd8                USBDeviceClass::initEndpoints()
 .text._ZN14USBDeviceClass9availableEm
                0x0000000000005dfc       0x2c /Users/DW/Google_Drive/Makeathon_Mine/Eclipse_Workspace/acc_logging/Release/arduino.ar(USBCore.cpp.o)
                0x0000000000005dfc                USBDeviceClass::available(unsigned long)
 .text._ZN14USBDeviceClass5flushEm
                0x0000000000005e28       0x2c /Users/DW/Google_Drive/Makeathon_Mine/Eclipse_Workspace/acc_logging/Release/arduino.ar(USBCore.cpp.o)
                0x0000000000005e28                USBDeviceClass::flush(unsigned long)
 .text._ZN14USBDeviceClass14armRecvCtrlOUTEm
                0x0000000000005e54       0x60 /Users/DW/Google_Drive/Makeathon_Mine/Eclipse_Workspace/acc_logging/Release/arduino.ar(USBCore.cpp.o)
                0x0000000000005e54                USBDeviceClass::armRecvCtrlOUT(unsigned long)
 .text._ZN14USBDeviceClass11recvControlEPvm
                0x0000000000005eb4       0x3c /Users/DW/Google_Drive/Makeathon_Mine/Eclipse_Workspace/acc_logging/Release/arduino.ar(USBCore.cpp.o)
                0x0000000000005eb4                USBDeviceClass::recvControl(void*, unsigned long)
 .text._ZN14USBDeviceClass7armRecvEm
                0x0000000000005ef0       0x3c /Users/DW/Google_Drive/Makeathon_Mine/Eclipse_Workspace/acc_logging/Release/arduino.ar(USBCore.cpp.o)
                0x0000000000005ef0                USBDeviceClass::armRecv(unsigned long)
 .text._ZN14USBDeviceClass4recvEmPvm
                0x0000000000005f2c       0xd8 /Users/DW/Google_Drive/Makeathon_Mine/Eclipse_Workspace/acc_logging/Release/arduino.ar(USBCore.cpp.o)
                0x0000000000005f2c                USBDeviceClass::recv(unsigned long, void*, unsigned long)
 .text._ZN14USBDeviceClass4recvEm
                0x0000000000006004       0x1c /Users/DW/Google_Drive/Makeathon_Mine/Eclipse_Workspace/acc_logging/Release/arduino.ar(USBCore.cpp.o)
                0x0000000000006004                USBDeviceClass::recv(unsigned long)
 .text._ZN14USBDeviceClass4sendEmPKvm
                0x0000000000006020      0x124 /Users/DW/Google_Drive/Makeathon_Mine/Eclipse_Workspace/acc_logging/Release/arduino.ar(USBCore.cpp.o)
                0x0000000000006020                USBDeviceClass::send(unsigned long, void const*, unsigned long)
 .text._ZN14USBDeviceClass7armSendEmPKvm
                0x0000000000006144       0x48 /Users/DW/Google_Drive/Makeathon_Mine/Eclipse_Workspace/acc_logging/Release/arduino.ar(USBCore.cpp.o)
                0x0000000000006144                USBDeviceClass::armSend(unsigned long, void const*, unsigned long)
 .text._ZN14USBDeviceClass11sendControlEPKvm
                0x000000000000618c       0x58 /Users/DW/Google_Drive/Makeathon_Mine/Eclipse_Workspace/acc_logging/Release/arduino.ar(USBCore.cpp.o)
                0x000000000000618c                USBDeviceClass::sendControl(void const*, unsigned long)
 .text._ZN14USBDeviceClass20sendStringDescriptorEPKhh
                0x00000000000061e4       0x68 /Users/DW/Google_Drive/Makeathon_Mine/Eclipse_Workspace/acc_logging/Release/arduino.ar(USBCore.cpp.o)
                0x00000000000061e4                USBDeviceClass::sendStringDescriptor(unsigned char const*, unsigned char)
 .text._ZN14USBDeviceClass12packMessagesEb.part.6
                0x000000000000624c       0x20 /Users/DW/Google_Drive/Makeathon_Mine/Eclipse_Workspace/acc_logging/Release/arduino.ar(USBCore.cpp.o)
 .text._ZN14USBDeviceClass17sendConfigurationEm
                0x000000000000626c       0x90 /Users/DW/Google_Drive/Makeathon_Mine/Eclipse_Workspace/acc_logging/Release/arduino.ar(USBCore.cpp.o)
                0x000000000000626c                USBDeviceClass::sendConfiguration(unsigned long)
 .text._ZN14USBDeviceClass14sendDescriptorER8USBSetup
                0x00000000000062fc       0xb4 /Users/DW/Google_Drive/Makeathon_Mine/Eclipse_Workspace/acc_logging/Release/arduino.ar(USBCore.cpp.o)
                0x00000000000062fc                USBDeviceClass::sendDescriptor(USBSetup&)
 .text._ZN14USBDeviceClass19handleStandardSetupER8USBSetup
                0x00000000000063b0      0x118 /Users/DW/Google_Drive/Makeathon_Mine/Eclipse_Workspace/acc_logging/Release/arduino.ar(USBCore.cpp.o)
                0x00000000000063b0                USBDeviceClass::handleStandardSetup(USBSetup&)
 .text._ZN14USBDeviceClass10ISRHandlerEv
                0x00000000000064c8      0x150 /Users/DW/Google_Drive/Makeathon_Mine/Eclipse_Workspace/acc_logging/Release/arduino.ar(USBCore.cpp.o)
                0x00000000000064c8                USBDeviceClass::ISRHandler()
 .text.UDD_Handler
                0x0000000000006618       0x10 /Users/DW/Google_Drive/Makeathon_Mine/Eclipse_Workspace/acc_logging/Release/arduino.ar(USBCore.cpp.o)
                0x0000000000006618                UDD_Handler
 .text.startup._GLOBAL__sub_I__ZN20USBDevice_SAMD21G18x5resetEv
                0x0000000000006628       0x10 /Users/DW/Google_Drive/Makeathon_Mine/Eclipse_Workspace/acc_logging/Release/arduino.ar(USBCore.cpp.o)
 .text._ZN5Print5writeEPKhj
                0x0000000000006638       0x28 /Users/DW/Google_Drive/Makeathon_Mine/Eclipse_Workspace/acc_logging/Release/arduino.ar(Print.cpp.o)
                0x0000000000006638                Print::write(unsigned char const*, unsigned int)
 .text._ZN5Print5writeEPKc
                0x0000000000006660       0x1c /Users/DW/Google_Drive/Makeathon_Mine/Eclipse_Workspace/acc_logging/Release/arduino.ar(Print.cpp.o)
                0x0000000000006660                Print::write(char const*)
 .text._ZN5Print5printERK6String
                0x000000000000667c       0x10 /Users/DW/Google_Drive/Makeathon_Mine/Eclipse_Workspace/acc_logging/Release/arduino.ar(Print.cpp.o)
                0x000000000000667c                Print::print(String const&)
 .text._ZN5Print7printlnEv
                0x000000000000668c       0x10 /Users/DW/Google_Drive/Makeathon_Mine/Eclipse_Workspace/acc_logging/Release/arduino.ar(Print.cpp.o)
                0x000000000000668c                Print::println()
 .text._ZN5Print7printlnERK6String
                0x000000000000669c       0x14 /Users/DW/Google_Drive/Makeathon_Mine/Eclipse_Workspace/acc_logging/Release/arduino.ar(Print.cpp.o)
                0x000000000000669c                Print::println(String const&)
 .text._ZN5Print7printlnEPKc
                0x00000000000066b0       0x14 /Users/DW/Google_Drive/Makeathon_Mine/Eclipse_Workspace/acc_logging/Release/arduino.ar(Print.cpp.o)
                0x00000000000066b0                Print::println(char const*)
 .text.initiateReset
                0x00000000000066c4        0xc /Users/DW/Google_Drive/Makeathon_Mine/Eclipse_Workspace/acc_logging/Release/arduino.ar(Reset.cpp.o)
                0x00000000000066c4                initiateReset
 .text.cancelReset
                0x00000000000066d0       0x10 /Users/DW/Google_Drive/Makeathon_Mine/Eclipse_Workspace/acc_logging/Release/arduino.ar(Reset.cpp.o)
                0x00000000000066d0                cancelReset
 .text.tickReset
                0x00000000000066e0       0x74 /Users/DW/Google_Drive/Makeathon_Mine/Eclipse_Workspace/acc_logging/Release/arduino.ar(Reset.cpp.o)
                0x00000000000066e0                tickReset
 .text._ZN10RingBufferC2Ev
                0x0000000000006754       0x1a /Users/DW/Google_Drive/Makeathon_Mine/Eclipse_Workspace/acc_logging/Release/arduino.ar(RingBuffer.cpp.o)
                0x0000000000006754                RingBuffer::RingBuffer()
                0x0000000000006754                RingBuffer::RingBuffer()
 .text._ZN10RingBuffer10store_charEh
                0x000000000000676e       0x24 /Users/DW/Google_Drive/Makeathon_Mine/Eclipse_Workspace/acc_logging/Release/arduino.ar(RingBuffer.cpp.o)
                0x000000000000676e                RingBuffer::store_char(unsigned char)
 .text._ZN10RingBuffer5clearEv
                0x0000000000006792        0xe /Users/DW/Google_Drive/Makeathon_Mine/Eclipse_Workspace/acc_logging/Release/arduino.ar(RingBuffer.cpp.o)
                0x0000000000006792                RingBuffer::clear()
 .text._ZN10RingBuffer9read_charEv
                0x00000000000067a0       0x28 /Users/DW/Google_Drive/Makeathon_Mine/Eclipse_Workspace/acc_logging/Release/arduino.ar(RingBuffer.cpp.o)
                0x00000000000067a0                RingBuffer::read_char()
 .text._ZN10RingBuffer9availableEv
                0x00000000000067c8       0x12 /Users/DW/Google_Drive/Makeathon_Mine/Eclipse_Workspace/acc_logging/Release/arduino.ar(RingBuffer.cpp.o)
                0x00000000000067c8                RingBuffer::available()
 .text._ZN10RingBuffer4peekEv
                0x00000000000067da       0x1a /Users/DW/Google_Drive/Makeathon_Mine/Eclipse_Workspace/acc_logging/Release/arduino.ar(RingBuffer.cpp.o)
                0x00000000000067da                RingBuffer::peek()
 .text._ZN10RingBuffer6isFullEv
                0x00000000000067f4       0x20 /Users/DW/Google_Drive/Makeathon_Mine/Eclipse_Workspace/acc_logging/Release/arduino.ar(RingBuffer.cpp.o)
                0x00000000000067f4                RingBuffer::isFull()
 .text._ZN6SERCOMC2EP6Sercom
                0x0000000000006814        0x4 /Users/DW/Google_Drive/Makeathon_Mine/Eclipse_Workspace/acc_logging/Release/arduino.ar(SERCOM.cpp.o)
                0x0000000000006814                SERCOM::SERCOM(Sercom*)
                0x0000000000006814                SERCOM::SERCOM(Sercom*)
 .text._ZN6SERCOM9initFrameE18SercomUartCharSize15SercomDataOrder16SercomParityMode19SercomNumberStopBit
                0x0000000000006818       0x38 /Users/DW/Google_Drive/Makeathon_Mine/Eclipse_Workspace/acc_logging/Release/arduino.ar(SERCOM.cpp.o)
                0x0000000000006818                SERCOM::initFrame(SercomUartCharSize, SercomDataOrder, SercomParityMode, SercomNumberStopBit)
 .text._ZN6SERCOM8initPadsE15SercomUartTXPad11SercomRXPad
                0x0000000000006850       0x26 /Users/DW/Google_Drive/Makeathon_Mine/Eclipse_Workspace/acc_logging/Release/arduino.ar(SERCOM.cpp.o)
                0x0000000000006850                SERCOM::initPads(SercomUartTXPad, SercomRXPad)
 .text._ZN6SERCOM9resetUARTEv
                0x0000000000006876       0x1c /Users/DW/Google_Drive/Makeathon_Mine/Eclipse_Workspace/acc_logging/Release/arduino.ar(SERCOM.cpp.o)
                0x0000000000006876                SERCOM::resetUART()
 .text._ZN6SERCOM10enableUARTEv
                0x0000000000006892       0x14 /Users/DW/Google_Drive/Makeathon_Mine/Eclipse_Workspace/acc_logging/Release/arduino.ar(SERCOM.cpp.o)
                0x0000000000006892                SERCOM::enableUART()
 .text._ZN6SERCOM9flushUARTEv
                0x00000000000068a6       0x10 /Users/DW/Google_Drive/Makeathon_Mine/Eclipse_Workspace/acc_logging/Release/arduino.ar(SERCOM.cpp.o)
                0x00000000000068a6                SERCOM::flushUART()
 .text._ZN6SERCOM15clearStatusUARTEv
                0x00000000000068b6        0x8 /Users/DW/Google_Drive/Makeathon_Mine/Eclipse_Workspace/acc_logging/Release/arduino.ar(SERCOM.cpp.o)
                0x00000000000068b6                SERCOM::clearStatusUART()
 .text._ZN6SERCOM17availableDataUARTEv
                0x00000000000068be        0xa /Users/DW/Google_Drive/Makeathon_Mine/Eclipse_Workspace/acc_logging/Release/arduino.ar(SERCOM.cpp.o)
                0x00000000000068be                SERCOM::availableDataUART()
 .text._ZN6SERCOM11isUARTErrorEv
                0x00000000000068c8        0x8 /Users/DW/Google_Drive/Makeathon_Mine/Eclipse_Workspace/acc_logging/Release/arduino.ar(SERCOM.cpp.o)
                0x00000000000068c8                SERCOM::isUARTError()
 .text._ZN6SERCOM20acknowledgeUARTErrorEv
                0x00000000000068d0        0xe /Users/DW/Google_Drive/Makeathon_Mine/Eclipse_Workspace/acc_logging/Release/arduino.ar(SERCOM.cpp.o)
                0x00000000000068d0                SERCOM::acknowledgeUARTError()
 .text._ZN6SERCOM12readDataUARTEv
                0x00000000000068de        0x8 /Users/DW/Google_Drive/Makeathon_Mine/Eclipse_Workspace/acc_logging/Release/arduino.ar(SERCOM.cpp.o)
                0x00000000000068de                SERCOM::readDataUART()
 .text._ZN6SERCOM13writeDataUARTEh
                0x00000000000068e6        0xe /Users/DW/Google_Drive/Makeathon_Mine/Eclipse_Workspace/acc_logging/Release/arduino.ar(SERCOM.cpp.o)
                0x00000000000068e6                SERCOM::writeDataUART(unsigned char)
 .text._ZN6SERCOM12initSPIClockE18SercomSpiClockModem
                0x00000000000068f4       0x30 /Users/DW/Google_Drive/Makeathon_Mine/Eclipse_Workspace/acc_logging/Release/arduino.ar(SERCOM.cpp.o)
                0x00000000000068f4                SERCOM::initSPIClock(SercomSpiClockMode, unsigned long)
 .text._ZN6SERCOM8resetSPIEv
                0x0000000000006924       0x1c /Users/DW/Google_Drive/Makeathon_Mine/Eclipse_Workspace/acc_logging/Release/arduino.ar(SERCOM.cpp.o)
                0x0000000000006924                SERCOM::resetSPI()
 .text._ZN6SERCOM9enableSPIEv
                0x0000000000006940       0x14 /Users/DW/Google_Drive/Makeathon_Mine/Eclipse_Workspace/acc_logging/Release/arduino.ar(SERCOM.cpp.o)
                0x0000000000006940                SERCOM::enableSPI()
 .text._ZN6SERCOM10disableSPIEv
                0x0000000000006954       0x12 /Users/DW/Google_Drive/Makeathon_Mine/Eclipse_Workspace/acc_logging/Release/arduino.ar(SERCOM.cpp.o)
                0x0000000000006954                SERCOM::disableSPI()
 .text._ZN6SERCOM15transferDataSPIEh
                0x0000000000006966       0x1a /Users/DW/Google_Drive/Makeathon_Mine/Eclipse_Workspace/acc_logging/Release/arduino.ar(SERCOM.cpp.o)
                0x0000000000006966                SERCOM::transferDataSPI(unsigned char)
 .text._ZN6SERCOM9resetWIREEv
                0x0000000000006980       0x1c /Users/DW/Google_Drive/Makeathon_Mine/Eclipse_Workspace/acc_logging/Release/arduino.ar(SERCOM.cpp.o)
                0x0000000000006980                SERCOM::resetWIRE()
 .text._ZN6SERCOM10enableWIREEv
                0x000000000000699c       0x28 /Users/DW/Google_Drive/Makeathon_Mine/Eclipse_Workspace/acc_logging/Release/arduino.ar(SERCOM.cpp.o)
                0x000000000000699c                SERCOM::enableWIRE()
 .text._ZN6SERCOM18prepareNackBitWIREEv
                0x00000000000069c4       0x10 /Users/DW/Google_Drive/Makeathon_Mine/Eclipse_Workspace/acc_logging/Release/arduino.ar(SERCOM.cpp.o)
                0x00000000000069c4                SERCOM::prepareNackBitWIRE()
 .text._ZN6SERCOM17prepareAckBitWIREEv
                0x00000000000069d4       0x14 /Users/DW/Google_Drive/Makeathon_Mine/Eclipse_Workspace/acc_logging/Release/arduino.ar(SERCOM.cpp.o)
                0x00000000000069d4                SERCOM::prepareAckBitWIRE()
 .text._ZN6SERCOM22prepareCommandBitsWireEh
                0x00000000000069e8       0x2c /Users/DW/Google_Drive/Makeathon_Mine/Eclipse_Workspace/acc_logging/Release/arduino.ar(SERCOM.cpp.o)
                0x00000000000069e8                SERCOM::prepareCommandBitsWire(unsigned char)
 .text._ZN6SERCOM21startTransmissionWIREEh23SercomWireReadWriteFlag
                0x0000000000006a14       0x5e /Users/DW/Google_Drive/Makeathon_Mine/Eclipse_Workspace/acc_logging/Release/arduino.ar(SERCOM.cpp.o)
                0x0000000000006a14                SERCOM::startTransmissionWIRE(unsigned char, SercomWireReadWriteFlag)
 .text._ZN6SERCOM18sendDataMasterWIREEh
                0x0000000000006a72       0x22 /Users/DW/Google_Drive/Makeathon_Mine/Eclipse_Workspace/acc_logging/Release/arduino.ar(SERCOM.cpp.o)
                0x0000000000006a72                SERCOM::sendDataMasterWIRE(unsigned char)
 .text._ZN6SERCOM17sendDataSlaveWIREEh
                0x0000000000006a94       0x1a /Users/DW/Google_Drive/Makeathon_Mine/Eclipse_Workspace/acc_logging/Release/arduino.ar(SERCOM.cpp.o)
                0x0000000000006a94                SERCOM::sendDataSlaveWIRE(unsigned char)
 .text._ZN6SERCOM11isSlaveWIREEv
                0x0000000000006aae       0x12 /Users/DW/Google_Drive/Makeathon_Mine/Eclipse_Workspace/acc_logging/Release/arduino.ar(SERCOM.cpp.o)
                0x0000000000006aae                SERCOM::isSlaveWIRE()
 .text._ZN6SERCOM15isDataReadyWIREEv
                0x0000000000006ac0        0xa /Users/DW/Google_Drive/Makeathon_Mine/Eclipse_Workspace/acc_logging/Release/arduino.ar(SERCOM.cpp.o)
                0x0000000000006ac0                SERCOM::isDataReadyWIRE()
 .text._ZN6SERCOM18isStopDetectedWIREEv
                0x0000000000006aca        0xa /Users/DW/Google_Drive/Makeathon_Mine/Eclipse_Workspace/acc_logging/Release/arduino.ar(SERCOM.cpp.o)
                0x0000000000006aca                SERCOM::isStopDetectedWIRE()
 .text._ZN6SERCOM21isRestartDetectedWIREEv
                0x0000000000006ad4        0xa /Users/DW/Google_Drive/Makeathon_Mine/Eclipse_Workspace/acc_logging/Release/arduino.ar(SERCOM.cpp.o)
                0x0000000000006ad4                SERCOM::isRestartDetectedWIRE()
 .text._ZN6SERCOM14isAddressMatchEv
                0x0000000000006ade        0xa /Users/DW/Google_Drive/Makeathon_Mine/Eclipse_Workspace/acc_logging/Release/arduino.ar(SERCOM.cpp.o)
                0x0000000000006ade                SERCOM::isAddressMatch()
 .text._ZN6SERCOM25isMasterReadOperationWIREEv
                0x0000000000006ae8        0xa /Users/DW/Google_Drive/Makeathon_Mine/Eclipse_Workspace/acc_logging/Release/arduino.ar(SERCOM.cpp.o)
                0x0000000000006ae8                SERCOM::isMasterReadOperationWIRE()
 .text._ZN6SERCOM12readDataWIREEv
                0x0000000000006af2       0x1a /Users/DW/Google_Drive/Makeathon_Mine/Eclipse_Workspace/acc_logging/Release/arduino.ar(SERCOM.cpp.o)
                0x0000000000006af2                SERCOM::readDataWIRE()
 .text._ZN6SERCOM13initClockNVICEv
                0x0000000000006b0c       0xac /Users/DW/Google_Drive/Makeathon_Mine/Eclipse_Workspace/acc_logging/Release/arduino.ar(SERCOM.cpp.o)
                0x0000000000006b0c                SERCOM::initClockNVIC()
 .text._ZN6SERCOM8initUARTE14SercomUartMode20SercomUartSampleRatem
                0x0000000000006bb8       0x6c /Users/DW/Google_Drive/Makeathon_Mine/Eclipse_Workspace/acc_logging/Release/arduino.ar(SERCOM.cpp.o)
                0x0000000000006bb8                SERCOM::initUART(SercomUartMode, SercomUartSampleRate, unsigned long)
 .text._ZN6SERCOM7initSPIE14SercomSpiTXPad11SercomRXPad17SercomSpiCharSize15SercomDataOrder
                0x0000000000006c24       0x48 /Users/DW/Google_Drive/Makeathon_Mine/Eclipse_Workspace/acc_logging/Release/arduino.ar(SERCOM.cpp.o)
                0x0000000000006c24                SERCOM::initSPI(SercomSpiTXPad, SercomRXPad, SercomSpiCharSize, SercomDataOrder)
 .text._ZN6SERCOM14initMasterWIREEm
                0x0000000000006c6c       0x38 /Users/DW/Google_Drive/Makeathon_Mine/Eclipse_Workspace/acc_logging/Release/arduino.ar(SERCOM.cpp.o)
                0x0000000000006c6c                SERCOM::initMasterWIRE(unsigned long)
 .text._ZN4UartcvbEv
                0x0000000000006ca4        0x4 /Users/DW/Google_Drive/Makeathon_Mine/Eclipse_Workspace/acc_logging/Release/arduino.ar(Uart.cpp.o)
                0x0000000000006ca4                Uart::operator bool()
 .text._ZN4Uart5beginEm
                0x0000000000006ca8       0x10 /Users/DW/Google_Drive/Makeathon_Mine/Eclipse_Workspace/acc_logging/Release/arduino.ar(Uart.cpp.o)
                0x0000000000006ca8                Uart::begin(unsigned long)
 .text._ZN4Uart3endEv
                0x0000000000006cb8       0x14 /Users/DW/Google_Drive/Makeathon_Mine/Eclipse_Workspace/acc_logging/Release/arduino.ar(Uart.cpp.o)
                0x0000000000006cb8                Uart::end()
 .text._ZN4Uart5flushEv
                0x0000000000006ccc        0xa /Users/DW/Google_Drive/Makeathon_Mine/Eclipse_Workspace/acc_logging/Release/arduino.ar(Uart.cpp.o)
                0x0000000000006ccc                Uart::flush()
 .text._ZN4Uart9availableEv
                0x0000000000006cd6        0xa /Users/DW/Google_Drive/Makeathon_Mine/Eclipse_Workspace/acc_logging/Release/arduino.ar(Uart.cpp.o)
                0x0000000000006cd6                Uart::available()
 .text._ZN4Uart4peekEv
                0x0000000000006ce0        0xa /Users/DW/Google_Drive/Makeathon_Mine/Eclipse_Workspace/acc_logging/Release/arduino.ar(Uart.cpp.o)
                0x0000000000006ce0                Uart::peek()
 .text._ZN4Uart4readEv
                0x0000000000006cea        0xa /Users/DW/Google_Drive/Makeathon_Mine/Eclipse_Workspace/acc_logging/Release/arduino.ar(Uart.cpp.o)
                0x0000000000006cea                Uart::read()
 .text._ZN4Uart5writeEh
                0x0000000000006cf4        0xc /Users/DW/Google_Drive/Makeathon_Mine/Eclipse_Workspace/acc_logging/Release/arduino.ar(Uart.cpp.o)
                0x0000000000006cf4                Uart::write(unsigned char)
 .text._ZN4UartC2EP6SERCOMhh11SercomRXPad15SercomUartTXPad
                0x0000000000006d00       0x48 /Users/DW/Google_Drive/Makeathon_Mine/Eclipse_Workspace/acc_logging/Release/arduino.ar(Uart.cpp.o)
                0x0000000000006d00                Uart::Uart(SERCOM*, unsigned char, unsigned char, SercomRXPad, SercomUartTXPad)
                0x0000000000006d00                Uart::Uart(SERCOM*, unsigned char, unsigned char, SercomRXPad, SercomUartTXPad)
 .text._ZN4Uart10IrqHandlerEv
                0x0000000000006d48       0x36 /Users/DW/Google_Drive/Makeathon_Mine/Eclipse_Workspace/acc_logging/Release/arduino.ar(Uart.cpp.o)
                0x0000000000006d48                Uart::IrqHandler()
 .text._ZN4Uart16extractNbStopBitEt
                0x0000000000006d7e        0xe /Users/DW/Google_Drive/Makeathon_Mine/Eclipse_Workspace/acc_logging/Release/arduino.ar(Uart.cpp.o)
                0x0000000000006d7e                Uart::extractNbStopBit(unsigned short)
 .text._ZN4Uart15extractCharSizeEt
                0x0000000000006d8c       0x2c /Users/DW/Google_Drive/Makeathon_Mine/Eclipse_Workspace/acc_logging/Release/arduino.ar(Uart.cpp.o)
                0x0000000000006d8c                Uart::extractCharSize(unsigned short)
 .text._ZN4Uart13extractParityEt
                0x0000000000006db8       0x18 /Users/DW/Google_Drive/Makeathon_Mine/Eclipse_Workspace/acc_logging/Release/arduino.ar(Uart.cpp.o)
                0x0000000000006db8                Uart::extractParity(unsigned short)
 .text._ZN4Uart5beginEmt
                0x0000000000006dd0       0x88 /Users/DW/Google_Drive/Makeathon_Mine/Eclipse_Workspace/acc_logging/Release/arduino.ar(Uart.cpp.o)
                0x0000000000006dd0                Uart::begin(unsigned long, unsigned short)
 .text.attachInterrupt
                0x0000000000006e58      0x104 /Users/DW/Google_Drive/Makeathon_Mine/Eclipse_Workspace/acc_logging/Release/arduino.ar(WInterrupts.c.o)
                0x0000000000006e58                attachInterrupt
 .text.EIC_Handler
                0x0000000000006f5c       0x30 /Users/DW/Google_Drive/Makeathon_Mine/Eclipse_Workspace/acc_logging/Release/arduino.ar(WInterrupts.c.o)
                0x0000000000006f5c                EIC_Handler
 .text._Z3maplllll
                0x0000000000006f8c       0x16 /Users/DW/Google_Drive/Makeathon_Mine/Eclipse_Workspace/acc_logging/Release/arduino.ar(WMath.cpp.o)
                0x0000000000006f8c                map(long, long, long, long, long)
 .text._ZNK6String14StringIfHelperEv
                0x0000000000006fa2        0x2 /Users/DW/Google_Drive/Makeathon_Mine/Eclipse_Workspace/acc_logging/Release/arduino.ar(WString.cpp.o)
                0x0000000000006fa2                String::StringIfHelper() const
 .text._ZN6StringD2Ev
                0x0000000000006fa4        0xe /Users/DW/Google_Drive/Makeathon_Mine/Eclipse_Workspace/acc_logging/Release/arduino.ar(WString.cpp.o)
                0x0000000000006fa4                String::~String()
                0x0000000000006fa4                String::~String()
 .text._ZN6String10invalidateEv
                0x0000000000006fb2       0x18 /Users/DW/Google_Drive/Makeathon_Mine/Eclipse_Workspace/acc_logging/Release/arduino.ar(WString.cpp.o)
                0x0000000000006fb2                String::invalidate()
 .text._ZN6String12changeBufferEj
                0x0000000000006fca       0x18 /Users/DW/Google_Drive/Makeathon_Mine/Eclipse_Workspace/acc_logging/Release/arduino.ar(WString.cpp.o)
                0x0000000000006fca                String::changeBuffer(unsigned int)
 .text._ZN6String7reserveEj
                0x0000000000006fe2       0x28 /Users/DW/Google_Drive/Makeathon_Mine/Eclipse_Workspace/acc_logging/Release/arduino.ar(WString.cpp.o)
                0x0000000000006fe2                String::reserve(unsigned int)
 .text._ZN6String4copyEPKcj
                0x000000000000700a       0x28 /Users/DW/Google_Drive/Makeathon_Mine/Eclipse_Workspace/acc_logging/Release/arduino.ar(WString.cpp.o)
                0x000000000000700a                String::copy(char const*, unsigned int)
 .text._ZN6StringC2EPKc
                0x0000000000007032       0x26 /Users/DW/Google_Drive/Makeathon_Mine/Eclipse_Workspace/acc_logging/Release/arduino.ar(WString.cpp.o)
                0x0000000000007032                String::String(char const*)
                0x0000000000007032                String::String(char const*)
 .text._ZN6String4moveERS_
                0x0000000000007058       0x4c /Users/DW/Google_Drive/Makeathon_Mine/Eclipse_Workspace/acc_logging/Release/arduino.ar(WString.cpp.o)
                0x0000000000007058                String::move(String&)
 .text._ZN6StringaSERKS_
                0x00000000000070a4       0x20 /Users/DW/Google_Drive/Makeathon_Mine/Eclipse_Workspace/acc_logging/Release/arduino.ar(WString.cpp.o)
                0x00000000000070a4                String::operator=(String const&)
 .text._ZN6StringC2ERKS_
                0x00000000000070c4       0x14 /Users/DW/Google_Drive/Makeathon_Mine/Eclipse_Workspace/acc_logging/Release/arduino.ar(WString.cpp.o)
                0x00000000000070c4                String::String(String const&)
                0x00000000000070c4                String::String(String const&)
 .text._ZN6StringaSEOS_
                0x00000000000070d8       0x10 /Users/DW/Google_Drive/Makeathon_Mine/Eclipse_Workspace/acc_logging/Release/arduino.ar(WString.cpp.o)
                0x00000000000070d8                String::operator=(String&&)
 .text._ZN6StringaSEPKc
                0x00000000000070e8       0x22 /Users/DW/Google_Drive/Makeathon_Mine/Eclipse_Workspace/acc_logging/Release/arduino.ar(WString.cpp.o)
                0x00000000000070e8                String::operator=(char const*)
 .text._ZN6StringC2Eih
                0x000000000000710a       0x24 /Users/DW/Google_Drive/Makeathon_Mine/Eclipse_Workspace/acc_logging/Release/arduino.ar(WString.cpp.o)
                0x000000000000710a                String::String(int, unsigned char)
                0x000000000000710a                String::String(int, unsigned char)
 .text._ZN6StringC2Edh
                0x000000000000712e       0x34 /Users/DW/Google_Drive/Makeathon_Mine/Eclipse_Workspace/acc_logging/Release/arduino.ar(WString.cpp.o)
                0x000000000000712e                String::String(double, unsigned char)
                0x000000000000712e                String::String(double, unsigned char)
 .text._ZN6String6concatEPKcj
                0x0000000000007162       0x32 /Users/DW/Google_Drive/Makeathon_Mine/Eclipse_Workspace/acc_logging/Release/arduino.ar(WString.cpp.o)
                0x0000000000007162                String::concat(char const*, unsigned int)
 .text._ZN6String6concatERKS_
                0x0000000000007194        0xe /Users/DW/Google_Drive/Makeathon_Mine/Eclipse_Workspace/acc_logging/Release/arduino.ar(WString.cpp.o)
                0x0000000000007194                String::concat(String const&)
 .text._ZN6String6concatEh
                0x00000000000071a2       0x20 /Users/DW/Google_Drive/Makeathon_Mine/Eclipse_Workspace/acc_logging/Release/arduino.ar(WString.cpp.o)
                0x00000000000071a2                String::concat(unsigned char)
 .text._ZplRK15StringSumHelperRK6String
                0x00000000000071c2       0x1c /Users/DW/Google_Drive/Makeathon_Mine/Eclipse_Workspace/acc_logging/Release/arduino.ar(WString.cpp.o)
                0x00000000000071c2                operator+(StringSumHelper const&, String const&)
 .text._ZplRK15StringSumHelperPKc
                0x00000000000071de       0x26 /Users/DW/Google_Drive/Makeathon_Mine/Eclipse_Workspace/acc_logging/Release/arduino.ar(WString.cpp.o)
                0x00000000000071de                operator+(StringSumHelper const&, char const*)
 .text._ZplRK15StringSumHelperh
                0x0000000000007204       0x16 /Users/DW/Google_Drive/Makeathon_Mine/Eclipse_Workspace/acc_logging/Release/arduino.ar(WString.cpp.o)
                0x0000000000007204                operator+(StringSumHelper const&, unsigned char)
 .text.__cxa_pure_virtual
                0x000000000000721a        0x2 /Users/DW/Google_Drive/Makeathon_Mine/Eclipse_Workspace/acc_logging/Release/arduino.ar(abi.cpp.o)
                0x000000000000721a                __cxa_pure_virtual
 .text.Dummy_Handler
                0x000000000000721c        0x2 /Users/DW/Google_Drive/Makeathon_Mine/Eclipse_Workspace/acc_logging/Release/arduino.ar(cortex_handlers.c.o)
                0x000000000000721c                SYSCTRL_Handler
                0x000000000000721c                HardFault_Handler
                0x000000000000721c                AC_Handler
                0x000000000000721c                PendSV_Handler
                0x000000000000721c                NMI_Handler
                0x000000000000721c                TC7_Handler
                0x000000000000721c                SERCOM1_Handler
                0x000000000000721c                ADC_Handler
                0x000000000000721c                TCC1_Handler
                0x000000000000721c                SERCOM2_Handler
                0x000000000000721c                TCC0_Handler
                0x000000000000721c                TC6_Handler
                0x000000000000721c                WDT_Handler
                0x000000000000721c                TC4_Handler
                0x000000000000721c                Dummy_Handler
                0x000000000000721c                PM_Handler
                0x000000000000721c                SVC_Handler
                0x000000000000721c                TCC2_Handler
                0x000000000000721c                EVSYS_Handler
                0x000000000000721c                SERCOM4_Handler
                0x000000000000721c                I2S_Handler
                0x000000000000721c                NVMCTRL_Handler
                0x000000000000721c                DAC_Handler
                0x000000000000721c                PTC_Handler
                0x000000000000721c                DMAC_Handler
 *fill*         0x000000000000721e        0x2 
 .text.USB_Handler
                0x0000000000007220       0x14 /Users/DW/Google_Drive/Makeathon_Mine/Eclipse_Workspace/acc_logging/Release/arduino.ar(cortex_handlers.c.o)
                0x0000000000007220                USB_Handler
 .text.Reset_Handler
                0x0000000000007234       0x54 /Users/DW/Google_Drive/Makeathon_Mine/Eclipse_Workspace/acc_logging/Release/arduino.ar(cortex_handlers.c.o)
                0x0000000000007234                Reset_Handler
 .text.SysTick_Handler
                0x0000000000007288       0x10 /Users/DW/Google_Drive/Makeathon_Mine/Eclipse_Workspace/acc_logging/Release/arduino.ar(cortex_handlers.c.o)
                0x0000000000007288                SysTick_Handler
 .text.USB_SetHandler
                0x0000000000007298        0xc /Users/DW/Google_Drive/Makeathon_Mine/Eclipse_Workspace/acc_logging/Release/arduino.ar(cortex_handlers.c.o)
                0x0000000000007298                USB_SetHandler
 .text.millis   0x00000000000072a4        0xc /Users/DW/Google_Drive/Makeathon_Mine/Eclipse_Workspace/acc_logging/Release/arduino.ar(delay.c.o)
                0x00000000000072a4                millis
 .text.delay    0x00000000000072b0       0x20 /Users/DW/Google_Drive/Makeathon_Mine/Eclipse_Workspace/acc_logging/Release/arduino.ar(delay.c.o)
                0x00000000000072b0                delay
 .text.SysTick_DefaultHandler
                0x00000000000072d0       0x14 /Users/DW/Google_Drive/Makeathon_Mine/Eclipse_Workspace/acc_logging/Release/arduino.ar(delay.c.o)
                0x00000000000072d0                SysTick_DefaultHandler
 .text.__empty  0x00000000000072e4        0x2 /Users/DW/Google_Drive/Makeathon_Mine/Eclipse_Workspace/acc_logging/Release/arduino.ar(hooks.c.o)
                0x00000000000072e4                yield
 .text.__false  0x00000000000072e6        0x4 /Users/DW/Google_Drive/Makeathon_Mine/Eclipse_Workspace/acc_logging/Release/arduino.ar(hooks.c.o)
                0x00000000000072e6                sysTickHook
 .text.ltoa     0x00000000000072ea       0x8a /Users/DW/Google_Drive/Makeathon_Mine/Eclipse_Workspace/acc_logging/Release/arduino.ar(itoa.c.o)
                0x00000000000072ea                ltoa
 .text.itoa     0x0000000000007374        0x8 /Users/DW/Google_Drive/Makeathon_Mine/Eclipse_Workspace/acc_logging/Release/arduino.ar(itoa.c.o)
                0x0000000000007374                itoa
 .text._Z11initVariantv
                0x000000000000737c        0x2 /Users/DW/Google_Drive/Makeathon_Mine/Eclipse_Workspace/acc_logging/Release/arduino.ar(main.cpp.o)
                0x000000000000737c                initVariant()
 *fill*         0x000000000000737e        0x2 
 .text.startup.main
                0x0000000000007380       0x40 /Users/DW/Google_Drive/Makeathon_Mine/Eclipse_Workspace/acc_logging/Release/arduino.ar(main.cpp.o)
                0x0000000000007380                main
 .text._Znwj    0x00000000000073c0        0x8 /Users/DW/Google_Drive/Makeathon_Mine/Eclipse_Workspace/acc_logging/Release/arduino.ar(new.cpp.o)
                0x00000000000073c0                operator new(unsigned int)
 .text._ZdlPv   0x00000000000073c8        0x8 /Users/DW/Google_Drive/Makeathon_Mine/Eclipse_Workspace/acc_logging/Release/arduino.ar(new.cpp.o)
                0x00000000000073c8                operator delete(void*)
 .text.SystemInit
                0x00000000000073d0      0x168 /Users/DW/Google_Drive/Makeathon_Mine/Eclipse_Workspace/acc_logging/Release/arduino.ar(startup.c.o)
                0x00000000000073d0                SystemInit
 .text.init     0x0000000000007538       0xf0 /Users/DW/Google_Drive/Makeathon_Mine/Eclipse_Workspace/acc_logging/Release/arduino.ar(wiring.c.o)
                0x0000000000007538                init
 .text.analogReference
                0x0000000000007628       0x5c /Users/DW/Google_Drive/Makeathon_Mine/Eclipse_Workspace/acc_logging/Release/arduino.ar(wiring_analog.c.o)
                0x0000000000007628                analogReference
 .text.pinMode  0x0000000000007684       0xb4 /Users/DW/Google_Drive/Makeathon_Mine/Eclipse_Workspace/acc_logging/Release/arduino.ar(wiring_digital.c.o)
                0x0000000000007684                pinMode
 .text.digitalWrite
                0x0000000000007738       0x60 /Users/DW/Google_Drive/Makeathon_Mine/Eclipse_Workspace/acc_logging/Release/arduino.ar(wiring_digital.c.o)
                0x0000000000007738                digitalWrite
 .text.digitalRead
                0x0000000000007798       0x30 /Users/DW/Google_Drive/Makeathon_Mine/Eclipse_Workspace/acc_logging/Release/arduino.ar(wiring_digital.c.o)
                0x0000000000007798                digitalRead
 .text.pinPeripheral
                0x00000000000077c8       0xc4 /Users/DW/Google_Drive/Makeathon_Mine/Eclipse_Workspace/acc_logging/Release/arduino.ar(wiring_private.c.o)
                0x00000000000077c8                pinPeripheral
 .text.dtostrf  0x000000000000788c       0x28 /Users/DW/Google_Drive/Makeathon_Mine/Eclipse_Workspace/acc_logging/Release/arduino.ar(dtostrf.c.o)
                0x000000000000788c                dtostrf
 .text._ZN13PluggableUSB_12getInterfaceEPh
                0x00000000000078b4       0x2a /Users/DW/Google_Drive/Makeathon_Mine/Eclipse_Workspace/acc_logging/Release/arduino.ar(PluggableUSB.cpp.o)
                0x00000000000078b4                PluggableUSB_::getInterface(unsigned char*)
 .text._ZN13PluggableUSB_13getDescriptorER8USBSetup
                0x00000000000078de       0x20 /Users/DW/Google_Drive/Makeathon_Mine/Eclipse_Workspace/acc_logging/Release/arduino.ar(PluggableUSB.cpp.o)
                0x00000000000078de                PluggableUSB_::getDescriptor(USBSetup&)
 .text._ZN13PluggableUSB_12getShortNameEPc
                0x00000000000078fe       0x1e /Users/DW/Google_Drive/Makeathon_Mine/Eclipse_Workspace/acc_logging/Release/arduino.ar(PluggableUSB.cpp.o)
                0x00000000000078fe                PluggableUSB_::getShortName(char*)
 .text._ZN13PluggableUSB_5setupER8USBSetup
                0x000000000000791c       0x24 /Users/DW/Google_Drive/Makeathon_Mine/Eclipse_Workspace/acc_logging/Release/arduino.ar(PluggableUSB.cpp.o)
                0x000000000000791c                PluggableUSB_::setup(USBSetup&)
 .text._Z12PluggableUSBv
                0x0000000000007940       0x24 /Users/DW/Google_Drive/Makeathon_Mine/Eclipse_Workspace/acc_logging/Release/arduino.ar(PluggableUSB.cpp.o)
                0x0000000000007940                PluggableUSB()
 *fill*         0x0000000000007964        0x4 
 .text.cos      0x0000000000007968       0xa8 /Applications/sloeber.app/Contents/Eclipse/arduinoPlugin/packages/arduino/tools/arm-none-eabi-gcc/4.8.3-2014q1/bin/../lib/gcc/arm-none-eabi/4.8.3/../../../../arm-none-eabi/lib/armv6-m/libm.a(lib_a-s_cos.o)
                0x0000000000007968                cos
 .text.__fpclassifyd
                0x0000000000007a10       0x60 /Applications/sloeber.app/Contents/Eclipse/arduinoPlugin/packages/arduino/tools/arm-none-eabi-gcc/4.8.3-2014q1/bin/../lib/gcc/arm-none-eabi/4.8.3/../../../../arm-none-eabi/lib/armv6-m/libm.a(lib_a-s_fpclassify.o)
                0x0000000000007a10                __fpclassifyd
 .text.sin      0x0000000000007a70       0xb0 /Applications/sloeber.app/Contents/Eclipse/arduinoPlugin/packages/arduino/tools/arm-none-eabi-gcc/4.8.3-2014q1/bin/../lib/gcc/arm-none-eabi/4.8.3/../../../../arm-none-eabi/lib/armv6-m/libm.a(lib_a-s_sin.o)
                0x0000000000007a70                sin
 .text.asin     0x0000000000007b20       0xb8 /Applications/sloeber.app/Contents/Eclipse/arduinoPlugin/packages/arduino/tools/arm-none-eabi-gcc/4.8.3-2014q1/bin/../lib/gcc/arm-none-eabi/4.8.3/../../../../arm-none-eabi/lib/armv6-m/libm.a(lib_a-w_asin.o)
                0x0000000000007b20                asin
 .text.sqrt     0x0000000000007bd8       0xc0 /Applications/sloeber.app/Contents/Eclipse/arduinoPlugin/packages/arduino/tools/arm-none-eabi-gcc/4.8.3-2014q1/bin/../lib/gcc/arm-none-eabi/4.8.3/../../../../arm-none-eabi/lib/armv6-m/libm.a(lib_a-w_sqrt.o)
                0x0000000000007bd8                sqrt
 .text.__ieee754_asin
                0x0000000000007c98      0x448 /Applications/sloeber.app/Contents/Eclipse/arduinoPlugin/packages/arduino/tools/arm-none-eabi-gcc/4.8.3-2014q1/bin/../lib/gcc/arm-none-eabi/4.8.3/../../../../arm-none-eabi/lib/armv6-m/libm.a(lib_a-e_asin.o)
                0x0000000000007c98                __ieee754_asin
 .text.__ieee754_rem_pio2
                0x00000000000080e0      0x478 /Applications/sloeber.app/Contents/Eclipse/arduinoPlugin/packages/arduino/tools/arm-none-eabi-gcc/4.8.3-2014q1/bin/../lib/gcc/arm-none-eabi/4.8.3/../../../../arm-none-eabi/lib/armv6-m/libm.a(lib_a-e_rem_pio2.o)
                0x00000000000080e0                __ieee754_rem_pio2
 .text.__ieee754_sqrt
                0x0000000000008558      0x1cc /Applications/sloeber.app/Contents/Eclipse/arduinoPlugin/packages/arduino/tools/arm-none-eabi-gcc/4.8.3-2014q1/bin/../lib/gcc/arm-none-eabi/4.8.3/../../../../arm-none-eabi/lib/armv6-m/libm.a(lib_a-e_sqrt.o)
                0x0000000000008558                __ieee754_sqrt
 *fill*         0x0000000000008724        0x4 
 .text.__kernel_cos
                0x0000000000008728      0x248 /Applications/sloeber.app/Contents/Eclipse/arduinoPlugin/packages/arduino/tools/arm-none-eabi-gcc/4.8.3-2014q1/bin/../lib/gcc/arm-none-eabi/4.8.3/../../../../arm-none-eabi/lib/armv6-m/libm.a(lib_a-k_cos.o)
                0x0000000000008728                __kernel_cos
 .text.__kernel_rem_pio2
                0x0000000000008970      0x830 /Applications/sloeber.app/Contents/Eclipse/arduinoPlugin/packages/arduino/tools/arm-none-eabi-gcc/4.8.3-2014q1/bin/../lib/gcc/arm-none-eabi/4.8.3/../../../../arm-none-eabi/lib/armv6-m/libm.a(lib_a-k_rem_pio2.o)
                0x0000000000008970                __kernel_rem_pio2
 .text.__kernel_sin
                0x00000000000091a0      0x158 /Applications/sloeber.app/Contents/Eclipse/arduinoPlugin/packages/arduino/tools/arm-none-eabi-gcc/4.8.3-2014q1/bin/../lib/gcc/arm-none-eabi/4.8.3/../../../../arm-none-eabi/lib/armv6-m/libm.a(lib_a-k_sin.o)
                0x00000000000091a0                __kernel_sin
 .text.fabs     0x00000000000092f8        0x8 /Applications/sloeber.app/Contents/Eclipse/arduinoPlugin/packages/arduino/tools/arm-none-eabi-gcc/4.8.3-2014q1/bin/../lib/gcc/arm-none-eabi/4.8.3/../../../../arm-none-eabi/lib/armv6-m/libm.a(lib_a-s_fabs.o)
                0x00000000000092f8                fabs
 .text.floor    0x0000000000009300      0x170 /Applications/sloeber.app/Contents/Eclipse/arduinoPlugin/packages/arduino/tools/arm-none-eabi-gcc/4.8.3-2014q1/bin/../lib/gcc/arm-none-eabi/4.8.3/../../../../arm-none-eabi/lib/armv6-m/libm.a(lib_a-s_floor.o)
                0x0000000000009300                floor
 .text.matherr  0x0000000000009470        0x4 /Applications/sloeber.app/Contents/Eclipse/arduinoPlugin/packages/arduino/tools/arm-none-eabi-gcc/4.8.3-2014q1/bin/../lib/gcc/arm-none-eabi/4.8.3/../../../../arm-none-eabi/lib/armv6-m/libm.a(lib_a-s_matherr.o)
                0x0000000000009470                matherr
 *fill*         0x0000000000009474        0x4 
 .text.nan      0x0000000000009478       0x10 /Applications/sloeber.app/Contents/Eclipse/arduinoPlugin/packages/arduino/tools/arm-none-eabi-gcc/4.8.3-2014q1/bin/../lib/gcc/arm-none-eabi/4.8.3/../../../../arm-none-eabi/lib/armv6-m/libm.a(lib_a-s_nan.o)
                0x0000000000009478                nan
 .text.scalbn   0x0000000000009488      0x110 /Applications/sloeber.app/Contents/Eclipse/arduinoPlugin/packages/arduino/tools/arm-none-eabi-gcc/4.8.3-2014q1/bin/../lib/gcc/arm-none-eabi/4.8.3/../../../../arm-none-eabi/lib/armv6-m/libm.a(lib_a-s_scalbn.o)
                0x0000000000009488                scalbn
 .text.copysign
                0x0000000000009598       0x10 /Applications/sloeber.app/Contents/Eclipse/arduinoPlugin/packages/arduino/tools/arm-none-eabi-gcc/4.8.3-2014q1/bin/../lib/gcc/arm-none-eabi/4.8.3/../../../../arm-none-eabi/lib/armv6-m/libm.a(lib_a-s_copysign.o)
                0x0000000000009598                copysign
 .text          0x00000000000095a8       0x14 /Applications/sloeber.app/Contents/Eclipse/arduinoPlugin/packages/arduino/tools/arm-none-eabi-gcc/4.8.3-2014q1/bin/../lib/gcc/arm-none-eabi/4.8.3/armv6-m/libgcc.a(_thumb1_case_uqi.o)
                0x00000000000095a8                __gnu_thumb1_case_uqi
 .text          0x00000000000095bc       0x9c /Applications/sloeber.app/Contents/Eclipse/arduinoPlugin/packages/arduino/tools/arm-none-eabi-gcc/4.8.3-2014q1/bin/../lib/gcc/arm-none-eabi/4.8.3/armv6-m/libgcc.a(_udivsi3.o)
                0x00000000000095bc                __udivsi3
                0x00000000000095bc                __aeabi_uidiv
                0x0000000000009644                __aeabi_uidivmod
 .text          0x0000000000009658       0xc0 /Applications/sloeber.app/Contents/Eclipse/arduinoPlugin/packages/arduino/tools/arm-none-eabi-gcc/4.8.3-2014q1/bin/../lib/gcc/arm-none-eabi/4.8.3/armv6-m/libgcc.a(_divsi3.o)
                0x0000000000009658                __aeabi_idiv
                0x0000000000009658                __divsi3
                0x0000000000009704                __aeabi_idivmod
 .text          0x0000000000009718        0x4 /Applications/sloeber.app/Contents/Eclipse/arduinoPlugin/packages/arduino/tools/arm-none-eabi-gcc/4.8.3-2014q1/bin/../lib/gcc/arm-none-eabi/4.8.3/armv6-m/libgcc.a(_dvmd_tls.o)
                0x0000000000009718                __aeabi_ldiv0
                0x0000000000009718                __aeabi_idiv0
 .text          0x000000000000971c       0x7c /Applications/sloeber.app/Contents/Eclipse/arduinoPlugin/packages/arduino/tools/arm-none-eabi-gcc/4.8.3-2014q1/bin/../lib/gcc/arm-none-eabi/4.8.3/armv6-m/libgcc.a(_arm_cmpdf2.o)
                0x000000000000971c                __aeabi_cdrcmple
                0x000000000000972c                __aeabi_cdcmple
                0x000000000000972c                __aeabi_cdcmpeq
                0x000000000000973c                __aeabi_dcmpeq
                0x0000000000009748                __aeabi_dcmplt
                0x000000000000975c                __aeabi_dcmple
                0x0000000000009770                __aeabi_dcmpgt
                0x0000000000009784                __aeabi_dcmpge
 .text          0x0000000000009798      0x24c /Applications/sloeber.app/Contents/Eclipse/arduinoPlugin/packages/arduino/tools/arm-none-eabi-gcc/4.8.3-2014q1/bin/../lib/gcc/arm-none-eabi/4.8.3/armv6-m/libgcc.a(divsf3.o)
                0x0000000000009798                __aeabi_fdiv
 .text          0x00000000000099e4      0x254 /Applications/sloeber.app/Contents/Eclipse/arduinoPlugin/packages/arduino/tools/arm-none-eabi-gcc/4.8.3-2014q1/bin/../lib/gcc/arm-none-eabi/4.8.3/armv6-m/libgcc.a(mulsf3.o)
                0x00000000000099e4                __aeabi_fmul
 .text          0x0000000000009c38       0xb8 /Applications/sloeber.app/Contents/Eclipse/arduinoPlugin/packages/arduino/tools/arm-none-eabi-gcc/4.8.3-2014q1/bin/../lib/gcc/arm-none-eabi/4.8.3/armv6-m/libgcc.a(floatsisf.o)
                0x0000000000009c38                __aeabi_i2f
 .text          0x0000000000009cf0      0x638 /Applications/sloeber.app/Contents/Eclipse/arduinoPlugin/packages/arduino/tools/arm-none-eabi-gcc/4.8.3-2014q1/bin/../lib/gcc/arm-none-eabi/4.8.3/armv6-m/libgcc.a(adddf3.o)
                0x0000000000009cf0                __aeabi_dadd
 .text          0x000000000000a328      0x648 /Applications/sloeber.app/Contents/Eclipse/arduinoPlugin/packages/arduino/tools/arm-none-eabi-gcc/4.8.3-2014q1/bin/../lib/gcc/arm-none-eabi/4.8.3/armv6-m/libgcc.a(divdf3.o)
                0x000000000000a328                __aeabi_ddiv
 .text          0x000000000000a970       0x94 /Applications/sloeber.app/Contents/Eclipse/arduinoPlugin/packages/arduino/tools/arm-none-eabi-gcc/4.8.3-2014q1/bin/../lib/gcc/arm-none-eabi/4.8.3/armv6-m/libgcc.a(eqdf2.o)
                0x000000000000a970                __eqdf2
                0x000000000000a970                __nedf2
 .text          0x000000000000aa04       0xfc /Applications/sloeber.app/Contents/Eclipse/arduinoPlugin/packages/arduino/tools/arm-none-eabi-gcc/4.8.3-2014q1/bin/../lib/gcc/arm-none-eabi/4.8.3/armv6-m/libgcc.a(gedf2.o)
                0x000000000000aa04                __gtdf2
                0x000000000000aa04                __gedf2
 .text          0x000000000000ab00       0xfc /Applications/sloeber.app/Contents/Eclipse/arduinoPlugin/packages/arduino/tools/arm-none-eabi-gcc/4.8.3-2014q1/bin/../lib/gcc/arm-none-eabi/4.8.3/armv6-m/libgcc.a(ledf2.o)
                0x000000000000ab00                __ltdf2
                0x000000000000ab00                __ledf2
 .text          0x000000000000abfc      0x520 /Applications/sloeber.app/Contents/Eclipse/arduinoPlugin/packages/arduino/tools/arm-none-eabi-gcc/4.8.3-2014q1/bin/../lib/gcc/arm-none-eabi/4.8.3/armv6-m/libgcc.a(muldf3.o)
                0x000000000000abfc                __aeabi_dmul
 .text          0x000000000000b11c      0x654 /Applications/sloeber.app/Contents/Eclipse/arduinoPlugin/packages/arduino/tools/arm-none-eabi-gcc/4.8.3-2014q1/bin/../lib/gcc/arm-none-eabi/4.8.3/armv6-m/libgcc.a(subdf3.o)
                0x000000000000b11c                __aeabi_dsub
 .text          0x000000000000b770       0x68 /Applications/sloeber.app/Contents/Eclipse/arduinoPlugin/packages/arduino/tools/arm-none-eabi-gcc/4.8.3-2014q1/bin/../lib/gcc/arm-none-eabi/4.8.3/armv6-m/libgcc.a(fixdfsi.o)
                0x000000000000b770                __aeabi_d2iz
 .text          0x000000000000b7d8       0x7c /Applications/sloeber.app/Contents/Eclipse/arduinoPlugin/packages/arduino/tools/arm-none-eabi-gcc/4.8.3-2014q1/bin/../lib/gcc/arm-none-eabi/4.8.3/armv6-m/libgcc.a(floatsidf.o)
                0x000000000000b7d8                __aeabi_i2d
 .text          0x000000000000b854       0x68 /Applications/sloeber.app/Contents/Eclipse/arduinoPlugin/packages/arduino/tools/arm-none-eabi-gcc/4.8.3-2014q1/bin/../lib/gcc/arm-none-eabi/4.8.3/armv6-m/libgcc.a(floatunsidf.o)
                0x000000000000b854                __aeabi_ui2d
 .text          0x000000000000b8bc       0x3c /Applications/sloeber.app/Contents/Eclipse/arduinoPlugin/packages/arduino/tools/arm-none-eabi-gcc/4.8.3-2014q1/bin/../lib/gcc/arm-none-eabi/4.8.3/armv6-m/libgcc.a(_clzsi2.o)
                0x000000000000b8bc                __clzsi2
 .text.__aeabi_atexit
                0x000000000000b8f8        0xe /Applications/sloeber.app/Contents/Eclipse/arduinoPlugin/packages/arduino/tools/arm-none-eabi-gcc/4.8.3-2014q1/bin/../lib/gcc/arm-none-eabi/4.8.3/../../../../arm-none-eabi/lib/armv6-m/libc_s.a(lib_a-aeabi_atexit.o)
                0x000000000000b8f8                __aeabi_atexit
 *fill*         0x000000000000b906        0x2 
 .text.__cxa_atexit
                0x000000000000b908       0x20 /Applications/sloeber.app/Contents/Eclipse/arduinoPlugin/packages/arduino/tools/arm-none-eabi-gcc/4.8.3-2014q1/bin/../lib/gcc/arm-none-eabi/4.8.3/../../../../arm-none-eabi/lib/armv6-m/libc_s.a(lib_a-cxa_atexit.o)
                0x000000000000b908                __cxa_atexit
 .text.__errno  0x000000000000b928        0xc /Applications/sloeber.app/Contents/Eclipse/arduinoPlugin/packages/arduino/tools/arm-none-eabi-gcc/4.8.3-2014q1/bin/../lib/gcc/arm-none-eabi/4.8.3/../../../../arm-none-eabi/lib/armv6-m/libc_s.a(lib_a-errno.o)
                0x000000000000b928                __errno
 .text.__libc_init_array